Archive member included to satisfy reference by file (symbol)

/usr/lib/gcc/arm-none-eabi/13.2.1/thumb/v6-m/nofp/libgcc.a(_dvmd_tls.o)
                              CMakeFiles/SCTR_EstacionMeteorologica.dir/usr/local/src/rpico/pico-sdk/src/rp2_common/pico_divider/divider_hardware.S.o (__aeabi_idiv0)
/usr/lib/gcc/arm-none-eabi/13.2.1/../../../arm-none-eabi/lib/thumb/v6-m/nofp/libg.a(libc_a-calloc.o)
                              CMakeFiles/SCTR_EstacionMeteorologica.dir/usr/local/src/rpico/pico-sdk/src/rp2_common/pico_malloc/malloc.c.o (calloc)
/usr/lib/gcc/arm-none-eabi/13.2.1/../../../arm-none-eabi/lib/thumb/v6-m/nofp/libg.a(libc_a-impure.o)
                              /usr/lib/gcc/arm-none-eabi/13.2.1/../../../arm-none-eabi/lib/thumb/v6-m/nofp/libg.a(libc_a-calloc.o) (_impure_ptr)
/usr/lib/gcc/arm-none-eabi/13.2.1/../../../arm-none-eabi/lib/thumb/v6-m/nofp/libg.a(libc_a-callocr.o)
                              /usr/lib/gcc/arm-none-eabi/13.2.1/../../../arm-none-eabi/lib/thumb/v6-m/nofp/libg.a(libc_a-calloc.o) (_calloc_r)
/usr/lib/gcc/arm-none-eabi/13.2.1/../../../arm-none-eabi/lib/thumb/v6-m/nofp/libg.a(libc_a-realloc.o)
                              CMakeFiles/SCTR_EstacionMeteorologica.dir/usr/local/src/rpico/pico-sdk/src/rp2_common/pico_malloc/malloc.c.o (realloc)
/usr/lib/gcc/arm-none-eabi/13.2.1/../../../arm-none-eabi/lib/thumb/v6-m/nofp/libg.a(libc_a-mallocr.o)
                              /usr/lib/gcc/arm-none-eabi/13.2.1/../../../arm-none-eabi/lib/thumb/v6-m/nofp/libg.a(libc_a-callocr.o) (_malloc_r)
/usr/lib/gcc/arm-none-eabi/13.2.1/../../../arm-none-eabi/lib/thumb/v6-m/nofp/libg.a(libc_a-freer.o)
                              /usr/lib/gcc/arm-none-eabi/13.2.1/../../../arm-none-eabi/lib/thumb/v6-m/nofp/libg.a(libc_a-mallocr.o) (_free_r)
/usr/lib/gcc/arm-none-eabi/13.2.1/../../../arm-none-eabi/lib/thumb/v6-m/nofp/libg.a(libc_a-memcmp.o)
                              CMakeFiles/SCTR_EstacionMeteorologica.dir/usr/local/src/rpico/pico-sdk/src/rp2_common/pico_atomic/atomic.c.o (memcmp)
/usr/lib/gcc/arm-none-eabi/13.2.1/../../../arm-none-eabi/lib/thumb/v6-m/nofp/libg.a(libc_a-malloc.o)
                              CMakeFiles/SCTR_EstacionMeteorologica.dir/usr/local/src/rpico/pico-sdk/src/rp2_common/pico_malloc/malloc.c.o (malloc)
/usr/lib/gcc/arm-none-eabi/13.2.1/../../../arm-none-eabi/lib/thumb/v6-m/nofp/libg.a(libc_a-sysconf.o)
                              /usr/lib/gcc/arm-none-eabi/13.2.1/../../../arm-none-eabi/lib/thumb/v6-m/nofp/libg.a(libc_a-mallocr.o) (sysconf)
/usr/lib/gcc/arm-none-eabi/13.2.1/../../../arm-none-eabi/lib/thumb/v6-m/nofp/libg.a(libc_a-init.o)
                              /usr/lib/gcc/arm-none-eabi/13.2.1/../../../arm-none-eabi/lib/thumb/v6-m/nofp/crt0.o (__libc_init_array)
/usr/lib/gcc/arm-none-eabi/13.2.1/../../../arm-none-eabi/lib/thumb/v6-m/nofp/libg.a(libc_a-reallocr.o)
                              /usr/lib/gcc/arm-none-eabi/13.2.1/../../../arm-none-eabi/lib/thumb/v6-m/nofp/libg.a(libc_a-realloc.o) (_realloc_r)
/usr/lib/gcc/arm-none-eabi/13.2.1/../../../arm-none-eabi/lib/thumb/v6-m/nofp/libg.a(libc_a-mktime.o)
                              CMakeFiles/SCTR_EstacionMeteorologica.dir/usr/local/src/rpico/pico-sdk/src/common/pico_util/datetime.c.o (mktime)
/usr/lib/gcc/arm-none-eabi/13.2.1/../../../arm-none-eabi/lib/thumb/v6-m/nofp/libg.a(libc_a-mlock.o)
                              /usr/lib/gcc/arm-none-eabi/13.2.1/../../../arm-none-eabi/lib/thumb/v6-m/nofp/libg.a(libc_a-mallocr.o) (__malloc_lock)
/usr/lib/gcc/arm-none-eabi/13.2.1/../../../arm-none-eabi/lib/thumb/v6-m/nofp/libg.a(libc_a-findfp.o)
                              /usr/lib/gcc/arm-none-eabi/13.2.1/../../../arm-none-eabi/lib/thumb/v6-m/nofp/libg.a(libc_a-impure.o) (__sf)
/usr/lib/gcc/arm-none-eabi/13.2.1/../../../arm-none-eabi/lib/thumb/v6-m/nofp/libg.a(libc_a-tzlock.o)
                              /usr/lib/gcc/arm-none-eabi/13.2.1/../../../arm-none-eabi/lib/thumb/v6-m/nofp/libg.a(libc_a-mktime.o) (__tz_lock)
/usr/lib/gcc/arm-none-eabi/13.2.1/../../../arm-none-eabi/lib/thumb/v6-m/nofp/libg.a(libc_a-atexit.o)
                              /usr/lib/gcc/arm-none-eabi/13.2.1/../../../arm-none-eabi/lib/thumb/v6-m/nofp/crt0.o (atexit)
/usr/lib/gcc/arm-none-eabi/13.2.1/../../../arm-none-eabi/lib/thumb/v6-m/nofp/libg.a(libc_a-lcltime_r.o)
                              CMakeFiles/SCTR_EstacionMeteorologica.dir/usr/local/src/rpico/pico-sdk/src/common/pico_util/datetime.c.o (localtime_r)
/usr/lib/gcc/arm-none-eabi/13.2.1/../../../arm-none-eabi/lib/thumb/v6-m/nofp/libg.a(libc_a-strlen-stub.o)
                              CMakeFiles/SCTR_EstacionMeteorologica.dir/usr/local/src/rpico/pico-sdk/src/rp2_common/pico_stdio/stdio.c.o (strlen)
/usr/lib/gcc/arm-none-eabi/13.2.1/../../../arm-none-eabi/lib/thumb/v6-m/nofp/libg.a(libc_a-sbrkr.o)
                              /usr/lib/gcc/arm-none-eabi/13.2.1/../../../arm-none-eabi/lib/thumb/v6-m/nofp/libg.a(libc_a-mallocr.o) (_sbrk_r)
[...]
Memory Configuration

Name             Origin             Length             Attributes
FLASH            0x10000000         0x00200000         xr
RAM              0x20000000         0x00040000         xrw
SCRATCH_X        0x20040000         0x00001000         xrw
SCRATCH_Y        0x20041000         0x00001000         xrw
*default*        0x00000000         0xffffffff

Linker script and memory map

LOAD /usr/lib/gcc/arm-none-eabi/13.2.1/thumb/v6-m/nofp/crti.o
LOAD /usr/lib/gcc/arm-none-eabi/13.2.1/thumb/v6-m/nofp/crtbegin.o
LOAD /usr/lib/gcc/arm-none-eabi/13.2.1/../../../arm-none-eabi/lib/thumb/v6-m/nofp/crt0.o

.flash_begin    0x10000000        0x0
                0x10000000                        __flash_binary_start = .

.boot2          0x10000000      0x100
                0x10000000                        __boot2_start__ = .
 *(.boot2)
 .boot2         0x10000000      0x100 pico-sdk/src/rp2040/boot_stage2/CMakeFiles/bs2_default_library.dir/bs2_default_padded_checksummed.S.o
                0x10000100                        __boot2_end__ = .
                0x00000001                        ASSERT (((__boot2_end__ - __boot2_start__) == 0x100), ERROR: Pico second stage bootloader must be 256 bytes in size)

.text           0x10000100     0x80d8
                0x10000100                        __logical_binary_start = .
 *(.vectors)
 .vectors       0x10000100       0xd4 CMakeFiles/SCTR_EstacionMeteorologica.dir/usr/local/src/rpico/pico-sdk/src/rp2_common/pico_crt0/crt0.S.o
                0x10000100                __vectors
                0x10000100                __VECTOR_TABLE
                0x100001c0                isr_irq30
                0x100001c0                __unhandled_user_irq
                0x100001c0                isr_irq13
                0x100001c0                isr_irq27
                0x100001c0                isr_irq31
                0x100001c0                isr_irq5
                0x100001c0                isr_irq11
                0x100001c0                isr_irq23
                0x100001c0                isr_irq18
                0x100001c0                isr_irq28
                0x100001c0                isr_irq19
                0x100001c0                isr_irq0
                0x100001c0                isr_irq6
                0x100001c0                isr_irq22
                0x100001c0                isr_irq17
                0x100001c0                isr_irq14
                0x100001c0                __vectors_end
                0x100001c0                __default_isrs_start
                0x100001c0                isr_irq2
                0x100001c0                isr_irq10
                0x100001c0                isr_irq8
                0x100001c0                isr_irq24
                0x100001c0                isr_irq1
                0x100001c0                isr_irq7
                0x100001c0                isr_irq21
                0x100001c0                isr_irq20
                0x100001c0                isr_irq15
                0x100001c0                isr_irq25
                0x100001c0                isr_irq4
                0x100001c0                isr_irq16
                0x100001c0                isr_irq29
                0x100001c0                isr_irq26
                0x100001c0                isr_irq3
                0x100001c0                isr_irq12
                0x100001c0                isr_irq9
                0x100001c6                unhandled_user_irq_num_in_r0
                0x100001c8                isr_invalid
                0x100001ca                isr_nmi
                0x100001cc                isr_hardfault
                0x100001ce                isr_svcall
                0x100001d0                isr_pendsv
                0x100001d2                isr_systick
                0x100001d4                __default_isrs_end
 *(.binary_info_header)
 .binary_info_header
                0x100001d4       0x14 CMakeFiles/SCTR_EstacionMeteorologica.dir/usr/local/src/rpico/pico-sdk/src/rp2_common/pico_crt0/crt0.S.o
                0x100001e8                        __binary_info_header_end = .
 *(.embedded_block)
                0x100001e8                        __embedded_block_end = .
 *(.reset)
 .reset         0x100001e8       0x9c CMakeFiles/SCTR_EstacionMeteorologica.dir/usr/local/src/rpico/pico-sdk/src/rp2_common/pico_crt0/crt0.S.o
                0x100001e8                _entry_point
 *(.init)
 .init          0x10000284        0x4 /usr/lib/gcc/arm-none-eabi/13.2.1/thumb/v6-m/nofp/crti.o
                0x10000284                _init
 *(EXCLUDE_FILE(*libm.a: *libc.a:*lib_a-mem*.o *libgcc.a:) .text*)
 .text          0x10000288       0x98 /usr/lib/gcc/arm-none-eabi/13.2.1/thumb/v6-m/nofp/crtbegin.o
 .text.trans_temp
                0x10000320       0x1c CMakeFiles/SCTR_EstacionMeteorologica.dir/main5.c.o
 .text.trans_humedad
                0x1000033c       0x1c CMakeFiles/SCTR_EstacionMeteorologica.dir/main5.c.o
 .text.startup.main
                0x10000358      0x2a4 CMakeFiles/SCTR_EstacionMeteorologica.dir/main5.c.o
                0x10000358                main
 .text.DHT20_init
                0x100005fc       0xd4 CMakeFiles/SCTR_EstacionMeteorologica.dir/DHT20/DHT20.c.o
                0x100005fc                DHT20_init
 .text.convert  0x100006d0      0x10c CMakeFiles/SCTR_EstacionMeteorologica.dir/DHT20/DHT20.c.o
                0x100006d0                convert
 .text.getMeasurement
                0x100007dc      0x110 CMakeFiles/SCTR_EstacionMeteorologica.dir/DHT20/DHT20.c.o
                0x100007dc                getMeasurement
 .text.getHumidity
                0x100008ec        0xc CMakeFiles/SCTR_EstacionMeteorologica.dir/DHT20/DHT20.c.o
                0x100008ec                getHumidity
 .text.getTemperature
                0x100008f8        0xc CMakeFiles/SCTR_EstacionMeteorologica.dir/DHT20/DHT20.c.o
                0x100008f8                getTemperature
 .text.ssd1306_draw_char_with_font.part.0
                0x10000904      0x160 CMakeFiles/SCTR_EstacionMeteorologica.dir/ssd1306/ssd1306.c.o
 .text.ssd1306_init
                0x10000a64      0x144 CMakeFiles/SCTR_EstacionMeteorologica.dir/ssd1306/ssd1306.c.o
                0x10000a64                ssd1306_init
 .text.ssd1306_clear
                0x10000ba8       0x10 CMakeFiles/SCTR_EstacionMeteorologica.dir/ssd1306/ssd1306.c.o
                0x10000ba8                ssd1306_clear
 .text.ssd1306_draw_string
                0x10000bb8       0x68 CMakeFiles/SCTR_EstacionMeteorologica.dir/ssd1306/ssd1306.c.o
                0x10000bb8                ssd1306_draw_string
 .text.ssd1306_show
                0x10000c20       0xd0 CMakeFiles/SCTR_EstacionMeteorologica.dir/ssd1306/ssd1306.c.o
                0x10000c20                ssd1306_show
 .text.gpio_set_function
                0x10000cf0       0x34 CMakeFiles/SCTR_EstacionMeteorologica.dir/usr/local/src/rpico/pico-sdk/src/rp2_common/hardware_gpio/gpio.c.o
                0x10000cf0                gpio_set_function
 .text.gpio_set_pulls
                0x10000d24       0x28 CMakeFiles/SCTR_EstacionMeteorologica.dir/usr/local/src/rpico/pico-sdk/src/rp2_common/hardware_gpio/gpio.c.o
                0x10000d24                gpio_set_pulls
 .text.rp2040_chip_version
                0x10000d4c        0xc CMakeFiles/SCTR_EstacionMeteorologica.dir/usr/local/src/rpico/pico-sdk/src/rp2040/pico_platform/platform.c.o
                0x10000d4c                rp2040_chip_version
 .text.panic    0x10000d58       0x30 CMakeFiles/SCTR_EstacionMeteorologica.dir/usr/local/src/rpico/pico-sdk/src/rp2_common/pico_platform_panic/panic.c.o
                0x10000d58                panic
 .text.hw_claim_or_assert
                0x10000d88       0x44 CMakeFiles/SCTR_EstacionMeteorologica.dir/usr/local/src/rpico/pico-sdk/src/common/hardware_claim/claim.c.o
                0x10000d88                hw_claim_or_assert
 .text.hw_claim_unused_from_range
                0x10000dcc       0x9c CMakeFiles/SCTR_EstacionMeteorologica.dir/usr/local/src/rpico/pico-sdk/src/common/hardware_claim/claim.c.o
                0x10000dcc                hw_claim_unused_from_range
 .text.next_striped_spin_lock_num
                0x10000e68       0x18 CMakeFiles/SCTR_EstacionMeteorologica.dir/usr/local/src/rpico/pico-sdk/src/rp2_common/hardware_sync/sync.c.o
                0x10000e68                next_striped_spin_lock_num
 .text.spin_lock_claim_unused
                0x10000e80       0x24 CMakeFiles/SCTR_EstacionMeteorologica.dir/usr/local/src/rpico/pico-sdk/src/rp2_common/hardware_sync/sync.c.o
                0x10000e80                spin_lock_claim_unused
 .text.spin_locks_reset
                0x10000ea4       0x1c CMakeFiles/SCTR_EstacionMeteorologica.dir/usr/local/src/rpico/pico-sdk/src/rp2_common/hardware_sync_spin_lock/sync_spin_lock.c.o
                0x10000ea4                spin_locks_reset
 .text.runtime_init_per_core_irq_priorities
                0x10000ec0       0x24 CMakeFiles/SCTR_EstacionMeteorologica.dir/usr/local/src/rpico/pico-sdk/src/rp2_common/hardware_irq/irq.c.o
                0x10000ec0                runtime_init_per_core_irq_priorities
 .text.irq_set_enabled
                0x10000ee4       0x24 CMakeFiles/SCTR_EstacionMeteorologica.dir/usr/local/src/rpico/pico-sdk/src/rp2_common/hardware_irq/irq.c.o
                0x10000ee4                irq_set_enabled
 .text.irq_is_enabled
                0x10000f08       0x18 CMakeFiles/SCTR_EstacionMeteorologica.dir/usr/local/src/rpico/pico-sdk/src/rp2_common/hardware_irq/irq.c.o
                0x10000f08                irq_is_enabled
 .text.irq_set_pending
                0x10000f20       0x10 CMakeFiles/SCTR_EstacionMeteorologica.dir/usr/local/src/rpico/pico-sdk/src/rp2_common/hardware_irq/irq.c.o
                0x10000f20                irq_set_pending
 .text.irq_has_shared_handler
                0x10000f30       0x24 CMakeFiles/SCTR_EstacionMeteorologica.dir/usr/local/src/rpico/pico-sdk/src/rp2_common/hardware_irq/irq.c.o
                0x10000f30                irq_has_shared_handler
 .text.irq_set_exclusive_handler
                0x10000f54       0x54 CMakeFiles/SCTR_EstacionMeteorologica.dir/usr/local/src/rpico/pico-sdk/src/rp2_common/hardware_irq/irq.c.o
                0x10000f54                irq_set_exclusive_handler
 .text.irq_add_shared_handler
                0x10000fa8      0x1f4 CMakeFiles/SCTR_EstacionMeteorologica.dir/usr/local/src/rpico/pico-sdk/src/rp2_common/hardware_irq/irq.c.o
                0x10000fa8                irq_add_shared_handler
 .text.irq_add_tail_to_free_list
                0x1000119c       0xb4 CMakeFiles/SCTR_EstacionMeteorologica.dir/usr/local/src/rpico/pico-sdk/src/rp2_common/hardware_irq/irq.c.o
                0x1000119c                irq_add_tail_to_free_list
 .text.user_irq_claim_unused
                0x10001250       0x2c CMakeFiles/SCTR_EstacionMeteorologica.dir/usr/local/src/rpico/pico-sdk/src/rp2_common/hardware_irq/irq.c.o
                0x10001250                user_irq_claim_unused
 .text.lock_init
                0x1000127c       0x10 CMakeFiles/SCTR_EstacionMeteorologica.dir/usr/local/src/rpico/pico-sdk/src/common/pico_sync/lock_core.c.o
                0x1000127c                lock_init
 .text.runtime_init_mutex
                0x1000128c       0x50 CMakeFiles/SCTR_EstacionMeteorologica.dir/usr/local/src/rpico/pico-sdk/src/common/pico_sync/mutex.c.o
                0x1000128c                runtime_init_mutex
 .text.mutex_init
                0x100012dc       0x1c CMakeFiles/SCTR_EstacionMeteorologica.dir/usr/local/src/rpico/pico-sdk/src/common/pico_sync/mutex.c.o
                0x100012dc                mutex_init
 .text.critical_section_init
                0x100012f8       0x1c CMakeFiles/SCTR_EstacionMeteorologica.dir/usr/local/src/rpico/pico-sdk/src/common/pico_sync/critical_section.c.o
                0x100012f8                critical_section_init
 .text.critical_section_init_with_lock_num
                0x10001314       0x14 CMakeFiles/SCTR_EstacionMeteorologica.dir/usr/local/src/rpico/pico-sdk/src/common/pico_sync/critical_section.c.o
                0x10001314                critical_section_init_with_lock_num
 .text.sleep_until_callback
                0x10001328       0x30 CMakeFiles/SCTR_EstacionMeteorologica.dir/usr/local/src/rpico/pico-sdk/src/common/pico_time/time.c.o
 .text.alarm_pool_irq_handler
                0x10001358      0x2fc CMakeFiles/SCTR_EstacionMeteorologica.dir/usr/local/src/rpico/pico-sdk/src/common/pico_time/time.c.o
 .text.runtime_init_default_alarm_pool
                0x10001654       0xdc CMakeFiles/SCTR_EstacionMeteorologica.dir/usr/local/src/rpico/pico-sdk/src/common/pico_time/time.c.o
                0x10001654                runtime_init_default_alarm_pool
 .text.alarm_pool_get_default
                0x10001730        0x8 CMakeFiles/SCTR_EstacionMeteorologica.dir/usr/local/src/rpico/pico-sdk/src/common/pico_time/time.c.o
                0x10001730                alarm_pool_get_default
 .text.alarm_pool_add_alarm_at
                0x10001738       0xd4 CMakeFiles/SCTR_EstacionMeteorologica.dir/usr/local/src/rpico/pico-sdk/src/common/pico_time/time.c.o
                0x10001738                alarm_pool_add_alarm_at
 .text.alarm_pool_add_alarm_at_force_in_context
                0x1000180c       0xb0 CMakeFiles/SCTR_EstacionMeteorologica.dir/usr/local/src/rpico/pico-sdk/src/common/pico_time/time.c.o
                0x1000180c                alarm_pool_add_alarm_at_force_in_context
 .text.alarm_pool_cancel_alarm
                0x100018bc       0x74 CMakeFiles/SCTR_EstacionMeteorologica.dir/usr/local/src/rpico/pico-sdk/src/common/pico_time/time.c.o
                0x100018bc                alarm_pool_cancel_alarm
 .text.alarm_pool_core_num
                0x10001930        0x4 CMakeFiles/SCTR_EstacionMeteorologica.dir/usr/local/src/rpico/pico-sdk/src/common/pico_time/time.c.o
                0x10001930                alarm_pool_core_num
 .text.sleep_until
                0x10001934       0xd8 CMakeFiles/SCTR_EstacionMeteorologica.dir/usr/local/src/rpico/pico-sdk/src/common/pico_time/time.c.o
                0x10001934                sleep_until
 .text.sleep_ms
                0x10001a0c       0x38 CMakeFiles/SCTR_EstacionMeteorologica.dir/usr/local/src/rpico/pico-sdk/src/common/pico_time/time.c.o
                0x10001a0c                sleep_ms
 .text.best_effort_wfe_or_timeout
                0x10001a44       0xf8 CMakeFiles/SCTR_EstacionMeteorologica.dir/usr/local/src/rpico/pico-sdk/src/common/pico_time/time.c.o
                0x10001a44                best_effort_wfe_or_timeout
 .text.timer_hardware_alarm_claim
                0x10001b3c       0x14 CMakeFiles/SCTR_EstacionMeteorologica.dir/usr/local/src/rpico/pico-sdk/src/rp2_common/hardware_timer/timer.c.o
                0x10001b3c                timer_hardware_alarm_claim
 .text.timer_time_us_64
                0x10001b50       0x10 CMakeFiles/SCTR_EstacionMeteorologica.dir/usr/local/src/rpico/pico-sdk/src/rp2_common/hardware_timer/timer.c.o
                0x10001b50                timer_time_us_64
 .text.time_us_64
                0x10001b60       0x14 CMakeFiles/SCTR_EstacionMeteorologica.dir/usr/local/src/rpico/pico-sdk/src/rp2_common/hardware_timer/timer.c.o
                0x10001b60                time_us_64
 .text.busy_wait_until
                0x10001b74       0x20 CMakeFiles/SCTR_EstacionMeteorologica.dir/usr/local/src/rpico/pico-sdk/src/rp2_common/hardware_timer/timer.c.o
                0x10001b74                busy_wait_until
 .text.clock_configure_int_divider
                0x10001b94       0xf4 CMakeFiles/SCTR_EstacionMeteorologica.dir/usr/local/src/rpico/pico-sdk/src/rp2_common/hardware_clocks/clocks.c.o
                0x10001b94                clock_configure_int_divider
 .text.clock_configure_undivided
                0x10001c88       0xe8 CMakeFiles/SCTR_EstacionMeteorologica.dir/usr/local/src/rpico/pico-sdk/src/rp2_common/hardware_clocks/clocks.c.o
                0x10001c88                clock_configure_undivided
 .text.clock_get_hz
                0x10001d70        0xc CMakeFiles/SCTR_EstacionMeteorologica.dir/usr/local/src/rpico/pico-sdk/src/rp2_common/hardware_clocks/clocks.c.o
                0x10001d70                clock_get_hz
 .text.pll_init
                0x10001d7c       0xa4 CMakeFiles/SCTR_EstacionMeteorologica.dir/usr/local/src/rpico/pico-sdk/src/rp2_common/hardware_pll/pll.c.o
                0x10001d7c                pll_init
 .text.watchdog_reboot
                0x10001e20       0x9c CMakeFiles/SCTR_EstacionMeteorologica.dir/usr/local/src/rpico/pico-sdk/src/rp2_common/hardware_watchdog/watchdog.c.o
                0x10001e20                watchdog_reboot
 .text.tick_start
                0x10001ebc       0x10 CMakeFiles/SCTR_EstacionMeteorologica.dir/usr/local/src/rpico/pico-sdk/src/rp2_common/hardware_ticks/ticks.c.o
                0x10001ebc                tick_start
 .text.rom_func_lookup
                0x10001ecc       0x10 CMakeFiles/SCTR_EstacionMeteorologica.dir/usr/local/src/rpico/pico-sdk/src/rp2_common/pico_bootrom/bootrom.c.o
                0x10001ecc                rom_func_lookup
 .text.rom_data_lookup
                0x10001edc       0x10 CMakeFiles/SCTR_EstacionMeteorologica.dir/usr/local/src/rpico/pico-sdk/src/rp2_common/pico_bootrom/bootrom.c.o
                0x10001edc                rom_data_lookup
 .text.rom_funcs_lookup
                0x10001eec       0x44 CMakeFiles/SCTR_EstacionMeteorologica.dir/usr/local/src/rpico/pico-sdk/src/rp2_common/pico_bootrom/bootrom.c.o
                0x10001eec                rom_funcs_lookup
 .text.rom_reset_usb_boot_extra
                0x10001f30       0x28 CMakeFiles/SCTR_EstacionMeteorologica.dir/usr/local/src/rpico/pico-sdk/src/rp2_common/pico_bootrom/bootrom.c.o
                0x10001f30                rom_reset_usb_boot_extra
 .text.xosc_init
                0x10001f58       0x28 CMakeFiles/SCTR_EstacionMeteorologica.dir/usr/local/src/rpico/pico-sdk/src/rp2_common/hardware_xosc/xosc.c.o
                0x10001f58                xosc_init
 .text.first_per_core_initializer
                0x10001f80        0x4 CMakeFiles/SCTR_EstacionMeteorologica.dir/usr/local/src/rpico/pico-sdk/src/rp2_common/pico_runtime/runtime.c.o
 .text.hard_assertion_failure
                0x10001f84        0xc CMakeFiles/SCTR_EstacionMeteorologica.dir/usr/local/src/rpico/pico-sdk/src/rp2_common/pico_runtime/runtime.c.o
                0x10001f84                hard_assertion_failure
 .text.runtime_run_initializers
                0x10001f90       0x28 CMakeFiles/SCTR_EstacionMeteorologica.dir/usr/local/src/rpico/pico-sdk/src/rp2_common/pico_runtime/runtime.c.o
                0x10001f90                runtime_run_initializers
 .text.runtime_init_early_resets
                0x10001fb8       0x2c CMakeFiles/SCTR_EstacionMeteorologica.dir/usr/local/src/rpico/pico-sdk/src/rp2_common/pico_runtime_init/runtime_init.c.o
                0x10001fb8                runtime_init_early_resets
 .text.runtime_init_usb_power_down
                0x10001fe4       0x1c CMakeFiles/SCTR_EstacionMeteorologica.dir/usr/local/src/rpico/pico-sdk/src/rp2_common/pico_runtime_init/runtime_init.c.o
                0x10001fe4                runtime_init_usb_power_down
 .text.runtime_init_post_clock_resets
                0x10002000       0x20 CMakeFiles/SCTR_EstacionMeteorologica.dir/usr/local/src/rpico/pico-sdk/src/rp2_common/pico_runtime_init/runtime_init.c.o
                0x10002000                runtime_init_post_clock_resets
 .text.runtime_init_rp2040_gpio_ie_disable
                0x10002020       0x14 CMakeFiles/SCTR_EstacionMeteorologica.dir/usr/local/src/rpico/pico-sdk/src/rp2_common/pico_runtime_init/runtime_init.c.o
                0x10002020                runtime_init_rp2040_gpio_ie_disable
 .text.runtime_init_spin_locks_reset
                0x10002034        0x8 CMakeFiles/SCTR_EstacionMeteorologica.dir/usr/local/src/rpico/pico-sdk/src/rp2_common/pico_runtime_init/runtime_init.c.o
                0x10002034                runtime_init_spin_locks_reset
 .text.runtime_init_install_ram_vector_table
                0x1000203c       0xb4 CMakeFiles/SCTR_EstacionMeteorologica.dir/usr/local/src/rpico/pico-sdk/src/rp2_common/pico_runtime_init/runtime_init.c.o
                0x1000203c                runtime_init_install_ram_vector_table
 .text.runtime_init_clocks
                0x100020f0       0xd8 CMakeFiles/SCTR_EstacionMeteorologica.dir/usr/local/src/rpico/pico-sdk/src/rp2_common/pico_runtime_init/runtime_init_clocks.c.o
                0x100020f0                runtime_init_clocks
 .text          0x100021c8       0x10 CMakeFiles/SCTR_EstacionMeteorologica.dir/usr/local/src/rpico/pico-sdk/src/rp2_common/pico_bit_ops/bit_ops_aeabi.S.o
 .text.__wrap___aeabi_idiv
                0x100021d8       0x50 CMakeFiles/SCTR_EstacionMeteorologica.dir/usr/local/src/rpico/pico-sdk/src/rp2_common/pico_divider/divider_hardware.S.o
                0x100021d8                __wrap___aeabi_idivmod
                0x100021d8                divmod_s32s32
                0x100021d8                div_s32s32
                0x100021d8                __wrap___aeabi_idiv
                0x100021e0                divmod_s32s32_unsafe
                0x1000220c                divmod_s32s32_savestate
 .text.__wrap___aeabi_uidiv
                0x10002228       0x4c CMakeFiles/SCTR_EstacionMeteorologica.dir/usr/local/src/rpico/pico-sdk/src/rp2_common/pico_divider/divider_hardware.S.o
                0x10002228                __wrap___aeabi_uidiv
                0x10002228                __wrap___aeabi_uidivmod
                0x10002228                div_u32u32
                0x10002228                divmod_u32u32
                0x10002230                divmod_u32u32_unsafe
                0x10002258                divmod_u32u32_savestate
 .text.__wrap___aeabi_ldiv
                0x10002274      0x424 CMakeFiles/SCTR_EstacionMeteorologica.dir/usr/local/src/rpico/pico-sdk/src/rp2_common/pico_divider/divider_hardware.S.o
                0x10002274                div_s64s64
                0x10002274                divmod_s64s64
                0x10002274                __wrap___aeabi_ldivmod
                0x100022a4                div_u64u64
                0x100022a4                divmod_u64u64
                0x100022a4                __wrap___aeabi_uldivmod
                0x100022b4                divmod_u64u64_savestate
                0x100022d4                divmod_s64s64_unsafe
                0x1000235c                divmod_u64u64_unsafe
 .text.__wrap___aeabi_darithmetic
                0x10002698       0x80 CMakeFiles/SCTR_EstacionMeteorologica.dir/usr/local/src/rpico/pico-sdk/src/rp2_common/pico_double/double_aeabi_rp2040.S.o
                0x10002698                __wrap___aeabi_drsub
                0x1000269e                __wrap___aeabi_dsub
                0x100026b0                __wrap___aeabi_dadd
                0x100026c2                __wrap___aeabi_ddiv
                0x100026fe                __wrap___aeabi_dmul
 .text.__wrap___aeabi_cdcmple
                0x10002718       0x6c CMakeFiles/SCTR_EstacionMeteorologica.dir/usr/local/src/rpico/pico-sdk/src/rp2_common/pico_double/double_aeabi_rp2040.S.o
                0x10002718                __wrap___aeabi_cdrcmple
                0x10002728                __wrap___aeabi_cdcmple
                0x10002728                __wrap___aeabi_cdcmpeq
 .text.__wrap___aeabi_dcmplt
                0x10002784        0xc CMakeFiles/SCTR_EstacionMeteorologica.dir/usr/local/src/rpico/pico-sdk/src/rp2_common/pico_double/double_aeabi_rp2040.S.o
                0x10002784                __wrap___aeabi_dcmplt
 .text.__wrap___aeabi_dcmpge
                0x10002790       0x10 CMakeFiles/SCTR_EstacionMeteorologica.dir/usr/local/src/rpico/pico-sdk/src/rp2_common/pico_double/double_aeabi_rp2040.S.o
                0x10002790                __wrap___aeabi_dcmpge
 .text.__wrap___aeabi_dcmpgt
                0x100027a0        0xa CMakeFiles/SCTR_EstacionMeteorologica.dir/usr/local/src/rpico/pico-sdk/src/rp2_common/pico_double/double_aeabi_rp2040.S.o
                0x100027a0                __wrap___aeabi_dcmpgt
 .text.__wrap___aeabi_dcmpun
                0x100027aa       0x18 CMakeFiles/SCTR_EstacionMeteorologica.dir/usr/local/src/rpico/pico-sdk/src/rp2_common/pico_double/double_aeabi_rp2040.S.o
                0x100027aa                __wrap___aeabi_dcmpun
 *fill*         0x100027c2        0x2 
 .text.__wrap___aeabi_i2d
                0x100027c4       0x38 CMakeFiles/SCTR_EstacionMeteorologica.dir/usr/local/src/rpico/pico-sdk/src/rp2_common/pico_double/double_aeabi_rp2040.S.o
                0x100027c4                __wrap___aeabi_ui2d
                0x100027c4                uint2double
                0x100027cc                __wrap___aeabi_i2d
                0x100027cc                int2double
 .text.__wrap___aeabi_d2iz
                0x100027fc       0x48 CMakeFiles/SCTR_EstacionMeteorologica.dir/usr/local/src/rpico/pico-sdk/src/rp2_common/pico_double/double_aeabi_rp2040.S.o
                0x100027fc                __wrap___aeabi_d2iz
                0x100027fc                double2int_z
 .text.__wrap___aeabi_d2uiz
                0x10002844       0x18 CMakeFiles/SCTR_EstacionMeteorologica.dir/usr/local/src/rpico/pico-sdk/src/rp2_common/pico_double/double_aeabi_rp2040.S.o
                0x10002844                double2uint_z
                0x10002844                double2uint
                0x10002844                __wrap___aeabi_d2uiz
 .text.__wrap___aeabi_d2f
                0x1000285c       0x18 CMakeFiles/SCTR_EstacionMeteorologica.dir/usr/local/src/rpico/pico-sdk/src/rp2_common/pico_double/double_aeabi_rp2040.S.o
                0x1000285c                __wrap___aeabi_d2f
 .text.__aeabi_double_init
                0x10002874       0xa4 CMakeFiles/SCTR_EstacionMeteorologica.dir/usr/local/src/rpico/pico-sdk/src/rp2_common/pico_double/double_init_rom_rp2040.c.o
                0x10002874                __aeabi_double_init
 .text.double_table_shim_on_use_helper
                0x10002918       0x2c CMakeFiles/SCTR_EstacionMeteorologica.dir/usr/local/src/rpico/pico-sdk/src/rp2_common/pico_double/double_v1_rom_shim_rp2040.S.o
                0x10002918                double_table_shim_on_use_helper
 .text.__wrap___aeabi_dsub
                0x10002944       0x10 CMakeFiles/SCTR_EstacionMeteorologica.dir/usr/local/src/rpico/pico-sdk/src/rp2_common/pico_double/double_v1_rom_shim_rp2040.S.o
                0x10002944                drsub_shim
                0x1000294a                dsub_shim
 .text.dadd_shim
                0x10002954      0x15c CMakeFiles/SCTR_EstacionMeteorologica.dir/usr/local/src/rpico/pico-sdk/src/rp2_common/pico_double/double_v1_rom_shim_rp2040.S.o
                0x10002954                dadd_shim
 .text.dmul_shim
                0x10002ab0      0x15c CMakeFiles/SCTR_EstacionMeteorologica.dir/usr/local/src/rpico/pico-sdk/src/rp2_common/pico_double/double_v1_rom_shim_rp2040.S.o
                0x10002ab0                dmul_shim
 .text.ddiv_shim
                0x10002c0c      0x1b0 CMakeFiles/SCTR_EstacionMeteorologica.dir/usr/local/src/rpico/pico-sdk/src/rp2_common/pico_double/double_v1_rom_shim_rp2040.S.o
                0x10002c0c                ddiv_shim
 .text.double2uint_shim
                0x10002dbc        0xe CMakeFiles/SCTR_EstacionMeteorologica.dir/usr/local/src/rpico/pico-sdk/src/rp2_common/pico_double/double_v1_rom_shim_rp2040.S.o
                0x10002dbc                double2uint_shim
                0x10002dbe                double2ufix_shim
 *fill*         0x10002dca        0x2 
 .text.double2uint64_shim
                0x10002dcc       0x70 CMakeFiles/SCTR_EstacionMeteorologica.dir/usr/local/src/rpico/pico-sdk/src/rp2_common/pico_double/double_v1_rom_shim_rp2040.S.o
                0x10002dcc                double2uint64_shim
                0x10002dce                double2ufix64_shim
                0x10002dee                d2fix_a
 .text.double2float_shim
                0x10002e3c       0x5c CMakeFiles/SCTR_EstacionMeteorologica.dir/usr/local/src/rpico/pico-sdk/src/rp2_common/pico_double/double_v1_rom_shim_rp2040.S.o
                0x10002e3c                double2float_shim
 .text.dunpacks
                0x10002e98       0x3c CMakeFiles/SCTR_EstacionMeteorologica.dir/usr/local/src/rpico/pico-sdk/src/rp2_common/pico_double/double_v1_rom_shim_rp2040.S.o
                0x10002e98                dunpacks
 .text.__aeabi_lmul
                0x10002ed4       0x32 CMakeFiles/SCTR_EstacionMeteorologica.dir/usr/local/src/rpico/pico-sdk/src/rp2_common/pico_int64_ops/pico_int64_ops_aeabi.S.o
                0x10002ed4                __wrap___aeabi_lmul
 *fill*         0x10002f06        0x2 
 .text.__wrap___aeabi_farithmetic
                0x10002f08       0x48 CMakeFiles/SCTR_EstacionMeteorologica.dir/usr/local/src/rpico/pico-sdk/src/rp2_common/pico_float/float_aeabi_rp2040.S.o
                0x10002f08                __wrap___aeabi_frsub
                0x10002f0e                __wrap___aeabi_fsub
                0x10002f14                __wrap___aeabi_fadd
                0x10002f1a                __wrap___aeabi_fdiv
                0x10002f42                __wrap___aeabi_fmul
 .text.__wrap___aeabi_f2d
                0x10002f50       0x14 CMakeFiles/SCTR_EstacionMeteorologica.dir/usr/local/src/rpico/pico-sdk/src/rp2_common/pico_float/float_aeabi_rp2040.S.o
                0x10002f50                __wrap___aeabi_f2d
 .text.__aeabi_float_init
                0x10002f64       0x64 CMakeFiles/SCTR_EstacionMeteorologica.dir/usr/local/src/rpico/pico-sdk/src/rp2_common/pico_float/float_init_rom_rp2040.c.o
                0x10002f64                __aeabi_float_init
 .text.float_table_shim_on_use_helper
                0x10002fc8       0x2c CMakeFiles/SCTR_EstacionMeteorologica.dir/usr/local/src/rpico/pico-sdk/src/rp2_common/pico_float/float_v1_rom_shim_rp2040.S.o
                0x10002fc8                float_table_shim_on_use_helper
 .text.float2double_shim
                0x10002ff4       0x30 CMakeFiles/SCTR_EstacionMeteorologica.dir/usr/local/src/rpico/pico-sdk/src/rp2_common/pico_float/float_v1_rom_shim_rp2040.S.o
                0x10002ff4                float2double_shim
 .text.__wrap_malloc
                0x10003024       0x24 CMakeFiles/SCTR_EstacionMeteorologica.dir/usr/local/src/rpico/pico-sdk/src/rp2_common/pico_malloc/malloc.c.o
                0x10003024                __wrap_malloc
 .text          0x10003048       0x10 CMakeFiles/SCTR_EstacionMeteorologica.dir/usr/local/src/rpico/pico-sdk/src/rp2_common/pico_mem_ops/mem_ops_aeabi.S.o
                0x10003048                __aeabi_mem_init
 .text.memset   0x10003058        0xc CMakeFiles/SCTR_EstacionMeteorologica.dir/usr/local/src/rpico/pico-sdk/src/rp2_common/pico_mem_ops/mem_ops_aeabi.S.o
                0x10003058                __wrap_memset
 .text.memcpy   0x10003064        0xc CMakeFiles/SCTR_EstacionMeteorologica.dir/usr/local/src/rpico/pico-sdk/src/rp2_common/pico_mem_ops/mem_ops_aeabi.S.o
                0x10003064                __wrap___aeabi_memcpy
                0x10003064                __wrap_memcpy
 .text._out_buffer
                0x10003070        0x8 CMakeFiles/SCTR_EstacionMeteorologica.dir/usr/local/src/rpico/pico-sdk/src/rp2_common/pico_printf/printf.c.o
 .text._out_null
                0x10003078        0x4 CMakeFiles/SCTR_EstacionMeteorologica.dir/usr/local/src/rpico/pico-sdk/src/rp2_common/pico_printf/printf.c.o
 .text._out_rev
                0x1000307c       0xac CMakeFiles/SCTR_EstacionMeteorologica.dir/usr/local/src/rpico/pico-sdk/src/rp2_common/pico_printf/printf.c.o
 .text._ntoa_format
                0x10003128      0x250 CMakeFiles/SCTR_EstacionMeteorologica.dir/usr/local/src/rpico/pico-sdk/src/rp2_common/pico_printf/printf.c.o
 .text._out_char
                0x10003378       0x10 CMakeFiles/SCTR_EstacionMeteorologica.dir/usr/local/src/rpico/pico-sdk/src/rp2_common/pico_printf/printf.c.o
 .text._out_fct
                0x10003388       0x10 CMakeFiles/SCTR_EstacionMeteorologica.dir/usr/local/src/rpico/pico-sdk/src/rp2_common/pico_printf/printf.c.o
 .text._etoa    0x10003398      0x464 CMakeFiles/SCTR_EstacionMeteorologica.dir/usr/local/src/rpico/pico-sdk/src/rp2_common/pico_printf/printf.c.o
 .text._ftoa    0x100037fc      0x3c0 CMakeFiles/SCTR_EstacionMeteorologica.dir/usr/local/src/rpico/pico-sdk/src/rp2_common/pico_printf/printf.c.o
 .text._vsnprintf
                0x10003bbc      0xbc8 CMakeFiles/SCTR_EstacionMeteorologica.dir/usr/local/src/rpico/pico-sdk/src/rp2_common/pico_printf/printf.c.o
 .text.__wrap_snprintf
                0x10004784       0x28 CMakeFiles/SCTR_EstacionMeteorologica.dir/usr/local/src/rpico/pico-sdk/src/rp2_common/pico_printf/printf.c.o
                0x10004784                __wrap_snprintf
 .text.vfctprintf
                0x100047ac       0x20 CMakeFiles/SCTR_EstacionMeteorologica.dir/usr/local/src/rpico/pico-sdk/src/rp2_common/pico_printf/printf.c.o
                0x100047ac                vfctprintf
 .text.weak_raw_vprintf
                0x100047cc       0x30 CMakeFiles/SCTR_EstacionMeteorologica.dir/usr/local/src/rpico/pico-sdk/src/rp2_common/pico_printf/printf.c.o
                0x100047cc                weak_raw_vprintf
 .text._exit    0x100047fc        0x4 CMakeFiles/SCTR_EstacionMeteorologica.dir/usr/local/src/rpico/pico-sdk/src/rp2_common/pico_clib_interface/newlib_interface.c.o
                0x100047fc                _exit
 .text._sbrk    0x10004800       0x34 CMakeFiles/SCTR_EstacionMeteorologica.dir/usr/local/src/rpico/pico-sdk/src/rp2_common/pico_clib_interface/newlib_interface.c.o
                0x10004800                _sbrk
 .text.exit     0x10004834        0x8 CMakeFiles/SCTR_EstacionMeteorologica.dir/usr/local/src/rpico/pico-sdk/src/rp2_common/pico_clib_interface/newlib_interface.c.o
                0x10004834                exit
 .text.runtime_init
                0x1000483c       0x2c CMakeFiles/SCTR_EstacionMeteorologica.dir/usr/local/src/rpico/pico-sdk/src/rp2_common/pico_clib_interface/newlib_interface.c.o
                0x1000483c                runtime_init
 .text.stdio_out_chars_no_crlf
                0x10004868       0x10 CMakeFiles/SCTR_EstacionMeteorologica.dir/usr/local/src/rpico/pico-sdk/src/rp2_common/pico_stdio/stdio.c.o
 .text.stdio_out_chars_crlf
                0x10004878       0x94 CMakeFiles/SCTR_EstacionMeteorologica.dir/usr/local/src/rpico/pico-sdk/src/rp2_common/pico_stdio/stdio.c.o
 .text.stdio_buffered_printer
                0x1000490c       0x64 CMakeFiles/SCTR_EstacionMeteorologica.dir/usr/local/src/rpico/pico-sdk/src/rp2_common/pico_stdio/stdio.c.o
 .text.stdio_put_string
                0x10004970      0x100 CMakeFiles/SCTR_EstacionMeteorologica.dir/usr/local/src/rpico/pico-sdk/src/rp2_common/pico_stdio/stdio.c.o
                0x10004970                stdio_put_string
 .text.stdio_set_driver_enabled
                0x10004a70       0x30 CMakeFiles/SCTR_EstacionMeteorologica.dir/usr/local/src/rpico/pico-sdk/src/rp2_common/pico_stdio/stdio.c.o
                0x10004a70                stdio_set_driver_enabled
 .text.stdio_init_all
                0x10004aa0        0x8 CMakeFiles/SCTR_EstacionMeteorologica.dir/usr/local/src/rpico/pico-sdk/src/rp2_common/pico_stdio/stdio.c.o
                0x10004aa0                stdio_init_all
 .text.__wrap_putchar
                0x10004aa8       0x98 CMakeFiles/SCTR_EstacionMeteorologica.dir/usr/local/src/rpico/pico-sdk/src/rp2_common/pico_stdio/stdio.c.o
                0x10004aa8                stdio_putchar
                0x10004aa8                __wrap_putchar
 .text.__wrap_puts
                0x10004b40       0x3c CMakeFiles/SCTR_EstacionMeteorologica.dir/usr/local/src/rpico/pico-sdk/src/rp2_common/pico_stdio/stdio.c.o
                0x10004b40                __wrap_puts
                0x10004b40                stdio_puts
 .text.__wrap_vprintf
                0x10004b7c       0xd4 CMakeFiles/SCTR_EstacionMeteorologica.dir/usr/local/src/rpico/pico-sdk/src/rp2_common/pico_stdio/stdio.c.o
                0x10004b7c                __wrap_vprintf
                0x10004b7c                stdio_vprintf
 .text.__wrap_printf
                0x10004c50       0x18 CMakeFiles/SCTR_EstacionMeteorologica.dir/usr/local/src/rpico/pico-sdk/src/rp2_common/pico_stdio/stdio.c.o
                0x10004c50                stdio_printf
                0x10004c50                __wrap_printf
 .text.resetd_init
                0x10004c68        0x4 CMakeFiles/SCTR_EstacionMeteorologica.dir/usr/local/src/rpico/pico-sdk/src/rp2_common/pico_stdio_usb/reset_interface.c.o
 .text.resetd_reset
                0x10004c6c        0xc CMakeFiles/SCTR_EstacionMeteorologica.dir/usr/local/src/rpico/pico-sdk/src/rp2_common/pico_stdio_usb/reset_interface.c.o
 .text.resetd_open
                0x10004c78       0x28 CMakeFiles/SCTR_EstacionMeteorologica.dir/usr/local/src/rpico/pico-sdk/src/rp2_common/pico_stdio_usb/reset_interface.c.o
 .text.resetd_xfer_cb
                0x10004ca0        0x4 CMakeFiles/SCTR_EstacionMeteorologica.dir/usr/local/src/rpico/pico-sdk/src/rp2_common/pico_stdio_usb/reset_interface.c.o
 .text.resetd_control_xfer_cb
                0x10004ca4       0x5c CMakeFiles/SCTR_EstacionMeteorologica.dir/usr/local/src/rpico/pico-sdk/src/rp2_common/pico_stdio_usb/reset_interface.c.o
 .text.tud_descriptor_bos_cb
                0x10004d00        0x8 CMakeFiles/SCTR_EstacionMeteorologica.dir/usr/local/src/rpico/pico-sdk/src/rp2_common/pico_stdio_usb/reset_interface.c.o
                0x10004d00                tud_descriptor_bos_cb
 .text.tud_vendor_control_xfer_cb
                0x10004d08       0x34 CMakeFiles/SCTR_EstacionMeteorologica.dir/usr/local/src/rpico/pico-sdk/src/rp2_common/pico_stdio_usb/reset_interface.c.o
                0x10004d08                tud_vendor_control_xfer_cb
 .text.usbd_app_driver_get_cb
                0x10004d3c        0xc CMakeFiles/SCTR_EstacionMeteorologica.dir/usr/local/src/rpico/pico-sdk/src/rp2_common/pico_stdio_usb/reset_interface.c.o
                0x10004d3c                usbd_app_driver_get_cb
 .text.tud_cdc_line_coding_cb
                0x10004d48       0x2c CMakeFiles/SCTR_EstacionMeteorologica.dir/usr/local/src/rpico/pico-sdk/src/rp2_common/pico_stdio_usb/reset_interface.c.o
                0x10004d48                tud_cdc_line_coding_cb
 .text.stdio_usb_set_chars_available_callback
                0x10004d74       0x14 CMakeFiles/SCTR_EstacionMeteorologica.dir/usr/local/src/rpico/pico-sdk/src/rp2_common/pico_stdio_usb/stdio_usb.c.o
                0x10004d74                stdio_usb_set_chars_available_callback
 .text.usb_irq  0x10004d88       0x10 CMakeFiles/SCTR_EstacionMeteorologica.dir/usr/local/src/rpico/pico-sdk/src/rp2_common/pico_stdio_usb/stdio_usb.c.o
 .text.timer_task
                0x10004d98       0x64 CMakeFiles/SCTR_EstacionMeteorologica.dir/usr/local/src/rpico/pico-sdk/src/rp2_common/pico_stdio_usb/stdio_usb.c.o
 .text.stdio_usb_in_chars
                0x10004dfc       0x90 CMakeFiles/SCTR_EstacionMeteorologica.dir/usr/local/src/rpico/pico-sdk/src/rp2_common/pico_stdio_usb/stdio_usb.c.o
                0x10004dfc                stdio_usb_in_chars
 .text.stdio_usb_out_flush
                0x10004e8c       0x50 CMakeFiles/SCTR_EstacionMeteorologica.dir/usr/local/src/rpico/pico-sdk/src/rp2_common/pico_stdio_usb/stdio_usb.c.o
 .text.stdio_usb_out_chars
                0x10004edc      0x104 CMakeFiles/SCTR_EstacionMeteorologica.dir/usr/local/src/rpico/pico-sdk/src/rp2_common/pico_stdio_usb/stdio_usb.c.o
 .text.low_priority_worker_irq
                0x10004fe0       0xcc CMakeFiles/SCTR_EstacionMeteorologica.dir/usr/local/src/rpico/pico-sdk/src/rp2_common/pico_stdio_usb/stdio_usb.c.o
 .text.stdio_usb_init
                0x100050ac       0xec CMakeFiles/SCTR_EstacionMeteorologica.dir/usr/local/src/rpico/pico-sdk/src/rp2_common/pico_stdio_usb/stdio_usb.c.o
                0x100050ac                stdio_usb_init
 .text.tud_descriptor_device_cb
                0x10005198        0x8 CMakeFiles/SCTR_EstacionMeteorologica.dir/usr/local/src/rpico/pico-sdk/src/rp2_common/pico_stdio_usb/stdio_usb_descriptors.c.o
                0x10005198                tud_descriptor_device_cb
 .text.tud_descriptor_configuration_cb
                0x100051a0        0x8 CMakeFiles/SCTR_EstacionMeteorologica.dir/usr/local/src/rpico/pico-sdk/src/rp2_common/pico_stdio_usb/stdio_usb_descriptors.c.o
                0x100051a0                tud_descriptor_configuration_cb
 .text.tud_descriptor_string_cb
                0x100051a8       0x78 CMakeFiles/SCTR_EstacionMeteorologica.dir/usr/local/src/rpico/pico-sdk/src/rp2_common/pico_stdio_usb/stdio_usb_descriptors.c.o
                0x100051a8                tud_descriptor_string_cb
 .text.startup._retrieve_unique_id_on_boot
                0x10005220       0x10 CMakeFiles/SCTR_EstacionMeteorologica.dir/usr/local/src/rpico/pico-sdk/src/rp2_common/pico_unique_id/unique_id.c.o
 .text.pico_get_unique_board_id_string
                0x10005230      0x1a8 CMakeFiles/SCTR_EstacionMeteorologica.dir/usr/local/src/rpico/pico-sdk/src/rp2_common/pico_unique_id/unique_id.c.o
                0x10005230                pico_get_unique_board_id_string
 .text.flash_get_unique_id
                0x100053d8       0x3c CMakeFiles/SCTR_EstacionMeteorologica.dir/usr/local/src/rpico/pico-sdk/src/rp2_common/hardware_flash/flash.c.o
                0x100053d8                flash_get_unique_id
 .text.dcd_init
                0x10005414       0x90 CMakeFiles/SCTR_EstacionMeteorologica.dir/usr/local/src/rpico/pico-sdk/lib/tinyusb/src/portable/raspberrypi/rp2040/dcd_rp2040.c.o
                0x10005414                dcd_init
 .text.dcd_int_enable
                0x100054a4        0xc CMakeFiles/SCTR_EstacionMeteorologica.dir/usr/local/src/rpico/pico-sdk/lib/tinyusb/src/portable/raspberrypi/rp2040/dcd_rp2040.c.o
                0x100054a4                dcd_int_enable
 .text.dcd_set_address
                0x100054b0       0x14 CMakeFiles/SCTR_EstacionMeteorologica.dir/usr/local/src/rpico/pico-sdk/lib/tinyusb/src/portable/raspberrypi/rp2040/dcd_rp2040.c.o
                0x100054b0                dcd_set_address
 .text.dcd_sof_enable
                0x100054c4       0x1c CMakeFiles/SCTR_EstacionMeteorologica.dir/usr/local/src/rpico/pico-sdk/lib/tinyusb/src/portable/raspberrypi/rp2040/dcd_rp2040.c.o
                0x100054c4                dcd_sof_enable
 .text.dcd_edpt0_status_complete
                0x100054e0       0x1c CMakeFiles/SCTR_EstacionMeteorologica.dir/usr/local/src/rpico/pico-sdk/lib/tinyusb/src/portable/raspberrypi/rp2040/dcd_rp2040.c.o
                0x100054e0                dcd_edpt0_status_complete
 .text.dcd_edpt_open
                0x100054fc      0x114 CMakeFiles/SCTR_EstacionMeteorologica.dir/usr/local/src/rpico/pico-sdk/lib/tinyusb/src/portable/raspberrypi/rp2040/dcd_rp2040.c.o
                0x100054fc                dcd_edpt_open
 .text.dcd_edpt_close_all
                0x10005610        0x8 CMakeFiles/SCTR_EstacionMeteorologica.dir/usr/local/src/rpico/pico-sdk/lib/tinyusb/src/portable/raspberrypi/rp2040/dcd_rp2040.c.o
                0x10005610                dcd_edpt_close_all
 .text.dcd_edpt_xfer
                0x10005618       0x24 CMakeFiles/SCTR_EstacionMeteorologica.dir/usr/local/src/rpico/pico-sdk/lib/tinyusb/src/portable/raspberrypi/rp2040/dcd_rp2040.c.o
                0x10005618                dcd_edpt_xfer
 .text.dcd_edpt_stall
                0x1000563c       0x34 CMakeFiles/SCTR_EstacionMeteorologica.dir/usr/local/src/rpico/pico-sdk/lib/tinyusb/src/portable/raspberrypi/rp2040/dcd_rp2040.c.o
                0x1000563c                dcd_edpt_stall
 .text.dcd_edpt_clear_stall
                0x10005670       0x30 CMakeFiles/SCTR_EstacionMeteorologica.dir/usr/local/src/rpico/pico-sdk/lib/tinyusb/src/portable/raspberrypi/rp2040/dcd_rp2040.c.o
                0x10005670                dcd_edpt_clear_stall
 .text.rp2040_usb_init
                0x100056a0       0x40 CMakeFiles/SCTR_EstacionMeteorologica.dir/usr/local/src/rpico/pico-sdk/lib/tinyusb/src/portable/raspberrypi/rp2040/rp2040_usb.c.o
                0x100056a0                rp2040_usb_init
 .text.hw_endpoint_xfer_start
                0x100056e0       0x40 CMakeFiles/SCTR_EstacionMeteorologica.dir/usr/local/src/rpico/pico-sdk/lib/tinyusb/src/portable/raspberrypi/rp2040/rp2040_usb.c.o
                0x100056e0                hw_endpoint_xfer_start
 .text.tud_event_hook_cb
                0x10005720        0x4 CMakeFiles/SCTR_EstacionMeteorologica.dir/usr/local/src/rpico/pico-sdk/lib/tinyusb/src/device/usbd.c.o
                0x10005720                tud_event_hook_cb
 .text.tud_sof_cb
                0x10005724        0x4 CMakeFiles/SCTR_EstacionMeteorologica.dir/usr/local/src/rpico/pico-sdk/lib/tinyusb/src/device/usbd.c.o
                0x10005724                tud_sof_cb
 .text.tud_descriptor_device_qualifier_cb
                0x10005728        0x4 CMakeFiles/SCTR_EstacionMeteorologica.dir/usr/local/src/rpico/pico-sdk/lib/tinyusb/src/device/usbd.c.o
                0x10005728                tud_descriptor_device_qualifier_cb
 .text.tud_descriptor_other_speed_configuration_cb
                0x1000572c        0x4 CMakeFiles/SCTR_EstacionMeteorologica.dir/usr/local/src/rpico/pico-sdk/lib/tinyusb/src/device/usbd.c.o
                0x1000572c                tud_descriptor_other_speed_configuration_cb
 .text.tud_mount_cb
                0x10005730        0x4 CMakeFiles/SCTR_EstacionMeteorologica.dir/usr/local/src/rpico/pico-sdk/lib/tinyusb/src/device/usbd.c.o
                0x10005730                tud_mount_cb
 .text.tud_umount_cb
                0x10005734        0x4 CMakeFiles/SCTR_EstacionMeteorologica.dir/usr/local/src/rpico/pico-sdk/lib/tinyusb/src/device/usbd.c.o
                0x10005734                tud_umount_cb
 .text.tud_suspend_cb
                0x10005738        0x4 CMakeFiles/SCTR_EstacionMeteorologica.dir/usr/local/src/rpico/pico-sdk/lib/tinyusb/src/device/usbd.c.o
                0x10005738                tud_suspend_cb
 .text.tud_resume_cb
                0x1000573c        0x4 CMakeFiles/SCTR_EstacionMeteorologica.dir/usr/local/src/rpico/pico-sdk/lib/tinyusb/src/device/usbd.c.o
                0x1000573c                tud_resume_cb
 .text.tud_mounted
                0x10005740       0x10 CMakeFiles/SCTR_EstacionMeteorologica.dir/usr/local/src/rpico/pico-sdk/lib/tinyusb/src/device/usbd.c.o
                0x10005740                tud_mounted
 .text.tud_suspended
                0x10005750       0x10 CMakeFiles/SCTR_EstacionMeteorologica.dir/usr/local/src/rpico/pico-sdk/lib/tinyusb/src/device/usbd.c.o
                0x10005750                tud_suspended
 .text.tud_rhport_init
                0x10005760       0xfc CMakeFiles/SCTR_EstacionMeteorologica.dir/usr/local/src/rpico/pico-sdk/lib/tinyusb/src/device/usbd.c.o
                0x10005760                tud_rhport_init
 .text.tud_task_ext
                0x1000585c      0x800 CMakeFiles/SCTR_EstacionMeteorologica.dir/usr/local/src/rpico/pico-sdk/lib/tinyusb/src/device/usbd.c.o
                0x1000585c                tud_task_ext
 .text.usbd_open_edpt_pair
                0x1000605c       0x9c CMakeFiles/SCTR_EstacionMeteorologica.dir/usr/local/src/rpico/pico-sdk/lib/tinyusb/src/device/usbd.c.o
                0x1000605c                usbd_open_edpt_pair
 .text.usbd_edpt_open
                0x100060f8       0x34 CMakeFiles/SCTR_EstacionMeteorologica.dir/usr/local/src/rpico/pico-sdk/lib/tinyusb/src/device/usbd.c.o
                0x100060f8                usbd_edpt_open
 .text.usbd_edpt_claim
                0x1000612c       0x28 CMakeFiles/SCTR_EstacionMeteorologica.dir/usr/local/src/rpico/pico-sdk/lib/tinyusb/src/device/usbd.c.o
                0x1000612c                usbd_edpt_claim
 .text.usbd_edpt_release
                0x10006154       0x28 CMakeFiles/SCTR_EstacionMeteorologica.dir/usr/local/src/rpico/pico-sdk/lib/tinyusb/src/device/usbd.c.o
                0x10006154                usbd_edpt_release
 .text.usbd_edpt_xfer
                0x1000617c       0x4c CMakeFiles/SCTR_EstacionMeteorologica.dir/usr/local/src/rpico/pico-sdk/lib/tinyusb/src/device/usbd.c.o
                0x1000617c                usbd_edpt_xfer
 .text.tud_control_status
                0x100061c8       0x2c CMakeFiles/SCTR_EstacionMeteorologica.dir/usr/local/src/rpico/pico-sdk/lib/tinyusb/src/device/usbd_control.c.o
                0x100061c8                tud_control_status
 .text.tud_control_xfer
                0x100061f4       0xac CMakeFiles/SCTR_EstacionMeteorologica.dir/usr/local/src/rpico/pico-sdk/lib/tinyusb/src/device/usbd_control.c.o
                0x100061f4                tud_control_xfer
 .text.usbd_control_reset
                0x100062a0       0x14 CMakeFiles/SCTR_EstacionMeteorologica.dir/usr/local/src/rpico/pico-sdk/lib/tinyusb/src/device/usbd_control.c.o
                0x100062a0                usbd_control_reset
 .text.usbd_control_set_complete_callback
                0x100062b4        0xc CMakeFiles/SCTR_EstacionMeteorologica.dir/usr/local/src/rpico/pico-sdk/lib/tinyusb/src/device/usbd_control.c.o
                0x100062b4                usbd_control_set_complete_callback
 .text.usbd_control_set_request
                0x100062c0       0x1c CMakeFiles/SCTR_EstacionMeteorologica.dir/usr/local/src/rpico/pico-sdk/lib/tinyusb/src/device/usbd_control.c.o
                0x100062c0                usbd_control_set_request
 .text.usbd_control_xfer_cb
                0x100062dc       0xec CMakeFiles/SCTR_EstacionMeteorologica.dir/usr/local/src/rpico/pico-sdk/lib/tinyusb/src/device/usbd_control.c.o
                0x100062dc                usbd_control_xfer_cb
 .text._prep_out_transaction.isra.0
                0x100063c8       0x6c CMakeFiles/SCTR_EstacionMeteorologica.dir/usr/local/src/rpico/pico-sdk/lib/tinyusb/src/class/cdc/cdc_device.c.o
 .text.tud_cdc_n_connected
                0x10006434       0x2c CMakeFiles/SCTR_EstacionMeteorologica.dir/usr/local/src/rpico/pico-sdk/lib/tinyusb/src/class/cdc/cdc_device.c.o
                0x10006434                tud_cdc_n_connected
 .text.tud_cdc_n_available
                0x10006460       0x14 CMakeFiles/SCTR_EstacionMeteorologica.dir/usr/local/src/rpico/pico-sdk/lib/tinyusb/src/class/cdc/cdc_device.c.o
                0x10006460                tud_cdc_n_available
 .text.tud_cdc_n_read
                0x10006474       0x94 CMakeFiles/SCTR_EstacionMeteorologica.dir/usr/local/src/rpico/pico-sdk/lib/tinyusb/src/class/cdc/cdc_device.c.o
                0x10006474                tud_cdc_n_read
 .text.tud_cdc_n_write_flush
                0x10006508       0x74 CMakeFiles/SCTR_EstacionMeteorologica.dir/usr/local/src/rpico/pico-sdk/lib/tinyusb/src/class/cdc/cdc_device.c.o
                0x10006508                tud_cdc_n_write_flush
 .text.tud_cdc_n_write
                0x1000657c       0x40 CMakeFiles/SCTR_EstacionMeteorologica.dir/usr/local/src/rpico/pico-sdk/lib/tinyusb/src/class/cdc/cdc_device.c.o
                0x1000657c                tud_cdc_n_write
 .text.tud_cdc_n_write_available
                0x100065bc       0x14 CMakeFiles/SCTR_EstacionMeteorologica.dir/usr/local/src/rpico/pico-sdk/lib/tinyusb/src/class/cdc/cdc_device.c.o
                0x100065bc                tud_cdc_n_write_available
 .text.cdcd_init
                0x100065d0       0x70 CMakeFiles/SCTR_EstacionMeteorologica.dir/usr/local/src/rpico/pico-sdk/lib/tinyusb/src/class/cdc/cdc_device.c.o
                0x100065d0                cdcd_init
 .text.cdcd_deinit
                0x10006640       0x34 CMakeFiles/SCTR_EstacionMeteorologica.dir/usr/local/src/rpico/pico-sdk/lib/tinyusb/src/class/cdc/cdc_device.c.o
                0x10006640                cdcd_deinit
 .text.cdcd_reset
                0x10006674       0x4c CMakeFiles/SCTR_EstacionMeteorologica.dir/usr/local/src/rpico/pico-sdk/lib/tinyusb/src/class/cdc/cdc_device.c.o
                0x10006674                cdcd_reset
 .text.cdcd_open
                0x100066c0       0xa8 CMakeFiles/SCTR_EstacionMeteorologica.dir/usr/local/src/rpico/pico-sdk/lib/tinyusb/src/class/cdc/cdc_device.c.o
                0x100066c0                cdcd_open
 .text.cdcd_control_xfer_cb
                0x10006768       0xe8 CMakeFiles/SCTR_EstacionMeteorologica.dir/usr/local/src/rpico/pico-sdk/lib/tinyusb/src/class/cdc/cdc_device.c.o
                0x10006768                cdcd_control_xfer_cb
 .text.cdcd_xfer_cb
                0x10006850      0x100 CMakeFiles/SCTR_EstacionMeteorologica.dir/usr/local/src/rpico/pico-sdk/lib/tinyusb/src/class/cdc/cdc_device.c.o
                0x10006850                cdcd_xfer_cb
 .text.vendord_init
                0x10006950       0x5c CMakeFiles/SCTR_EstacionMeteorologica.dir/usr/local/src/rpico/pico-sdk/lib/tinyusb/src/class/vendor/vendor_device.c.o
                0x10006950                vendord_init
 .text.vendord_deinit
                0x100069ac       0x1c CMakeFiles/SCTR_EstacionMeteorologica.dir/usr/local/src/rpico/pico-sdk/lib/tinyusb/src/class/vendor/vendor_device.c.o
                0x100069ac                vendord_deinit
 .text.vendord_reset
                0x100069c8       0x28 CMakeFiles/SCTR_EstacionMeteorologica.dir/usr/local/src/rpico/pico-sdk/lib/tinyusb/src/class/vendor/vendor_device.c.o
                0x100069c8                vendord_reset
 .text.vendord_open
                0x100069f0      0x128 CMakeFiles/SCTR_EstacionMeteorologica.dir/usr/local/src/rpico/pico-sdk/lib/tinyusb/src/class/vendor/vendor_device.c.o
                0x100069f0                vendord_open
 .text.vendord_xfer_cb
                0x10006b18       0x9c CMakeFiles/SCTR_EstacionMeteorologica.dir/usr/local/src/rpico/pico-sdk/lib/tinyusb/src/class/vendor/vendor_device.c.o
                0x10006b18                vendord_xfer_cb
 .text.tusb_rhport_init
                0x10006bb4       0x48 CMakeFiles/SCTR_EstacionMeteorologica.dir/usr/local/src/rpico/pico-sdk/lib/tinyusb/src/tusb.c.o
                0x10006bb4                tusb_rhport_init
 .text.tu_edpt_claim
                0x10006bfc       0x50 CMakeFiles/SCTR_EstacionMeteorologica.dir/usr/local/src/rpico/pico-sdk/lib/tinyusb/src/tusb.c.o
                0x10006bfc                tu_edpt_claim
 .text.tu_edpt_release
                0x10006c4c       0x38 CMakeFiles/SCTR_EstacionMeteorologica.dir/usr/local/src/rpico/pico-sdk/lib/tinyusb/src/tusb.c.o
                0x10006c4c                tu_edpt_release
 .text.tu_edpt_validate
                0x10006c84       0x7c CMakeFiles/SCTR_EstacionMeteorologica.dir/usr/local/src/rpico/pico-sdk/lib/tinyusb/src/tusb.c.o
                0x10006c84                tu_edpt_validate
 .text.tu_edpt_bind_driver
                0x10006d00       0x34 CMakeFiles/SCTR_EstacionMeteorologica.dir/usr/local/src/rpico/pico-sdk/lib/tinyusb/src/tusb.c.o
                0x10006d00                tu_edpt_bind_driver
 .text.tu_edpt_stream_init
                0x10006d34       0x6c CMakeFiles/SCTR_EstacionMeteorologica.dir/usr/local/src/rpico/pico-sdk/lib/tinyusb/src/tusb.c.o
                0x10006d34                tu_edpt_stream_init
 .text.tu_edpt_stream_deinit
                0x10006da0        0x4 CMakeFiles/SCTR_EstacionMeteorologica.dir/usr/local/src/rpico/pico-sdk/lib/tinyusb/src/tusb.c.o
                0x10006da0                tu_edpt_stream_deinit
 .text.tu_edpt_stream_write_zlp_if_needed
                0x10006da4       0x68 CMakeFiles/SCTR_EstacionMeteorologica.dir/usr/local/src/rpico/pico-sdk/lib/tinyusb/src/tusb.c.o
                0x10006da4                tu_edpt_stream_write_zlp_if_needed
 .text.tu_edpt_stream_write_xfer
                0x10006e0c       0x64 CMakeFiles/SCTR_EstacionMeteorologica.dir/usr/local/src/rpico/pico-sdk/lib/tinyusb/src/tusb.c.o
                0x10006e0c                tu_edpt_stream_write_xfer
 .text.tu_edpt_stream_read_xfer
                0x10006e70       0xdc CMakeFiles/SCTR_EstacionMeteorologica.dir/usr/local/src/rpico/pico-sdk/lib/tinyusb/src/tusb.c.o
                0x10006e70                tu_edpt_stream_read_xfer
 .text.tu_fifo_config
                0x10006f4c       0x6c CMakeFiles/SCTR_EstacionMeteorologica.dir/usr/local/src/rpico/pico-sdk/lib/tinyusb/src/common/tusb_fifo.c.o
                0x10006f4c                tu_fifo_config
 .text.tu_fifo_count
                0x10006fb8       0x2c CMakeFiles/SCTR_EstacionMeteorologica.dir/usr/local/src/rpico/pico-sdk/lib/tinyusb/src/common/tusb_fifo.c.o
                0x10006fb8                tu_fifo_count
 .text.tu_fifo_empty
                0x10006fe4       0x10 CMakeFiles/SCTR_EstacionMeteorologica.dir/usr/local/src/rpico/pico-sdk/lib/tinyusb/src/common/tusb_fifo.c.o
                0x10006fe4                tu_fifo_empty
 .text.tu_fifo_remaining
                0x10006ff4       0x2c CMakeFiles/SCTR_EstacionMeteorologica.dir/usr/local/src/rpico/pico-sdk/lib/tinyusb/src/common/tusb_fifo.c.o
                0x10006ff4                tu_fifo_remaining
 .text.tu_fifo_read
                0x10007020       0x9c CMakeFiles/SCTR_EstacionMeteorologica.dir/usr/local/src/rpico/pico-sdk/lib/tinyusb/src/common/tusb_fifo.c.o
                0x10007020                tu_fifo_read
 .text.tu_fifo_read_n
                0x100070bc       0xe8 CMakeFiles/SCTR_EstacionMeteorologica.dir/usr/local/src/rpico/pico-sdk/lib/tinyusb/src/common/tusb_fifo.c.o
                0x100070bc                tu_fifo_read_n
 .text.tu_fifo_write
                0x100071a4       0xa8 CMakeFiles/SCTR_EstacionMeteorologica.dir/usr/local/src/rpico/pico-sdk/lib/tinyusb/src/common/tusb_fifo.c.o
                0x100071a4                tu_fifo_write
 .text.tu_fifo_write_n
                0x1000724c      0x178 CMakeFiles/SCTR_EstacionMeteorologica.dir/usr/local/src/rpico/pico-sdk/lib/tinyusb/src/common/tusb_fifo.c.o
                0x1000724c                tu_fifo_write_n
 .text.tu_fifo_clear
                0x100073c4       0x40 CMakeFiles/SCTR_EstacionMeteorologica.dir/usr/local/src/rpico/pico-sdk/lib/tinyusb/src/common/tusb_fifo.c.o
                0x100073c4                tu_fifo_clear
 .text.tu_fifo_set_overwritable
                0x10007404       0x48 CMakeFiles/SCTR_EstacionMeteorologica.dir/usr/local/src/rpico/pico-sdk/lib/tinyusb/src/common/tusb_fifo.c.o
                0x10007404                tu_fifo_set_overwritable
 .text.i2c_read_blocking_internal.constprop.0
                0x1000744c       0x98 CMakeFiles/SCTR_EstacionMeteorologica.dir/usr/local/src/rpico/pico-sdk/src/rp2_common/hardware_i2c/i2c.c.o
 .text.i2c_write_blocking_internal.constprop.0
                0x100074e4       0xd0 CMakeFiles/SCTR_EstacionMeteorologica.dir/usr/local/src/rpico/pico-sdk/src/rp2_common/hardware_i2c/i2c.c.o
 .text.i2c_set_baudrate
                0x100075b4       0xc0 CMakeFiles/SCTR_EstacionMeteorologica.dir/usr/local/src/rpico/pico-sdk/src/rp2_common/hardware_i2c/i2c.c.o
                0x100075b4                i2c_set_baudrate
 .text.i2c_init
                0x10007674       0x50 CMakeFiles/SCTR_EstacionMeteorologica.dir/usr/local/src/rpico/pico-sdk/src/rp2_common/hardware_i2c/i2c.c.o
                0x10007674                i2c_init
 .text.i2c_write_blocking
                0x100076c4       0x14 CMakeFiles/SCTR_EstacionMeteorologica.dir/usr/local/src/rpico/pico-sdk/src/rp2_common/hardware_i2c/i2c.c.o
                0x100076c4                i2c_write_blocking
 .text.i2c_read_blocking
                0x100076d8       0x14 CMakeFiles/SCTR_EstacionMeteorologica.dir/usr/local/src/rpico/pico-sdk/src/rp2_common/hardware_i2c/i2c.c.o
                0x100076d8                i2c_read_blocking
 .text          0x100076ec      0x5b4 /usr/lib/gcc/arm-none-eabi/13.2.1/../../../arm-none-eabi/lib/thumb/v6-m/nofp/libg.a(libc_a-mallocr.o)
                0x100076ec                _malloc_r
 .text          0x10007ca0      0x288 /usr/lib/gcc/arm-none-eabi/13.2.1/../../../arm-none-eabi/lib/thumb/v6-m/nofp/libg.a(libc_a-freer.o)
                0x10007ca0                _malloc_trim_r
                0x10007d54                _free_r
 .text          0x10007f28       0x28 /usr/lib/gcc/arm-none-eabi/13.2.1/../../../arm-none-eabi/lib/thumb/v6-m/nofp/libg.a(libc_a-malloc.o)
                0x10007f28                malloc
                0x10007f3c                free
 .text          0x10007f50       0x1c /usr/lib/gcc/arm-none-eabi/13.2.1/../../../arm-none-eabi/lib/thumb/v6-m/nofp/libg.a(libc_a-sysconf.o)
                0x10007f50                sysconf
 .text          0x10007f6c        0x8 /usr/lib/gcc/arm-none-eabi/13.2.1/../../../arm-none-eabi/lib/thumb/v6-m/nofp/libg.a(libc_a-mlock.o)
                0x10007f6c                __malloc_lock
                0x10007f70                __malloc_unlock
 .text          0x10007f74       0x10 /usr/lib/gcc/arm-none-eabi/13.2.1/../../../arm-none-eabi/lib/thumb/v6-m/nofp/libg.a(libc_a-atexit.o)
                0x10007f74                atexit
 .text          0x10007f84       0x5c /usr/lib/gcc/arm-none-eabi/13.2.1/../../../arm-none-eabi/lib/thumb/v6-m/nofp/libg.a(libc_a-strlen-stub.o)
                0x10007f84                strlen
 .text          0x10007fe0       0x24 /usr/lib/gcc/arm-none-eabi/13.2.1/../../../arm-none-eabi/lib/thumb/v6-m/nofp/libg.a(libc_a-sbrkr.o)
                0x10007fe0                _sbrk_r
 .text          0x10008004       0x28 /usr/lib/gcc/arm-none-eabi/13.2.1/../../../arm-none-eabi/lib/thumb/v6-m/nofp/libg.a(libc_a-fini.o)
                0x10008004                __libc_fini_array
 .text          0x1000802c        0xc /usr/lib/gcc/arm-none-eabi/13.2.1/../../../arm-none-eabi/lib/thumb/v6-m/nofp/libg.a(libc_a-errno.o)
                0x1000802c                __errno
 .text          0x10008038       0x78 /usr/lib/gcc/arm-none-eabi/13.2.1/../../../arm-none-eabi/lib/thumb/v6-m/nofp/libg.a(libc_a-__atexit.o)
                0x10008038                __register_exitproc
 .text.startup  0x100080b0       0x18 /usr/lib/gcc/arm-none-eabi/13.2.1/../../../arm-none-eabi/lib/thumb/v6-m/nofp/libg.a(libc_a-__call_atexit.o)
 *(.fini)
 .fini          0x100080c8        0x4 /usr/lib/gcc/arm-none-eabi/13.2.1/thumb/v6-m/nofp/crti.o
                0x100080c8                _fini
 *fill*         0x100080cc        0x4 
 .fini.__stub   0x100080d0       0xc0 linker stubs
 *crtbegin.o(.ctors)
 *crtbegin?.o(.ctors)
 *(EXCLUDE_FILE(*crtend.o *crtend?.o) .ctors)
 *(SORT_BY_NAME(.ctors.*))
 *(.ctors)
 *crtbegin.o(.dtors)
 *crtbegin?.o(.dtors)
 *(EXCLUDE_FILE(*crtend.o *crtend?.o) .dtors)
 *(SORT_BY_NAME(.dtors.*))
 *(.dtors)
                0x10008190                        . = ALIGN (0x4)
                0x10008190                        PROVIDE (__preinit_array_start = .)
 *(SORT_BY_NAME(.preinit_array.*))
 .preinit_array.00100
                0x10008190        0x4 CMakeFiles/SCTR_EstacionMeteorologica.dir/usr/local/src/rpico/pico-sdk/src/rp2_common/pico_runtime_init/runtime_init.c.o
                0x10008190                __pre_init_runtime_init_early_resets
 .preinit_array.00101
                0x10008194        0x4 CMakeFiles/SCTR_EstacionMeteorologica.dir/usr/local/src/rpico/pico-sdk/src/rp2_common/pico_runtime_init/runtime_init.c.o
                0x10008194                __pre_init_runtime_init_usb_power_down
 .preinit_array.00275
                0x10008198        0x4 CMakeFiles/SCTR_EstacionMeteorologica.dir/usr/local/src/rpico/pico-sdk/src/rp2_common/pico_bit_ops/bit_ops_aeabi.S.o
 .preinit_array.00300
                0x1000819c        0x4 CMakeFiles/SCTR_EstacionMeteorologica.dir/usr/local/src/rpico/pico-sdk/src/rp2_common/pico_mem_ops/mem_ops_aeabi.S.o
 .preinit_array.00350
                0x100081a0        0x4 CMakeFiles/SCTR_EstacionMeteorologica.dir/usr/local/src/rpico/pico-sdk/src/rp2_common/pico_double/double_aeabi_rp2040.S.o
 .preinit_array.00350
                0x100081a4        0x4 CMakeFiles/SCTR_EstacionMeteorologica.dir/usr/local/src/rpico/pico-sdk/src/rp2_common/pico_float/float_aeabi_rp2040.S.o
 .preinit_array.00500
                0x100081a8        0x4 CMakeFiles/SCTR_EstacionMeteorologica.dir/usr/local/src/rpico/pico-sdk/src/rp2_common/pico_runtime_init/runtime_init.c.o
                0x100081a8                __pre_init_runtime_init_clocks
 .preinit_array.00600
                0x100081ac        0x4 CMakeFiles/SCTR_EstacionMeteorologica.dir/usr/local/src/rpico/pico-sdk/src/rp2_common/pico_runtime_init/runtime_init.c.o
                0x100081ac                __pre_init_runtime_init_post_clock_resets
 .preinit_array.00700
                0x100081b0        0x4 CMakeFiles/SCTR_EstacionMeteorologica.dir/usr/local/src/rpico/pico-sdk/src/rp2_common/pico_runtime_init/runtime_init.c.o
                0x100081b0                __pre_init_runtime_init_rp2040_gpio_ie_disable
 .preinit_array.01000
                0x100081b4        0x4 CMakeFiles/SCTR_EstacionMeteorologica.dir/usr/local/src/rpico/pico-sdk/src/rp2_common/pico_runtime_init/runtime_init.c.o
                0x100081b4                __pre_init_runtime_init_spin_locks_reset
 .preinit_array.01100
                0x100081b8        0x4 CMakeFiles/SCTR_EstacionMeteorologica.dir/usr/local/src/rpico/pico-sdk/src/common/pico_sync/mutex.c.o
                0x100081b8                __pre_init_runtime_init_mutex
 .preinit_array.10080
                0x100081bc        0x4 CMakeFiles/SCTR_EstacionMeteorologica.dir/usr/local/src/rpico/pico-sdk/src/rp2_common/pico_runtime_init/runtime_init.c.o
                0x100081bc                __pre_init_runtime_init_install_ram_vector_table
 .preinit_array.11000
                0x100081c0        0x4 CMakeFiles/SCTR_EstacionMeteorologica.dir/usr/local/src/rpico/pico-sdk/src/common/pico_time/time.c.o
                0x100081c0                __pre_init_runtime_init_default_alarm_pool
 .preinit_array.YYYYY
                0x100081c4        0x4 CMakeFiles/SCTR_EstacionMeteorologica.dir/usr/local/src/rpico/pico-sdk/src/rp2_common/pico_runtime/runtime.c.o
                0x100081c4                __pre_init_first_per_core_initializer
 .preinit_array.ZZZZZ.01200
                0x100081c8        0x4 CMakeFiles/SCTR_EstacionMeteorologica.dir/usr/local/src/rpico/pico-sdk/src/rp2_common/hardware_irq/irq.c.o
                0x100081c8                __pre_init_runtime_init_per_core_irq_priorities
 *(.preinit_array)
                0x100081cc                        PROVIDE (__preinit_array_end = .)
                0x100081cc                        . = ALIGN (0x4)
                0x100081cc                        PROVIDE (__init_array_start = .)
 *(SORT_BY_NAME(.init_array.*))
 .init_array.00000
                0x100081cc        0x4 /usr/lib/gcc/arm-none-eabi/13.2.1/../../../arm-none-eabi/lib/thumb/v6-m/nofp/libg.a(libc_a-__call_atexit.o)
 .init_array.01000
                0x100081d0        0x4 CMakeFiles/SCTR_EstacionMeteorologica.dir/usr/local/src/rpico/pico-sdk/src/rp2_common/pico_unique_id/unique_id.c.o
 *(.init_array)
 .init_array    0x100081d4        0x4 /usr/lib/gcc/arm-none-eabi/13.2.1/thumb/v6-m/nofp/crtbegin.o
                0x100081d8                        PROVIDE (__init_array_end = .)
                0x100081d8                        . = ALIGN (0x4)
                0x100081d8                        PROVIDE (__fini_array_start = .)
 *(SORT_BY_NAME(.fini_array.*))
 *(.fini_array)
                0x100081d8                        PROVIDE (__fini_array_end = .)
 *(.eh_frame*)
 .eh_frame      0x100081d8        0x0 /usr/lib/gcc/arm-none-eabi/13.2.1/thumb/v6-m/nofp/crtbegin.o
                0x100081d8                        . = ALIGN (0x4)

.glue_7         0x100081d8        0x0
 .glue_7        0x100081d8        0x0 linker stubs

.glue_7t        0x100081d8        0x0
 .glue_7t       0x100081d8        0x0 linker stubs

.vfp11_veneer   0x100081d8        0x0
 .vfp11_veneer  0x100081d8        0x0 linker stubs

.v4_bx          0x100081d8        0x0
 .v4_bx         0x100081d8        0x0 linker stubs

.iplt           0x100081d8        0x0
 .iplt          0x100081d8        0x0 /usr/lib/gcc/arm-none-eabi/13.2.1/thumb/v6-m/nofp/crtbegin.o

.rodata         0x100081d8      0x984
 *(EXCLUDE_FILE(*libm.a: *libc.a:*lib_a-mem*.o *libgcc.a:) .rodata*)
 .rodata.trans_temp.str1.4
                0x100081d8      0x2dc CMakeFiles/SCTR_EstacionMeteorologica.dir/main5.c.o
                                  0xe (size before relaxing)
 .rodata.trans_humedad.str1.4
                0x100084b4       0x12 CMakeFiles/SCTR_EstacionMeteorologica.dir/main5.c.o
 .rodata.main.str1.4
                0x100084b4       0xd8 CMakeFiles/SCTR_EstacionMeteorologica.dir/main5.c.o
 .rodata.trans_table
                0x100084b4       0x10 CMakeFiles/SCTR_EstacionMeteorologica.dir/main5.c.o
 .rodata.ssd1306_init.str1.4
                0x100084c4       0x3f CMakeFiles/SCTR_EstacionMeteorologica.dir/ssd1306/ssd1306.c.o
 .rodata.ssd1306_show.str1.4
                0x100084c4        0xd CMakeFiles/SCTR_EstacionMeteorologica.dir/ssd1306/ssd1306.c.o
 .rodata.font_8x5
                0x100084c4      0x1e0 CMakeFiles/SCTR_EstacionMeteorologica.dir/ssd1306/ssd1306.c.o
                0x100084c4                font_8x5
 .rodata.panic.str1.4
                0x100086a4       0x12 CMakeFiles/SCTR_EstacionMeteorologica.dir/usr/local/src/rpico/pico-sdk/src/rp2_common/pico_platform_panic/panic.c.o
 .rodata.spin_lock_claim_unused.str1.4
                0x100086a4       0x1b CMakeFiles/SCTR_EstacionMeteorologica.dir/usr/local/src/rpico/pico-sdk/src/rp2_common/hardware_sync/sync.c.o
 .rodata.user_irq_claim_unused.str1.4
                0x100086a4       0x1b CMakeFiles/SCTR_EstacionMeteorologica.dir/usr/local/src/rpico/pico-sdk/src/rp2_common/hardware_irq/irq.c.o
 .rodata.timer_hardware_alarm_claim.str1.4
                0x100086a4       0x22 CMakeFiles/SCTR_EstacionMeteorologica.dir/usr/local/src/rpico/pico-sdk/src/rp2_common/hardware_timer/timer.c.o
 .rodata.hard_assertion_failure.str1.4
                0x100086a4        0xc CMakeFiles/SCTR_EstacionMeteorologica.dir/usr/local/src/rpico/pico-sdk/src/rp2_common/pico_runtime/runtime.c.o
 .rodata.__wrap_malloc.str1.4
                0x100086a4        0xe CMakeFiles/SCTR_EstacionMeteorologica.dir/usr/local/src/rpico/pico-sdk/src/rp2_common/pico_malloc/malloc.c.o
 .rodata.str1.4
                0x100086a4       0x50 CMakeFiles/SCTR_EstacionMeteorologica.dir/usr/local/src/rpico/pico-sdk/src/rp2_common/pico_standard_binary_info/standard_binary_info.c.o
 .rodata.__bi_84
                0x100086a4        0xc CMakeFiles/SCTR_EstacionMeteorologica.dir/usr/local/src/rpico/pico-sdk/src/rp2_common/pico_standard_binary_info/standard_binary_info.c.o
 .rodata.__bi_78
                0x100086b0        0xc CMakeFiles/SCTR_EstacionMeteorologica.dir/usr/local/src/rpico/pico-sdk/src/rp2_common/pico_standard_binary_info/standard_binary_info.c.o
 .rodata.__bi_54
                0x100086bc        0xc CMakeFiles/SCTR_EstacionMeteorologica.dir/usr/local/src/rpico/pico-sdk/src/rp2_common/pico_standard_binary_info/standard_binary_info.c.o
 .rodata.__bi_48
                0x100086c8        0xc CMakeFiles/SCTR_EstacionMeteorologica.dir/usr/local/src/rpico/pico-sdk/src/rp2_common/pico_standard_binary_info/standard_binary_info.c.o
 .rodata.__bi_42
                0x100086d4        0xc CMakeFiles/SCTR_EstacionMeteorologica.dir/usr/local/src/rpico/pico-sdk/src/rp2_common/pico_standard_binary_info/standard_binary_info.c.o
 .rodata.__bi_34
                0x100086e0        0xc CMakeFiles/SCTR_EstacionMeteorologica.dir/usr/local/src/rpico/pico-sdk/src/rp2_common/pico_standard_binary_info/standard_binary_info.c.o
 .rodata.__bi_26
                0x100086ec        0xc CMakeFiles/SCTR_EstacionMeteorologica.dir/usr/local/src/rpico/pico-sdk/src/rp2_common/pico_standard_binary_info/standard_binary_info.c.o
 .rodata._ftoa.str1.4
                0x100086f8       0x15 CMakeFiles/SCTR_EstacionMeteorologica.dir/usr/local/src/rpico/pico-sdk/src/rp2_common/pico_printf/printf.c.o
 .rodata._vsnprintf
                0x100086f8      0x19c CMakeFiles/SCTR_EstacionMeteorologica.dir/usr/local/src/rpico/pico-sdk/src/rp2_common/pico_printf/printf.c.o
 *fill*         0x10008894        0x4 
 .rodata.pow10.0
                0x10008898       0x50 CMakeFiles/SCTR_EstacionMeteorologica.dir/usr/local/src/rpico/pico-sdk/src/rp2_common/pico_printf/printf.c.o
 .rodata.crlf_str.0
                0x100088e8        0x2 CMakeFiles/SCTR_EstacionMeteorologica.dir/usr/local/src/rpico/pico-sdk/src/rp2_common/pico_stdio/stdio.c.o
 *fill*         0x100088ea        0x2 
 .rodata._resetd_driver
                0x100088ec       0x20 CMakeFiles/SCTR_EstacionMeteorologica.dir/usr/local/src/rpico/pico-sdk/src/rp2_common/pico_stdio_usb/reset_interface.c.o
 .rodata.desc_ms_os_20
                0x1000890c       0xa6 CMakeFiles/SCTR_EstacionMeteorologica.dir/usr/local/src/rpico/pico-sdk/src/rp2_common/pico_stdio_usb/reset_interface.c.o
 *fill*         0x100089b2        0x2 
 .rodata.desc_bos
                0x100089b4       0x21 CMakeFiles/SCTR_EstacionMeteorologica.dir/usr/local/src/rpico/pico-sdk/src/rp2_common/pico_stdio_usb/reset_interface.c.o
                0x100089b4                desc_bos
 .rodata.str1.4
                0x100089d5       0x13 CMakeFiles/SCTR_EstacionMeteorologica.dir/usr/local/src/rpico/pico-sdk/src/rp2_common/pico_stdio_usb/stdio_usb.c.o
 *fill*         0x100089d5        0x3 
 .rodata.__bi_202.0
                0x100089d8        0xc CMakeFiles/SCTR_EstacionMeteorologica.dir/usr/local/src/rpico/pico-sdk/src/rp2_common/pico_stdio_usb/stdio_usb.c.o
 .rodata.str1.4
                0x100089e4       0x2a CMakeFiles/SCTR_EstacionMeteorologica.dir/usr/local/src/rpico/pico-sdk/src/rp2_common/pico_stdio_usb/stdio_usb_descriptors.c.o
 .rodata.usbd_desc_str
                0x100089e4       0x18 CMakeFiles/SCTR_EstacionMeteorologica.dir/usr/local/src/rpico/pico-sdk/src/rp2_common/pico_stdio_usb/stdio_usb_descriptors.c.o
 .rodata.usbd_desc_cfg
                0x100089fc       0x54 CMakeFiles/SCTR_EstacionMeteorologica.dir/usr/local/src/rpico/pico-sdk/src/rp2_common/pico_stdio_usb/stdio_usb_descriptors.c.o
 .rodata.usbd_desc_device
                0x10008a50       0x12 CMakeFiles/SCTR_EstacionMeteorologica.dir/usr/local/src/rpico/pico-sdk/src/rp2_common/pico_stdio_usb/stdio_usb_descriptors.c.o
 .rodata.str1.4
                0x10008a62       0x14 CMakeFiles/SCTR_EstacionMeteorologica.dir/usr/local/src/rpico/pico-sdk/lib/tinyusb/src/portable/raspberrypi/rp2040/dcd_rp2040.c.o
 .rodata.str1.4
                0x10008a62       0x48 CMakeFiles/SCTR_EstacionMeteorologica.dir/usr/local/src/rpico/pico-sdk/lib/tinyusb/src/portable/raspberrypi/rp2040/rp2040_usb.c.o
 *fill*         0x10008a62        0x2 
 .rodata.tud_task_ext
                0x10008a64       0x8c CMakeFiles/SCTR_EstacionMeteorologica.dir/usr/local/src/rpico/pico-sdk/lib/tinyusb/src/device/usbd.c.o
 .rodata        0x10008af0       0x1c CMakeFiles/SCTR_EstacionMeteorologica.dir/usr/local/src/rpico/pico-sdk/lib/tinyusb/src/device/usbd.c.o
 .rodata._usbd_driver
                0x10008b0c       0x40 CMakeFiles/SCTR_EstacionMeteorologica.dir/usr/local/src/rpico/pico-sdk/lib/tinyusb/src/device/usbd.c.o
                0x10008b4c                        . = ALIGN (0x4)
 *(SORT_BY_ALIGNMENT(SORT_BY_NAME(.flashdata*)))
 .flashdata.    0x10008b4c        0xf CMakeFiles/SCTR_EstacionMeteorologica.dir/DHT20/DHT20.c.o
                0x10008b5c                        . = ALIGN (0x4)
 *fill*         0x10008b5b        0x1 

.ARM.extab
 *(.ARM.extab* .gnu.linkonce.armextab.*)
                0x10008b5c                        __exidx_start = .

.ARM.exidx
 *(.ARM.exidx* .gnu.linkonce.armexidx.*)
                0x10008b5c                        __exidx_end = .
                0x10008b5c                        . = ALIGN (0x4)
                0x10008b5c                        __binary_info_start = .

.binary_info    0x10008b5c       0x20
 *(.binary_info.keep.*)
 .binary_info.keep.__bi_ptr84
                0x10008b5c        0x4 CMakeFiles/SCTR_EstacionMeteorologica.dir/usr/local/src/rpico/pico-sdk/src/rp2_common/pico_standard_binary_info/standard_binary_info.c.o
 .binary_info.keep.__bi_ptr78
                0x10008b60        0x4 CMakeFiles/SCTR_EstacionMeteorologica.dir/usr/local/src/rpico/pico-sdk/src/rp2_common/pico_standard_binary_info/standard_binary_info.c.o
 .binary_info.keep.__bi_ptr54
                0x10008b64        0x4 CMakeFiles/SCTR_EstacionMeteorologica.dir/usr/local/src/rpico/pico-sdk/src/rp2_common/pico_standard_binary_info/standard_binary_info.c.o
 .binary_info.keep.__bi_ptr48
                0x10008b68        0x4 CMakeFiles/SCTR_EstacionMeteorologica.dir/usr/local/src/rpico/pico-sdk/src/rp2_common/pico_standard_binary_info/standard_binary_info.c.o
 .binary_info.keep.__bi_ptr42
                0x10008b6c        0x4 CMakeFiles/SCTR_EstacionMeteorologica.dir/usr/local/src/rpico/pico-sdk/src/rp2_common/pico_standard_binary_info/standard_binary_info.c.o
 .binary_info.keep.__bi_ptr34
                0x10008b70        0x4 CMakeFiles/SCTR_EstacionMeteorologica.dir/usr/local/src/rpico/pico-sdk/src/rp2_common/pico_standard_binary_info/standard_binary_info.c.o
 .binary_info.keep.__bi_ptr26
                0x10008b74        0x4 CMakeFiles/SCTR_EstacionMeteorologica.dir/usr/local/src/rpico/pico-sdk/src/rp2_common/pico_standard_binary_info/standard_binary_info.c.o
 *(.binary_info.*)
 .binary_info.__bi_ptr202
                0x10008b78        0x4 CMakeFiles/SCTR_EstacionMeteorologica.dir/usr/local/src/rpico/pico-sdk/src/rp2_common/pico_stdio_usb/stdio_usb.c.o
                0x10008b7c                        __binary_info_end = .
                0x10008b7c                        . = ALIGN (0x4)

.ram_vector_table
                0x20000000       0xc0
 *(.ram_vector_table)
 .ram_vector_table
                0x20000000       0xc0 CMakeFiles/SCTR_EstacionMeteorologica.dir/usr/local/src/rpico/pico-sdk/src/rp2_common/pico_runtime_init/runtime_init.c.o
                0x20000000                ram_vector_table

.uninitialized_data
                0x200000c0        0x0
                0x200000c0                        . = ALIGN (0x4)
 *(.uninitialized_data*)

.data           0x200000c0     0x14f0 load address 0x10008b7c
                0x200000c0                        __data_start__ = .
 *(vtable)
 *(.time_critical*)
 .time_critical.mutex_try_enter
                0x200000c0       0x40 CMakeFiles/SCTR_EstacionMeteorologica.dir/usr/local/src/rpico/pico-sdk/src/common/pico_sync/mutex.c.o
                0x200000c0                mutex_try_enter
 .time_critical.mutex_try_enter_block_until
                0x20000100       0x9c CMakeFiles/SCTR_EstacionMeteorologica.dir/usr/local/src/rpico/pico-sdk/src/common/pico_sync/mutex.c.o
                0x20000100                mutex_try_enter_block_until
 .time_critical.mutex_enter_timeout_ms
                0x2000019c       0x90 CMakeFiles/SCTR_EstacionMeteorologica.dir/usr/local/src/rpico/pico-sdk/src/common/pico_sync/mutex.c.o
                0x2000019c                mutex_enter_timeout_ms
 .time_critical.mutex_exit
                0x2000022c       0x28 CMakeFiles/SCTR_EstacionMeteorologica.dir/usr/local/src/rpico/pico-sdk/src/common/pico_sync/mutex.c.o
                0x2000022c                mutex_exit
 .time_critical.flash_init_boot2_copyout
                0x20000254       0x30 CMakeFiles/SCTR_EstacionMeteorologica.dir/usr/local/src/rpico/pico-sdk/src/rp2_common/hardware_flash/flash.c.o
 .time_critical.flash_enable_xip_via_boot2
                0x20000284        0xc CMakeFiles/SCTR_EstacionMeteorologica.dir/usr/local/src/rpico/pico-sdk/src/rp2_common/hardware_flash/flash.c.o
 .time_critical.flash_save_hardware_state
                0x20000290       0x20 CMakeFiles/SCTR_EstacionMeteorologica.dir/usr/local/src/rpico/pico-sdk/src/rp2_common/hardware_flash/flash.c.o
 .time_critical.flash_restore_hardware_state
                0x200002b0       0x20 CMakeFiles/SCTR_EstacionMeteorologica.dir/usr/local/src/rpico/pico-sdk/src/rp2_common/hardware_flash/flash.c.o
 .time_critical.flash_cs_force
                0x200002d0       0x38 CMakeFiles/SCTR_EstacionMeteorologica.dir/usr/local/src/rpico/pico-sdk/src/rp2_common/hardware_flash/flash.c.o
 .time_critical.flash_do_cmd
                0x20000308       0xd0 CMakeFiles/SCTR_EstacionMeteorologica.dir/usr/local/src/rpico/pico-sdk/src/rp2_common/hardware_flash/flash.c.o
                0x20000308                flash_do_cmd
 .time_critical.reset_non_control_endpoints
                0x200003d8       0x68 CMakeFiles/SCTR_EstacionMeteorologica.dir/usr/local/src/rpico/pico-sdk/lib/tinyusb/src/portable/raspberrypi/rp2040/dcd_rp2040.c.o
 .time_critical.hw_handle_buff_status
                0x20000440       0xa0 CMakeFiles/SCTR_EstacionMeteorologica.dir/usr/local/src/rpico/pico-sdk/lib/tinyusb/src/portable/raspberrypi/rp2040/dcd_rp2040.c.o
 .time_critical.dcd_rp2040_irq
                0x200004e0      0x544 CMakeFiles/SCTR_EstacionMeteorologica.dir/usr/local/src/rpico/pico-sdk/lib/tinyusb/src/portable/raspberrypi/rp2040/dcd_rp2040.c.o
 .time_critical.prepare_ep_buffer
                0x20000a24       0xe0 CMakeFiles/SCTR_EstacionMeteorologica.dir/usr/local/src/rpico/pico-sdk/lib/tinyusb/src/portable/raspberrypi/rp2040/rp2040_usb.c.o
 .time_critical.sync_ep_buffer
                0x20000b04       0xa8 CMakeFiles/SCTR_EstacionMeteorologica.dir/usr/local/src/rpico/pico-sdk/lib/tinyusb/src/portable/raspberrypi/rp2040/rp2040_usb.c.o
 .time_critical._hw_endpoint_xfer_sync
                0x20000bac       0x28 CMakeFiles/SCTR_EstacionMeteorologica.dir/usr/local/src/rpico/pico-sdk/lib/tinyusb/src/portable/raspberrypi/rp2040/rp2040_usb.c.o
 .time_critical.e15_is_bulkin_ep
                0x20000bd4       0x28 CMakeFiles/SCTR_EstacionMeteorologica.dir/usr/local/src/rpico/pico-sdk/lib/tinyusb/src/portable/raspberrypi/rp2040/rp2040_usb.c.o
 .time_critical.e15_is_critical_frame_period
                0x20000bfc       0x34 CMakeFiles/SCTR_EstacionMeteorologica.dir/usr/local/src/rpico/pico-sdk/lib/tinyusb/src/portable/raspberrypi/rp2040/rp2040_usb.c.o
 .time_critical.hw_endpoint_reset_transfer
                0x20000c30        0xc CMakeFiles/SCTR_EstacionMeteorologica.dir/usr/local/src/rpico/pico-sdk/lib/tinyusb/src/portable/raspberrypi/rp2040/rp2040_usb.c.o
                0x20000c30                hw_endpoint_reset_transfer
 .time_critical._hw_endpoint_buffer_control_update32
                0x20000c3c       0x50 CMakeFiles/SCTR_EstacionMeteorologica.dir/usr/local/src/rpico/pico-sdk/lib/tinyusb/src/portable/raspberrypi/rp2040/rp2040_usb.c.o
                0x20000c3c                _hw_endpoint_buffer_control_update32
 .time_critical.hw_endpoint_start_next_buffer
                0x20000c8c       0x6c CMakeFiles/SCTR_EstacionMeteorologica.dir/usr/local/src/rpico/pico-sdk/lib/tinyusb/src/portable/raspberrypi/rp2040/rp2040_usb.c.o
                0x20000c8c                hw_endpoint_start_next_buffer
 .time_critical.hw_endpoint_xfer_continue
                0x20000cf8       0x40 CMakeFiles/SCTR_EstacionMeteorologica.dir/usr/local/src/rpico/pico-sdk/lib/tinyusb/src/portable/raspberrypi/rp2040/rp2040_usb.c.o
                0x20000cf8                hw_endpoint_xfer_continue
 .time_critical.tinyusb
                0x20000d38      0x1e4 CMakeFiles/SCTR_EstacionMeteorologica.dir/usr/local/src/rpico/pico-sdk/lib/tinyusb/src/device/usbd.c.o
                0x20000d38                dcd_event_handler
 *(.text*)
 .text          0x20000f1c        0x4 /usr/lib/gcc/arm-none-eabi/13.2.1/thumb/v6-m/nofp/libgcc.a(_dvmd_tls.o)
                0x20000f1c                __aeabi_ldiv0
                0x20000f1c                __aeabi_idiv0
 .text.__stub   0x20000f20       0x80 linker stubs
                0x20000fa0                        . = ALIGN (0x4)
 *(.rodata*)
                0x20000fa0                        . = ALIGN (0x4)
 *(.data*)
 .data.striped_spin_lock_num
                0x20000fa0        0x1 CMakeFiles/SCTR_EstacionMeteorologica.dir/usr/local/src/rpico/pico-sdk/src/rp2_common/hardware_sync/sync.c.o
 *fill*         0x20000fa1        0x3 
 .data          0x20000fa4       0x48 CMakeFiles/SCTR_EstacionMeteorologica.dir/usr/local/src/rpico/pico-sdk/src/rp2_common/hardware_irq/irq_handler_chain.S.o
                0x20000fa4                irq_handler_chain_slots
                0x20000fd4                irq_handler_chain_first_slot
                0x20000fde                irq_handler_chain_remove_tail
 .data.default_alarm_pool
                0x20000fec       0x18 CMakeFiles/SCTR_EstacionMeteorologica.dir/usr/local/src/rpico/pico-sdk/src/common/pico_time/time.c.o
 *fill*         0x20001004        0xc 
 .data.aeabi_bits_funcs
                0x20001010       0x10 CMakeFiles/SCTR_EstacionMeteorologica.dir/usr/local/src/rpico/pico-sdk/src/rp2_common/pico_bit_ops/bit_ops_aeabi.S.o
                0x20001010                aeabi_bits_funcs
                0x20001020                aeabi_bits_funcs_end
 .data.aeabi_mem_funcs
                0x20001020       0x10 CMakeFiles/SCTR_EstacionMeteorologica.dir/usr/local/src/rpico/pico-sdk/src/rp2_common/pico_mem_ops/mem_ops_aeabi.S.o
                0x20001020                aeabi_mem_funcs
                0x20001030                aeabi_mem_funcs_end
 .data.stdio_usb
                0x20001030       0x18 CMakeFiles/SCTR_EstacionMeteorologica.dir/usr/local/src/rpico/pico-sdk/src/rp2_common/pico_stdio_usb/stdio_usb.c.o
                0x20001030                stdio_usb
 .data._usbd_qdef
                0x20001048       0x1c CMakeFiles/SCTR_EstacionMeteorologica.dir/usr/local/src/rpico/pico-sdk/lib/tinyusb/src/device/usbd.c.o
                0x20001048                _usbd_qdef
 .data._usbd_rhport
                0x20001064        0x1 CMakeFiles/SCTR_EstacionMeteorologica.dir/usr/local/src/rpico/pico-sdk/lib/tinyusb/src/device/usbd.c.o
 *fill*         0x20001065        0x3 
 .data.i2c0_inst
                0x20001068        0x8 CMakeFiles/SCTR_EstacionMeteorologica.dir/usr/local/src/rpico/pico-sdk/src/rp2_common/hardware_i2c/i2c.c.o
                0x20001068                i2c0_inst
 .data          0x20001070      0x128 /usr/lib/gcc/arm-none-eabi/13.2.1/../../../arm-none-eabi/lib/thumb/v6-m/nofp/libg.a(libc_a-impure.o)
                0x20001070                _impure_ptr
                0x20001078                _impure_data
 .data          0x20001198      0x410 /usr/lib/gcc/arm-none-eabi/13.2.1/../../../arm-none-eabi/lib/thumb/v6-m/nofp/libg.a(libc_a-mallocr.o)
                0x20001198                __malloc_sbrk_base
                0x2000119c                __malloc_trim_threshold
                0x200011a0                __malloc_av_
                0x200015a8                        . = ALIGN (0x4)
 *(.after_data.*)
                0x200015a8                        . = ALIGN (0x4)
                0x200015a8                        PROVIDE (__mutex_array_start = .)
 *(SORT_BY_NAME(.mutex_array.*))
 *(.mutex_array)
 .mutex_array   0x200015a8        0x8 CMakeFiles/SCTR_EstacionMeteorologica.dir/usr/local/src/rpico/pico-sdk/src/rp2_common/pico_stdio/stdio.c.o
                0x200015b0                        PROVIDE (__mutex_array_end = .)
                0x200015b0                        . = ALIGN (0x4)
 *(.jcr)
                0x200015b0                        . = ALIGN (0x4)

.tm_clone_table
                0x200015b0        0x0 load address 0x1000a06c
 .tm_clone_table
                0x200015b0        0x0 /usr/lib/gcc/arm-none-eabi/13.2.1/thumb/v6-m/nofp/crtbegin.o
 .tm_clone_table
                0x200015b0        0x0 /usr/lib/gcc/arm-none-eabi/13.2.1/thumb/v6-m/nofp/crtend.o

.igot.plt       0x200015b0        0x0 load address 0x1000a06c
 .igot.plt      0x200015b0        0x0 /usr/lib/gcc/arm-none-eabi/13.2.1/thumb/v6-m/nofp/crtbegin.o

.tdata          0x200015b0        0x0 load address 0x1000a06c
                0x200015b0                        . = ALIGN (0x4)
 *(.tdata .tdata.* .gnu.linkonce.td.*)
                0x200015b0                        __tdata_end = .
                0x200015b0                        PROVIDE (__data_end__ = .)
                0x10008b7c                        __etext = LOADADDR (.data)

.tbss           0x200015b0        0x0 load address 0x1000a06c
                0x200015b0                        . = ALIGN (0x4)
                0x200015b0                        __bss_start__ = .
                0x200015b0                        __tls_base = .
 *(.tbss .tbss.* .gnu.linkonce.tb.*)
 *(.tcommon)
                0x200015b0                        __tls_end = .

.bss            0x200015b0     0x1210 load address 0x1000a06c
                0x200015b0                        . = ALIGN (0x4)
                0x200015b0                        __tbss_end = .
 *(SORT_BY_ALIGNMENT(SORT_BY_NAME(.bss*)))
 .bss.default_alarm_pool_entries
                0x200015b0      0x180 CMakeFiles/SCTR_EstacionMeteorologica.dir/usr/local/src/rpico/pico-sdk/src/common/pico_time/time.c.o
 .bss.last_avail_time.1
                0x20001730        0x8 CMakeFiles/SCTR_EstacionMeteorologica.dir/usr/local/src/rpico/pico-sdk/src/rp2_common/pico_stdio_usb/stdio_usb.c.o
 .bss.sd_table  0x20001738      0x100 CMakeFiles/SCTR_EstacionMeteorologica.dir/usr/local/src/rpico/pico-sdk/src/rp2_common/pico_double/double_init_rom_rp2040.c.o
                0x20001738                sd_table
 .bss.sf_table  0x20001838      0x100 CMakeFiles/SCTR_EstacionMeteorologica.dir/usr/local/src/rpico/pico-sdk/src/rp2_common/pico_float/float_init_rom_rp2040.c.o
                0x20001838                sf_table
 .bss           0x20001938       0x1c /usr/lib/gcc/arm-none-eabi/13.2.1/thumb/v6-m/nofp/crtbegin.o
 .bss           0x20001954       0x34 /usr/lib/gcc/arm-none-eabi/13.2.1/../../../arm-none-eabi/lib/thumb/v6-m/nofp/libg.a(libc_a-mallocr.o)
                0x20001954                __malloc_top_pad
                0x20001958                __malloc_current_mallinfo
                0x20001980                __malloc_max_sbrked_mem
                0x20001984                __malloc_max_total_mem
 .bss           0x20001988      0x13c /usr/lib/gcc/arm-none-eabi/13.2.1/../../../arm-none-eabi/lib/thumb/v6-m/nofp/libg.a(libc_a-findfp.o)
                0x20001988                __stdio_exit_handler
                0x2000198c                __sf
 .bss           0x20001ac4        0x4 /usr/lib/gcc/arm-none-eabi/13.2.1/../../../arm-none-eabi/lib/thumb/v6-m/nofp/libg.a(libc_a-reent.o)
                0x20001ac4                errno
 .bss           0x20001ac8      0x190 /usr/lib/gcc/arm-none-eabi/13.2.1/../../../arm-none-eabi/lib/thumb/v6-m/nofp/libg.a(libc_a-__atexit.o)
                0x20001ac8                __atexit0
 .bss           0x20001c58        0x4 /usr/lib/gcc/arm-none-eabi/13.2.1/../../../arm-none-eabi/lib/thumb/v6-m/nofp/libg.a(libc_a-__call_atexit.o)
                0x20001c58                __atexit
 .bss._app_driver
                0x20001c5c        0x4 CMakeFiles/SCTR_EstacionMeteorologica.dir/usr/local/src/rpico/pico-sdk/lib/tinyusb/src/device/usbd.c.o
 .bss._cdcd_epbuf
                0x20001c60       0x80 CMakeFiles/SCTR_EstacionMeteorologica.dir/usr/local/src/rpico/pico-sdk/lib/tinyusb/src/class/cdc/cdc_device.c.o
 .bss._cdcd_fifo_cfg
                0x20001ce0        0x1 CMakeFiles/SCTR_EstacionMeteorologica.dir/usr/local/src/rpico/pico-sdk/lib/tinyusb/src/class/cdc/cdc_device.c.o
 *fill*         0x20001ce1        0x3 
 .bss._cdcd_itf
                0x20001ce4       0xc8 CMakeFiles/SCTR_EstacionMeteorologica.dir/usr/local/src/rpico/pico-sdk/lib/tinyusb/src/class/cdc/cdc_device.c.o
 .bss._ctrl_epbuf
                0x20001dac       0x40 CMakeFiles/SCTR_EstacionMeteorologica.dir/usr/local/src/rpico/pico-sdk/lib/tinyusb/src/device/usbd_control.c.o
 .bss._ctrl_xfer
                0x20001dec       0x14 CMakeFiles/SCTR_EstacionMeteorologica.dir/usr/local/src/rpico/pico-sdk/lib/tinyusb/src/device/usbd_control.c.o
 .bss._tusb_rhport_role
                0x20001e00        0x2 CMakeFiles/SCTR_EstacionMeteorologica.dir/usr/local/src/rpico/pico-sdk/lib/tinyusb/src/tusb.c.o
                0x20001e00                _tusb_rhport_role
 *fill*         0x20001e02        0x2 
 .bss._ubsd_mutexdef
                0x20001e04        0x8 CMakeFiles/SCTR_EstacionMeteorologica.dir/usr/local/src/rpico/pico-sdk/lib/tinyusb/src/device/usbd.c.o
 .bss._usbd_dev
                0x20001e0c       0x54 CMakeFiles/SCTR_EstacionMeteorologica.dir/usr/local/src/rpico/pico-sdk/lib/tinyusb/src/device/usbd.c.o
 .bss._usbd_mutex
                0x20001e60        0x4 CMakeFiles/SCTR_EstacionMeteorologica.dir/usr/local/src/rpico/pico-sdk/lib/tinyusb/src/device/usbd.c.o
 .bss._usbd_q   0x20001e64        0x4 CMakeFiles/SCTR_EstacionMeteorologica.dir/usr/local/src/rpico/pico-sdk/lib/tinyusb/src/device/usbd.c.o
 .bss._usbd_qdef_buf
                0x20001e68       0xc0 CMakeFiles/SCTR_EstacionMeteorologica.dir/usr/local/src/rpico/pico-sdk/lib/tinyusb/src/device/usbd.c.o
                0x20001e68                _usbd_qdef_buf
 .bss._vendord_epbuf
                0x20001f28       0x80 CMakeFiles/SCTR_EstacionMeteorologica.dir/usr/local/src/rpico/pico-sdk/lib/tinyusb/src/class/vendor/vendor_device.c.o
 .bss._vendord_itf
                0x20001fa8      0x24c CMakeFiles/SCTR_EstacionMeteorologica.dir/usr/local/src/rpico/pico-sdk/lib/tinyusb/src/class/vendor/vendor_device.c.o
 .bss.boot2_copyout
                0x200021f4      0x100 CMakeFiles/SCTR_EstacionMeteorologica.dir/usr/local/src/rpico/pico-sdk/src/rp2_common/hardware_flash/flash.c.o
 .bss.chars_available_callback
                0x200022f4        0x4 CMakeFiles/SCTR_EstacionMeteorologica.dir/usr/local/src/rpico/pico-sdk/src/rp2_common/pico_stdio_usb/stdio_usb.c.o
 .bss.chars_available_param
                0x200022f8        0x4 CMakeFiles/SCTR_EstacionMeteorologica.dir/usr/local/src/rpico/pico-sdk/src/rp2_common/pico_stdio_usb/stdio_usb.c.o
 .bss.claimed   0x200022fc        0x4 CMakeFiles/SCTR_EstacionMeteorologica.dir/usr/local/src/rpico/pico-sdk/src/rp2_common/hardware_sync/sync.c.o
 .bss.claimed   0x20002300        0x1 CMakeFiles/SCTR_EstacionMeteorologica.dir/usr/local/src/rpico/pico-sdk/src/rp2_common/hardware_timer/timer.c.o
 *fill*         0x20002301        0x3 
 .bss.configured_freq
                0x20002304       0x28 CMakeFiles/SCTR_EstacionMeteorologica.dir/usr/local/src/rpico/pico-sdk/src/rp2_common/hardware_clocks/clocks.c.o
 .bss.desc_str.0