Archive member included to satisfy reference by file (symbol)

/usr/lib/gcc/arm-none-eabi/13.2.1/../../../arm-none-eabi/lib/thumb/v6-m/nofp/libm.a(libm_a-sf_modf.o)
                              CMakeFiles/SCTR_EstacionMeteorologica.dir/sgp30/driver_sgp30.c.o (modff)
/usr/lib/gcc/arm-none-eabi/13.2.1/../../../arm-none-eabi/lib/thumb/v6-m/nofp/libm.a(libm_a-sf_fpclassify.o)
                              /usr/lib/gcc/arm-none-eabi/13.2.1/../../../arm-none-eabi/lib/thumb/v6-m/nofp/libm.a(libm_a-sf_modf.o) (__fpclassifyf)
/usr/lib/gcc/arm-none-eabi/13.2.1/thumb/v6-m/nofp/libgcc.a(_dvmd_tls.o)
                              CMakeFiles/SCTR_EstacionMeteorologica.dir/usr/local/src/rpico/pico-sdk/src/rp2_common/pico_divider/divider_hardware.S.o (__aeabi_idiv0)
/usr/lib/gcc/arm-none-eabi/13.2.1/../../../arm-none-eabi/lib/thumb/v6-m/nofp/libg.a(libc_a-strncpy.o)
                              CMakeFiles/SCTR_EstacionMeteorologica.dir/sgp30/driver_sgp30.c.o (strncpy)
/usr/lib/gcc/arm-none-eabi/13.2.1/../../../arm-none-eabi/lib/thumb/v6-m/nofp/libg.a(libc_a-calloc.o)
                              CMakeFiles/SCTR_EstacionMeteorologica.dir/usr/local/src/rpico/pico-sdk/src/rp2_common/pico_malloc/malloc.c.o (calloc)
/usr/lib/gcc/arm-none-eabi/13.2.1/../../../arm-none-eabi/lib/thumb/v6-m/nofp/libg.a(libc_a-impure.o)
                              /usr/lib/gcc/arm-none-eabi/13.2.1/../../../arm-none-eabi/lib/thumb/v6-m/nofp/libg.a(libc_a-calloc.o) (_impure_ptr)
/usr/lib/gcc/arm-none-eabi/13.2.1/../../../arm-none-eabi/lib/thumb/v6-m/nofp/libg.a(libc_a-callocr.o)
                              /usr/lib/gcc/arm-none-eabi/13.2.1/../../../arm-none-eabi/lib/thumb/v6-m/nofp/libg.a(libc_a-calloc.o) (_calloc_r)
/usr/lib/gcc/arm-none-eabi/13.2.1/../../../arm-none-eabi/lib/thumb/v6-m/nofp/libg.a(libc_a-realloc.o)
                              CMakeFiles/SCTR_EstacionMeteorologica.dir/usr/local/src/rpico/pico-sdk/src/rp2_common/pico_malloc/malloc.c.o (realloc)
/usr/lib/gcc/arm-none-eabi/13.2.1/../../../arm-none-eabi/lib/thumb/v6-m/nofp/libg.a(libc_a-mallocr.o)
                              /usr/lib/gcc/arm-none-eabi/13.2.1/../../../arm-none-eabi/lib/thumb/v6-m/nofp/libg.a(libc_a-callocr.o) (_malloc_r)
/usr/lib/gcc/arm-none-eabi/13.2.1/../../../arm-none-eabi/lib/thumb/v6-m/nofp/libg.a(libc_a-freer.o)
                              /usr/lib/gcc/arm-none-eabi/13.2.1/../../../arm-none-eabi/lib/thumb/v6-m/nofp/libg.a(libc_a-mallocr.o) (_free_r)
/usr/lib/gcc/arm-none-eabi/13.2.1/../../../arm-none-eabi/lib/thumb/v6-m/nofp/libg.a(libc_a-memcmp.o)
                              CMakeFiles/SCTR_EstacionMeteorologica.dir/usr/local/src/rpico/pico-sdk/src/rp2_common/pico_atomic/atomic.c.o (memcmp)
/usr/lib/gcc/arm-none-eabi/13.2.1/../../../arm-none-eabi/lib/thumb/v6-m/nofp/libg.a(libc_a-malloc.o)
                              CMakeFiles/SCTR_EstacionMeteorologica.dir/usr/local/src/rpico/pico-sdk/src/rp2_common/pico_malloc/malloc.c.o (malloc)
/usr/lib/gcc/arm-none-eabi/13.2.1/../../../arm-none-eabi/lib/thumb/v6-m/nofp/libg.a(libc_a-sysconf.o)
                              /usr/lib/gcc/arm-none-eabi/13.2.1/../../../arm-none-eabi/lib/thumb/v6-m/nofp/libg.a(libc_a-mallocr.o) (sysconf)
/usr/lib/gcc/arm-none-eabi/13.2.1/../../../arm-none-eabi/lib/thumb/v6-m/nofp/libg.a(libc_a-init.o)
                              /usr/lib/gcc/arm-none-eabi/13.2.1/../../../arm-none-eabi/lib/thumb/v6-m/nofp/crt0.o (__libc_init_array)
/usr/lib/gcc/arm-none-eabi/13.2.1/../../../arm-none-eabi/lib/thumb/v6-m/nofp/libg.a(libc_a-reallocr.o)
                              /usr/lib/gcc/arm-none-eabi/13.2.1/../../../arm-none-eabi/lib/thumb/v6-m/nofp/libg.a(libc_a-realloc.o) (_realloc_r)
/usr/lib/gcc/arm-none-eabi/13.2.1/../../../arm-none-eabi/lib/thumb/v6-m/nofp/libg.a(libc_a-mktime.o)
                              CMakeFiles/SCTR_EstacionMeteorologica.dir/usr/local/src/rpico/pico-sdk/src/common/pico_util/datetime.c.o (mktime)
/usr/lib/gcc/arm-none-eabi/13.2.1/../../../arm-none-eabi/lib/thumb/v6-m/nofp/libg.a(libc_a-mlock.o)
                              /usr/lib/gcc/arm-none-eabi/13.2.1/../../../arm-none-eabi/lib/thumb/v6-m/nofp/libg.a(libc_a-mallocr.o) (__malloc_lock)
/usr/lib/gcc/arm-none-eabi/13.2.1/../../../arm-none-eabi/lib/thumb/v6-m/nofp/libg.a(libc_a-findfp.o)
                              /usr/lib/gcc/arm-none-eabi/13.2.1/../../../arm-none-eabi/lib/thumb/v6-m/nofp/libg.a(libc_a-impure.o) (__sf)
/usr/lib/gcc/arm-none-eabi/13.2.1/../../../arm-none-eabi/lib/thumb/v6-m/nofp/libg.a(libc_a-tzlock.o)
                              /usr/lib/gcc/arm-none-eabi/13.2.1/../../../arm-none-eabi/lib/thumb/v6-m/nofp/libg.a(libc_a-mktime.o) (__tz_lock)
/usr/lib/gcc/arm-none-eabi/13.2.1/../../../arm-none-eabi/lib/thumb/v6-m/nofp/libg.a(libc_a-ctype_.o)
                              CMakeFiles/SCTR_EstacionMeteorologica.dir/ssd1306/ssd1306.c.o (_ctype_)
/usr/lib/gcc/arm-none-eabi/13.2.1/../../../arm-none-eabi/lib/thumb/v6-m/nofp/libg.a(libc_a-atexit.o)
[...]
Memory Configuration

Name             Origin             Length             Attributes
FLASH            0x10000000         0x00200000         xr
RAM              0x20000000         0x00040000         xrw
SCRATCH_X        0x20040000         0x00001000         xrw
SCRATCH_Y        0x20041000         0x00001000         xrw
*default*        0x00000000         0xffffffff

Linker script and memory map

LOAD /usr/lib/gcc/arm-none-eabi/13.2.1/thumb/v6-m/nofp/crti.o
LOAD /usr/lib/gcc/arm-none-eabi/13.2.1/thumb/v6-m/nofp/crtbegin.o
LOAD /usr/lib/gcc/arm-none-eabi/13.2.1/../../../arm-none-eabi/lib/thumb/v6-m/nofp/crt0.o

.flash_begin    0x10000000        0x0
                0x10000000                        __flash_binary_start = .

.boot2          0x10000000      0x100
                0x10000000                        __boot2_start__ = .
 *(.boot2)
 .boot2         0x10000000      0x100 pico-sdk/src/rp2040/boot_stage2/CMakeFiles/bs2_default_library.dir/bs2_default_padded_checksummed.S.o
                0x10000100                        __boot2_end__ = .
                0x00000001                        ASSERT (((__boot2_end__ - __boot2_start__) == 0x100), ERROR: Pico second stage bootloader must be 256 bytes in size)

.text           0x10000100     0x5858
                0x10000100                        __logical_binary_start = .
 *(.vectors)
 .vectors       0x10000100       0xd4 CMakeFiles/SCTR_EstacionMeteorologica.dir/usr/local/src/rpico/pico-sdk/src/rp2_common/pico_crt0/crt0.S.o
                0x10000100                __vectors
                0x10000100                __VECTOR_TABLE
                0x100001c0                isr_irq30
                0x100001c0                __unhandled_user_irq
                0x100001c0                isr_irq13
                0x100001c0                isr_irq27
                0x100001c0                isr_irq31
                0x100001c0                isr_irq5
                0x100001c0                isr_irq11
                0x100001c0                isr_irq23
                0x100001c0                isr_irq18
                0x100001c0                isr_irq28
                0x100001c0                isr_irq19
                0x100001c0                isr_irq0
                0x100001c0                isr_irq6
                0x100001c0                isr_irq22
                0x100001c0                isr_irq17
                0x100001c0                isr_irq14
                0x100001c0                __vectors_end
                0x100001c0                __default_isrs_start
                0x100001c0                isr_irq2
                0x100001c0                isr_irq10
                0x100001c0                isr_irq8
                0x100001c0                isr_irq24
                0x100001c0                isr_irq1
                0x100001c0                isr_irq7
                0x100001c0                isr_irq21
                0x100001c0                isr_irq20
                0x100001c0                isr_irq15
                0x100001c0                isr_irq25
                0x100001c0                isr_irq4
                0x100001c0                isr_irq16
                0x100001c0                isr_irq29
                0x100001c0                isr_irq26
                0x100001c0                isr_irq3
                0x100001c0                isr_irq12
                0x100001c0                isr_irq9
                0x100001c6                unhandled_user_irq_num_in_r0
                0x100001c8                isr_invalid
                0x100001ca                isr_nmi
                0x100001cc                isr_hardfault
                0x100001ce                isr_svcall
                0x100001d0                isr_pendsv
                0x100001d2                isr_systick
                0x100001d4                __default_isrs_end
 *(.binary_info_header)
 .binary_info_header
                0x100001d4       0x14 CMakeFiles/SCTR_EstacionMeteorologica.dir/usr/local/src/rpico/pico-sdk/src/rp2_common/pico_crt0/crt0.S.o
                0x100001e8                        __binary_info_header_end = .
 *(.embedded_block)
                0x100001e8                        __embedded_block_end = .
 *(.reset)
 .reset         0x100001e8       0x9c CMakeFiles/SCTR_EstacionMeteorologica.dir/usr/local/src/rpico/pico-sdk/src/rp2_common/pico_crt0/crt0.S.o
                0x100001e8                _entry_point
 *(.init)
 .init          0x10000284        0x4 /usr/lib/gcc/arm-none-eabi/13.2.1/thumb/v6-m/nofp/crti.o
                0x10000284                _init
 *(EXCLUDE_FILE(*libm.a: *libc.a:*lib_a-mem*.o *libgcc.a:) .text*)
 .text          0x10000288       0x98 /usr/lib/gcc/arm-none-eabi/13.2.1/thumb/v6-m/nofp/crtbegin.o
 .text.trans_temp
                0x10000320       0x80 CMakeFiles/SCTR_EstacionMeteorologica.dir/main.c.o
                0x10000320                trans_temp
 .text.iic_init
                0x100003a0       0x3c CMakeFiles/SCTR_EstacionMeteorologica.dir/main.c.o
                0x100003a0                iic_init
 .text.sgp30_iic_write_cmd
                0x100003dc       0x20 CMakeFiles/SCTR_EstacionMeteorologica.dir/main.c.o
                0x100003dc                sgp30_iic_write_cmd
 .text.sgp30_iic_read_cmd
                0x100003fc       0x20 CMakeFiles/SCTR_EstacionMeteorologica.dir/main.c.o
                0x100003fc                sgp30_iic_read_cmd
 .text.sgp30_delay_ms
                0x1000041c        0x8 CMakeFiles/SCTR_EstacionMeteorologica.dir/main.c.o
                0x1000041c                sgp30_delay_ms
 .text.trans_co2
                0x10000424       0x74 CMakeFiles/SCTR_EstacionMeteorologica.dir/main.c.o
                0x10000424                trans_co2
 .text.trans_humedad
                0x10000498       0x80 CMakeFiles/SCTR_EstacionMeteorologica.dir/main.c.o
                0x10000498                trans_humedad
 .text.startup.main
                0x10000518      0x168 CMakeFiles/SCTR_EstacionMeteorologica.dir/main.c.o
                0x10000518                main
 .text.DHT20_init
                0x10000680       0xd4 CMakeFiles/SCTR_EstacionMeteorologica.dir/DHT20/DHT20.c.o
                0x10000680                DHT20_init
 .text.convert  0x10000754      0x10c CMakeFiles/SCTR_EstacionMeteorologica.dir/DHT20/DHT20.c.o
                0x10000754                convert
 .text.updateMeasurement
                0x10000860      0x16c CMakeFiles/SCTR_EstacionMeteorologica.dir/DHT20/DHT20.c.o
                0x10000860                updateMeasurement
 .text.getHumidity
                0x100009cc        0xc CMakeFiles/SCTR_EstacionMeteorologica.dir/DHT20/DHT20.c.o
                0x100009cc                getHumidity
 .text.getTemperature
                0x100009d8        0xc CMakeFiles/SCTR_EstacionMeteorologica.dir/DHT20/DHT20.c.o
                0x100009d8                getTemperature
 .text.render_on_display
                0x100009e4       0x98 CMakeFiles/SCTR_EstacionMeteorologica.dir/ssd1306/ssd1306.c.o
                0x100009e4                render_on_display
 .text.ssd1306_draw_string
                0x10000a7c       0xd8 CMakeFiles/SCTR_EstacionMeteorologica.dir/ssd1306/ssd1306.c.o
                0x10000a7c                ssd1306_draw_string
 .text.sgp30_iaq_init
                0x10000b54       0x54 CMakeFiles/SCTR_EstacionMeteorologica.dir/sgp30/driver_sgp30.c.o
                0x10000b54                sgp30_iaq_init
 .text.sgp30_set_absolute_humidity
                0x10000ba8      0x20c CMakeFiles/SCTR_EstacionMeteorologica.dir/sgp30/driver_sgp30.c.o
                0x10000ba8                sgp30_set_absolute_humidity
 .text.sgp30_init
                0x10000db4       0x84 CMakeFiles/SCTR_EstacionMeteorologica.dir/sgp30/driver_sgp30.c.o
                0x10000db4                sgp30_init
 .text.sgp30_read
                0x10000e38      0x3a8 CMakeFiles/SCTR_EstacionMeteorologica.dir/sgp30/driver_sgp30.c.o
                0x10000e38                sgp30_read
 .text.gpio_set_function
                0x100011e0       0x34 CMakeFiles/SCTR_EstacionMeteorologica.dir/usr/local/src/rpico/pico-sdk/src/rp2_common/hardware_gpio/gpio.c.o
                0x100011e0                gpio_set_function
 .text.gpio_set_pulls
                0x10001214       0x28 CMakeFiles/SCTR_EstacionMeteorologica.dir/usr/local/src/rpico/pico-sdk/src/rp2_common/hardware_gpio/gpio.c.o
                0x10001214                gpio_set_pulls
 .text.panic    0x1000123c       0x30 CMakeFiles/SCTR_EstacionMeteorologica.dir/usr/local/src/rpico/pico-sdk/src/rp2_common/pico_platform_panic/panic.c.o
                0x1000123c                panic
 .text.hw_claim_or_assert
                0x1000126c       0x44 CMakeFiles/SCTR_EstacionMeteorologica.dir/usr/local/src/rpico/pico-sdk/src/common/hardware_claim/claim.c.o
                0x1000126c                hw_claim_or_assert
 .text.next_striped_spin_lock_num
                0x100012b0       0x18 CMakeFiles/SCTR_EstacionMeteorologica.dir/usr/local/src/rpico/pico-sdk/src/rp2_common/hardware_sync/sync.c.o
                0x100012b0                next_striped_spin_lock_num
 .text.spin_locks_reset
                0x100012c8       0x1c CMakeFiles/SCTR_EstacionMeteorologica.dir/usr/local/src/rpico/pico-sdk/src/rp2_common/hardware_sync_spin_lock/sync_spin_lock.c.o
                0x100012c8                spin_locks_reset
 .text.runtime_init_per_core_irq_priorities
                0x100012e4       0x24 CMakeFiles/SCTR_EstacionMeteorologica.dir/usr/local/src/rpico/pico-sdk/src/rp2_common/hardware_irq/irq.c.o
                0x100012e4                runtime_init_per_core_irq_priorities
 .text.irq_set_enabled
                0x10001308       0x24 CMakeFiles/SCTR_EstacionMeteorologica.dir/usr/local/src/rpico/pico-sdk/src/rp2_common/hardware_irq/irq.c.o
                0x10001308                irq_set_enabled
 .text.irq_set_exclusive_handler
                0x1000132c       0x54 CMakeFiles/SCTR_EstacionMeteorologica.dir/usr/local/src/rpico/pico-sdk/src/rp2_common/hardware_irq/irq.c.o
                0x1000132c                irq_set_exclusive_handler
 .text.lock_init
                0x10001380       0x10 CMakeFiles/SCTR_EstacionMeteorologica.dir/usr/local/src/rpico/pico-sdk/src/common/pico_sync/lock_core.c.o
                0x10001380                lock_init
 .text.runtime_init_mutex
                0x10001390       0x50 CMakeFiles/SCTR_EstacionMeteorologica.dir/usr/local/src/rpico/pico-sdk/src/common/pico_sync/mutex.c.o
                0x10001390                runtime_init_mutex
 .text.sleep_until_callback
                0x100013e0       0x30 CMakeFiles/SCTR_EstacionMeteorologica.dir/usr/local/src/rpico/pico-sdk/src/common/pico_time/time.c.o
 .text.alarm_pool_irq_handler
                0x10001410      0x2fc CMakeFiles/SCTR_EstacionMeteorologica.dir/usr/local/src/rpico/pico-sdk/src/common/pico_time/time.c.o
 .text.runtime_init_default_alarm_pool
                0x1000170c       0xdc CMakeFiles/SCTR_EstacionMeteorologica.dir/usr/local/src/rpico/pico-sdk/src/common/pico_time/time.c.o
                0x1000170c                runtime_init_default_alarm_pool
 .text.alarm_pool_add_alarm_at_force_in_context
                0x100017e8       0xb0 CMakeFiles/SCTR_EstacionMeteorologica.dir/usr/local/src/rpico/pico-sdk/src/common/pico_time/time.c.o
                0x100017e8                alarm_pool_add_alarm_at_force_in_context
 .text.alarm_pool_cancel_alarm
                0x10001898       0x74 CMakeFiles/SCTR_EstacionMeteorologica.dir/usr/local/src/rpico/pico-sdk/src/common/pico_time/time.c.o
                0x10001898                alarm_pool_cancel_alarm
 .text.sleep_until
                0x1000190c       0xd8 CMakeFiles/SCTR_EstacionMeteorologica.dir/usr/local/src/rpico/pico-sdk/src/common/pico_time/time.c.o
                0x1000190c                sleep_until
 .text.sleep_ms
                0x100019e4       0x38 CMakeFiles/SCTR_EstacionMeteorologica.dir/usr/local/src/rpico/pico-sdk/src/common/pico_time/time.c.o
                0x100019e4                sleep_ms
 .text.best_effort_wfe_or_timeout
                0x10001a1c       0xf8 CMakeFiles/SCTR_EstacionMeteorologica.dir/usr/local/src/rpico/pico-sdk/src/common/pico_time/time.c.o
                0x10001a1c                best_effort_wfe_or_timeout
 .text.timer_hardware_alarm_claim
                0x10001b14       0x14 CMakeFiles/SCTR_EstacionMeteorologica.dir/usr/local/src/rpico/pico-sdk/src/rp2_common/hardware_timer/timer.c.o
                0x10001b14                timer_hardware_alarm_claim
 .text.timer_time_us_64
                0x10001b28       0x10 CMakeFiles/SCTR_EstacionMeteorologica.dir/usr/local/src/rpico/pico-sdk/src/rp2_common/hardware_timer/timer.c.o
                0x10001b28                timer_time_us_64
 .text.time_us_64
                0x10001b38       0x14 CMakeFiles/SCTR_EstacionMeteorologica.dir/usr/local/src/rpico/pico-sdk/src/rp2_common/hardware_timer/timer.c.o
                0x10001b38                time_us_64
 .text.busy_wait_until
                0x10001b4c       0x20 CMakeFiles/SCTR_EstacionMeteorologica.dir/usr/local/src/rpico/pico-sdk/src/rp2_common/hardware_timer/timer.c.o
                0x10001b4c                busy_wait_until
 .text.clock_configure_int_divider
                0x10001b6c       0xf4 CMakeFiles/SCTR_EstacionMeteorologica.dir/usr/local/src/rpico/pico-sdk/src/rp2_common/hardware_clocks/clocks.c.o
                0x10001b6c                clock_configure_int_divider
 .text.clock_configure_undivided
                0x10001c60       0xe8 CMakeFiles/SCTR_EstacionMeteorologica.dir/usr/local/src/rpico/pico-sdk/src/rp2_common/hardware_clocks/clocks.c.o
                0x10001c60                clock_configure_undivided
 .text.clock_get_hz
                0x10001d48        0xc CMakeFiles/SCTR_EstacionMeteorologica.dir/usr/local/src/rpico/pico-sdk/src/rp2_common/hardware_clocks/clocks.c.o
                0x10001d48                clock_get_hz
 .text.pll_init
                0x10001d54       0xa4 CMakeFiles/SCTR_EstacionMeteorologica.dir/usr/local/src/rpico/pico-sdk/src/rp2_common/hardware_pll/pll.c.o
                0x10001d54                pll_init
 .text.tick_start
                0x10001df8       0x10 CMakeFiles/SCTR_EstacionMeteorologica.dir/usr/local/src/rpico/pico-sdk/src/rp2_common/hardware_ticks/ticks.c.o
                0x10001df8                tick_start
 .text.rom_func_lookup
                0x10001e08       0x10 CMakeFiles/SCTR_EstacionMeteorologica.dir/usr/local/src/rpico/pico-sdk/src/rp2_common/pico_bootrom/bootrom.c.o
                0x10001e08                rom_func_lookup
 .text.rom_data_lookup
                0x10001e18       0x10 CMakeFiles/SCTR_EstacionMeteorologica.dir/usr/local/src/rpico/pico-sdk/src/rp2_common/pico_bootrom/bootrom.c.o
                0x10001e18                rom_data_lookup
 .text.rom_funcs_lookup
                0x10001e28       0x44 CMakeFiles/SCTR_EstacionMeteorologica.dir/usr/local/src/rpico/pico-sdk/src/rp2_common/pico_bootrom/bootrom.c.o
                0x10001e28                rom_funcs_lookup
 .text.xosc_init
                0x10001e6c       0x28 CMakeFiles/SCTR_EstacionMeteorologica.dir/usr/local/src/rpico/pico-sdk/src/rp2_common/hardware_xosc/xosc.c.o
                0x10001e6c                xosc_init
 .text.first_per_core_initializer
                0x10001e94        0x4 CMakeFiles/SCTR_EstacionMeteorologica.dir/usr/local/src/rpico/pico-sdk/src/rp2_common/pico_runtime/runtime.c.o
 .text.hard_assertion_failure
                0x10001e98        0xc CMakeFiles/SCTR_EstacionMeteorologica.dir/usr/local/src/rpico/pico-sdk/src/rp2_common/pico_runtime/runtime.c.o
                0x10001e98                hard_assertion_failure
 .text.runtime_run_initializers
                0x10001ea4       0x28 CMakeFiles/SCTR_EstacionMeteorologica.dir/usr/local/src/rpico/pico-sdk/src/rp2_common/pico_runtime/runtime.c.o
                0x10001ea4                runtime_run_initializers
 .text.runtime_init_early_resets
                0x10001ecc       0x2c CMakeFiles/SCTR_EstacionMeteorologica.dir/usr/local/src/rpico/pico-sdk/src/rp2_common/pico_runtime_init/runtime_init.c.o
                0x10001ecc                runtime_init_early_resets
 .text.runtime_init_usb_power_down
                0x10001ef8       0x1c CMakeFiles/SCTR_EstacionMeteorologica.dir/usr/local/src/rpico/pico-sdk/src/rp2_common/pico_runtime_init/runtime_init.c.o
                0x10001ef8                runtime_init_usb_power_down
 .text.runtime_init_post_clock_resets
                0x10001f14       0x20 CMakeFiles/SCTR_EstacionMeteorologica.dir/usr/local/src/rpico/pico-sdk/src/rp2_common/pico_runtime_init/runtime_init.c.o
                0x10001f14                runtime_init_post_clock_resets
 .text.runtime_init_rp2040_gpio_ie_disable
                0x10001f34       0x14 CMakeFiles/SCTR_EstacionMeteorologica.dir/usr/local/src/rpico/pico-sdk/src/rp2_common/pico_runtime_init/runtime_init.c.o
                0x10001f34                runtime_init_rp2040_gpio_ie_disable
 .text.runtime_init_spin_locks_reset
                0x10001f48        0x8 CMakeFiles/SCTR_EstacionMeteorologica.dir/usr/local/src/rpico/pico-sdk/src/rp2_common/pico_runtime_init/runtime_init.c.o
                0x10001f48                runtime_init_spin_locks_reset
 .text.runtime_init_install_ram_vector_table
                0x10001f50       0xb4 CMakeFiles/SCTR_EstacionMeteorologica.dir/usr/local/src/rpico/pico-sdk/src/rp2_common/pico_runtime_init/runtime_init.c.o
                0x10001f50                runtime_init_install_ram_vector_table
 .text.runtime_init_clocks
                0x10002004       0xd8 CMakeFiles/SCTR_EstacionMeteorologica.dir/usr/local/src/rpico/pico-sdk/src/rp2_common/pico_runtime_init/runtime_init_clocks.c.o
                0x10002004                runtime_init_clocks
 .text          0x100020dc       0x10 CMakeFiles/SCTR_EstacionMeteorologica.dir/usr/local/src/rpico/pico-sdk/src/rp2_common/pico_bit_ops/bit_ops_aeabi.S.o
 .text.__wrap___aeabi_idiv
                0x100020ec       0x50 CMakeFiles/SCTR_EstacionMeteorologica.dir/usr/local/src/rpico/pico-sdk/src/rp2_common/pico_divider/divider_hardware.S.o
                0x100020ec                __wrap___aeabi_idivmod
                0x100020ec                divmod_s32s32
                0x100020ec                div_s32s32
                0x100020ec                __wrap___aeabi_idiv
                0x100020f4                divmod_s32s32_unsafe
                0x10002120                divmod_s32s32_savestate
 .text.__wrap___aeabi_uidiv
                0x1000213c       0x4c CMakeFiles/SCTR_EstacionMeteorologica.dir/usr/local/src/rpico/pico-sdk/src/rp2_common/pico_divider/divider_hardware.S.o
                0x1000213c                __wrap___aeabi_uidiv
                0x1000213c                __wrap___aeabi_uidivmod
                0x1000213c                div_u32u32
                0x1000213c                divmod_u32u32
                0x10002144                divmod_u32u32_unsafe
                0x1000216c                divmod_u32u32_savestate
 .text.__wrap___aeabi_ldiv
                0x10002188      0x424 CMakeFiles/SCTR_EstacionMeteorologica.dir/usr/local/src/rpico/pico-sdk/src/rp2_common/pico_divider/divider_hardware.S.o
                0x10002188                div_s64s64
                0x10002188                divmod_s64s64
                0x10002188                __wrap___aeabi_ldivmod
                0x100021b8                div_u64u64
                0x100021b8                divmod_u64u64
                0x100021b8                __wrap___aeabi_uldivmod
                0x100021c8                divmod_u64u64_savestate
                0x100021e8                divmod_s64s64_unsafe
                0x10002270                divmod_u64u64_unsafe
 .text.__wrap___aeabi_darithmetic
                0x100025ac       0x80 CMakeFiles/SCTR_EstacionMeteorologica.dir/usr/local/src/rpico/pico-sdk/src/rp2_common/pico_double/double_aeabi_rp2040.S.o
                0x100025ac                __wrap___aeabi_drsub
                0x100025b2                __wrap___aeabi_dsub
                0x100025c4                __wrap___aeabi_dadd
                0x100025d6                __wrap___aeabi_ddiv
                0x10002612                __wrap___aeabi_dmul
 .text.__wrap___aeabi_cdcmple
                0x1000262c       0x6c CMakeFiles/SCTR_EstacionMeteorologica.dir/usr/local/src/rpico/pico-sdk/src/rp2_common/pico_double/double_aeabi_rp2040.S.o
                0x1000262c                __wrap___aeabi_cdrcmple
                0x1000263c                __wrap___aeabi_cdcmple
                0x1000263c                __wrap___aeabi_cdcmpeq
 .text.__wrap___aeabi_dcmplt
                0x10002698        0xc CMakeFiles/SCTR_EstacionMeteorologica.dir/usr/local/src/rpico/pico-sdk/src/rp2_common/pico_double/double_aeabi_rp2040.S.o
                0x10002698                __wrap___aeabi_dcmplt
 .text.__wrap___aeabi_dcmpge
                0x100026a4       0x10 CMakeFiles/SCTR_EstacionMeteorologica.dir/usr/local/src/rpico/pico-sdk/src/rp2_common/pico_double/double_aeabi_rp2040.S.o
                0x100026a4                __wrap___aeabi_dcmpge
 .text.__wrap___aeabi_dcmpgt
                0x100026b4        0xa CMakeFiles/SCTR_EstacionMeteorologica.dir/usr/local/src/rpico/pico-sdk/src/rp2_common/pico_double/double_aeabi_rp2040.S.o
                0x100026b4                __wrap___aeabi_dcmpgt
 .text.__wrap___aeabi_dcmpun
                0x100026be       0x18 CMakeFiles/SCTR_EstacionMeteorologica.dir/usr/local/src/rpico/pico-sdk/src/rp2_common/pico_double/double_aeabi_rp2040.S.o
                0x100026be                __wrap___aeabi_dcmpun
 *fill*         0x100026d6        0x2 
 .text.__wrap___aeabi_i2d
                0x100026d8       0x38 CMakeFiles/SCTR_EstacionMeteorologica.dir/usr/local/src/rpico/pico-sdk/src/rp2_common/pico_double/double_aeabi_rp2040.S.o
                0x100026d8                __wrap___aeabi_ui2d
                0x100026d8                uint2double
                0x100026e0                __wrap___aeabi_i2d
                0x100026e0                int2double
 .text.__wrap___aeabi_d2iz
                0x10002710       0x48 CMakeFiles/SCTR_EstacionMeteorologica.dir/usr/local/src/rpico/pico-sdk/src/rp2_common/pico_double/double_aeabi_rp2040.S.o
                0x10002710                __wrap___aeabi_d2iz
                0x10002710                double2int_z
 .text.__wrap___aeabi_d2uiz
                0x10002758       0x18 CMakeFiles/SCTR_EstacionMeteorologica.dir/usr/local/src/rpico/pico-sdk/src/rp2_common/pico_double/double_aeabi_rp2040.S.o
                0x10002758                double2uint_z
                0x10002758                double2uint
                0x10002758                __wrap___aeabi_d2uiz
 .text.__wrap___aeabi_d2f
                0x10002770       0x18 CMakeFiles/SCTR_EstacionMeteorologica.dir/usr/local/src/rpico/pico-sdk/src/rp2_common/pico_double/double_aeabi_rp2040.S.o
                0x10002770                __wrap___aeabi_d2f
 .text.__aeabi_double_init
                0x10002788       0xa4 CMakeFiles/SCTR_EstacionMeteorologica.dir/usr/local/src/rpico/pico-sdk/src/rp2_common/pico_double/double_init_rom_rp2040.c.o
                0x10002788                __aeabi_double_init
 .text.double_table_shim_on_use_helper
                0x1000282c       0x2c CMakeFiles/SCTR_EstacionMeteorologica.dir/usr/local/src/rpico/pico-sdk/src/rp2_common/pico_double/double_v1_rom_shim_rp2040.S.o
                0x1000282c                double_table_shim_on_use_helper
 .text.__wrap___aeabi_dsub
                0x10002858       0x10 CMakeFiles/SCTR_EstacionMeteorologica.dir/usr/local/src/rpico/pico-sdk/src/rp2_common/pico_double/double_v1_rom_shim_rp2040.S.o
                0x10002858                drsub_shim
                0x1000285e                dsub_shim
 .text.dadd_shim
                0x10002868      0x15c CMakeFiles/SCTR_EstacionMeteorologica.dir/usr/local/src/rpico/pico-sdk/src/rp2_common/pico_double/double_v1_rom_shim_rp2040.S.o
                0x10002868                dadd_shim
 .text.dmul_shim
                0x100029c4      0x15c CMakeFiles/SCTR_EstacionMeteorologica.dir/usr/local/src/rpico/pico-sdk/src/rp2_common/pico_double/double_v1_rom_shim_rp2040.S.o
                0x100029c4                dmul_shim
 .text.ddiv_shim
                0x10002b20      0x1b0 CMakeFiles/SCTR_EstacionMeteorologica.dir/usr/local/src/rpico/pico-sdk/src/rp2_common/pico_double/double_v1_rom_shim_rp2040.S.o
                0x10002b20                ddiv_shim
 .text.double2uint_shim
                0x10002cd0        0xe CMakeFiles/SCTR_EstacionMeteorologica.dir/usr/local/src/rpico/pico-sdk/src/rp2_common/pico_double/double_v1_rom_shim_rp2040.S.o
                0x10002cd0                double2uint_shim
                0x10002cd2                double2ufix_shim
 *fill*         0x10002cde        0x2 
 .text.double2uint64_shim
                0x10002ce0       0x70 CMakeFiles/SCTR_EstacionMeteorologica.dir/usr/local/src/rpico/pico-sdk/src/rp2_common/pico_double/double_v1_rom_shim_rp2040.S.o
                0x10002ce0                double2uint64_shim
                0x10002ce2                double2ufix64_shim
                0x10002d02                d2fix_a
 .text.double2float_shim
                0x10002d50       0x5c CMakeFiles/SCTR_EstacionMeteorologica.dir/usr/local/src/rpico/pico-sdk/src/rp2_common/pico_double/double_v1_rom_shim_rp2040.S.o
                0x10002d50                double2float_shim
 .text.dunpacks
                0x10002dac       0x3c CMakeFiles/SCTR_EstacionMeteorologica.dir/usr/local/src/rpico/pico-sdk/src/rp2_common/pico_double/double_v1_rom_shim_rp2040.S.o
                0x10002dac                dunpacks
 .text.__aeabi_lmul
                0x10002de8       0x32 CMakeFiles/SCTR_EstacionMeteorologica.dir/usr/local/src/rpico/pico-sdk/src/rp2_common/pico_int64_ops/pico_int64_ops_aeabi.S.o
                0x10002de8                __wrap___aeabi_lmul
 *fill*         0x10002e1a        0x2 
 .text.__wrap___aeabi_farithmetic
                0x10002e1c       0x48 CMakeFiles/SCTR_EstacionMeteorologica.dir/usr/local/src/rpico/pico-sdk/src/rp2_common/pico_float/float_aeabi_rp2040.S.o
                0x10002e1c                __wrap___aeabi_frsub
                0x10002e22                __wrap___aeabi_fsub
                0x10002e28                __wrap___aeabi_fadd
                0x10002e2e                __wrap___aeabi_fdiv
                0x10002e56                __wrap___aeabi_fmul
 .text.__wrap___aeabi_f2uiz
                0x10002e64        0xc CMakeFiles/SCTR_EstacionMeteorologica.dir/usr/local/src/rpico/pico-sdk/src/rp2_common/pico_float/float_aeabi_rp2040.S.o
                0x10002e64                float2uint
                0x10002e64                float2uint_z
                0x10002e64                __wrap___aeabi_f2uiz
 .text.__wrap___aeabi_f2d
                0x10002e70       0x14 CMakeFiles/SCTR_EstacionMeteorologica.dir/usr/local/src/rpico/pico-sdk/src/rp2_common/pico_float/float_aeabi_rp2040.S.o
                0x10002e70                __wrap___aeabi_f2d
 .text.__wrap_expf
                0x10002e84        0xc CMakeFiles/SCTR_EstacionMeteorologica.dir/usr/local/src/rpico/pico-sdk/src/rp2_common/pico_float/float_aeabi_rp2040.S.o
                0x10002e84                __wrap_expf
 .text.__aeabi_float_init
                0x10002e90       0x64 CMakeFiles/SCTR_EstacionMeteorologica.dir/usr/local/src/rpico/pico-sdk/src/rp2_common/pico_float/float_init_rom_rp2040.c.o
                0x10002e90                __aeabi_float_init
 .text.float_table_shim_on_use_helper
                0x10002ef4       0x2c CMakeFiles/SCTR_EstacionMeteorologica.dir/usr/local/src/rpico/pico-sdk/src/rp2_common/pico_float/float_v1_rom_shim_rp2040.S.o
                0x10002ef4                float_table_shim_on_use_helper
 .text.float2double_shim
                0x10002f20       0x30 CMakeFiles/SCTR_EstacionMeteorologica.dir/usr/local/src/rpico/pico-sdk/src/rp2_common/pico_float/float_v1_rom_shim_rp2040.S.o
                0x10002f20                float2double_shim
 .text.__wrap_malloc
                0x10002f50       0x24 CMakeFiles/SCTR_EstacionMeteorologica.dir/usr/local/src/rpico/pico-sdk/src/rp2_common/pico_malloc/malloc.c.o
                0x10002f50                __wrap_malloc
 .text.__wrap_free
                0x10002f74        0x8 CMakeFiles/SCTR_EstacionMeteorologica.dir/usr/local/src/rpico/pico-sdk/src/rp2_common/pico_malloc/malloc.c.o
                0x10002f74                __wrap_free
 .text          0x10002f7c       0x10 CMakeFiles/SCTR_EstacionMeteorologica.dir/usr/local/src/rpico/pico-sdk/src/rp2_common/pico_mem_ops/mem_ops_aeabi.S.o
                0x10002f7c                __aeabi_mem_init
 .text.memset   0x10002f8c        0xc CMakeFiles/SCTR_EstacionMeteorologica.dir/usr/local/src/rpico/pico-sdk/src/rp2_common/pico_mem_ops/mem_ops_aeabi.S.o
                0x10002f8c                __wrap_memset
 .text.memcpy   0x10002f98        0xc CMakeFiles/SCTR_EstacionMeteorologica.dir/usr/local/src/rpico/pico-sdk/src/rp2_common/pico_mem_ops/mem_ops_aeabi.S.o
                0x10002f98                __wrap___aeabi_memcpy
                0x10002f98                __wrap_memcpy
 .text._out_buffer
                0x10002fa4        0x8 CMakeFiles/SCTR_EstacionMeteorologica.dir/usr/local/src/rpico/pico-sdk/src/rp2_common/pico_printf/printf.c.o
 .text._out_null
                0x10002fac        0x4 CMakeFiles/SCTR_EstacionMeteorologica.dir/usr/local/src/rpico/pico-sdk/src/rp2_common/pico_printf/printf.c.o
 .text._out_rev
                0x10002fb0       0xac CMakeFiles/SCTR_EstacionMeteorologica.dir/usr/local/src/rpico/pico-sdk/src/rp2_common/pico_printf/printf.c.o
 .text._ntoa_format
                0x1000305c      0x250 CMakeFiles/SCTR_EstacionMeteorologica.dir/usr/local/src/rpico/pico-sdk/src/rp2_common/pico_printf/printf.c.o
 .text._out_char
                0x100032ac       0x10 CMakeFiles/SCTR_EstacionMeteorologica.dir/usr/local/src/rpico/pico-sdk/src/rp2_common/pico_printf/printf.c.o
 .text._out_fct
                0x100032bc       0x10 CMakeFiles/SCTR_EstacionMeteorologica.dir/usr/local/src/rpico/pico-sdk/src/rp2_common/pico_printf/printf.c.o
 .text._etoa    0x100032cc      0x464 CMakeFiles/SCTR_EstacionMeteorologica.dir/usr/local/src/rpico/pico-sdk/src/rp2_common/pico_printf/printf.c.o
 .text._ftoa    0x10003730      0x3c0 CMakeFiles/SCTR_EstacionMeteorologica.dir/usr/local/src/rpico/pico-sdk/src/rp2_common/pico_printf/printf.c.o
 .text._vsnprintf
                0x10003af0      0xbc8 CMakeFiles/SCTR_EstacionMeteorologica.dir/usr/local/src/rpico/pico-sdk/src/rp2_common/pico_printf/printf.c.o
 .text.__wrap_snprintf
                0x100046b8       0x28 CMakeFiles/SCTR_EstacionMeteorologica.dir/usr/local/src/rpico/pico-sdk/src/rp2_common/pico_printf/printf.c.o
                0x100046b8                __wrap_snprintf
 .text.vfctprintf
                0x100046e0       0x20 CMakeFiles/SCTR_EstacionMeteorologica.dir/usr/local/src/rpico/pico-sdk/src/rp2_common/pico_printf/printf.c.o
                0x100046e0                vfctprintf
 .text.weak_raw_vprintf
                0x10004700       0x30 CMakeFiles/SCTR_EstacionMeteorologica.dir/usr/local/src/rpico/pico-sdk/src/rp2_common/pico_printf/printf.c.o
                0x10004700                weak_raw_vprintf
 .text._exit    0x10004730        0x4 CMakeFiles/SCTR_EstacionMeteorologica.dir/usr/local/src/rpico/pico-sdk/src/rp2_common/pico_clib_interface/newlib_interface.c.o
                0x10004730                _exit
 .text._sbrk    0x10004734       0x34 CMakeFiles/SCTR_EstacionMeteorologica.dir/usr/local/src/rpico/pico-sdk/src/rp2_common/pico_clib_interface/newlib_interface.c.o
                0x10004734                _sbrk
 .text._gettimeofday
                0x10004768       0x30 CMakeFiles/SCTR_EstacionMeteorologica.dir/usr/local/src/rpico/pico-sdk/src/rp2_common/pico_clib_interface/newlib_interface.c.o
                0x10004768                _gettimeofday
 .text.exit     0x10004798        0x8 CMakeFiles/SCTR_EstacionMeteorologica.dir/usr/local/src/rpico/pico-sdk/src/rp2_common/pico_clib_interface/newlib_interface.c.o
                0x10004798                exit
 .text.runtime_init
                0x100047a0       0x2c CMakeFiles/SCTR_EstacionMeteorologica.dir/usr/local/src/rpico/pico-sdk/src/rp2_common/pico_clib_interface/newlib_interface.c.o
                0x100047a0                runtime_init
 .text.stdio_out_chars_no_crlf
                0x100047cc       0x10 CMakeFiles/SCTR_EstacionMeteorologica.dir/usr/local/src/rpico/pico-sdk/src/rp2_common/pico_stdio/stdio.c.o
 .text.stdio_out_chars_crlf
                0x100047dc       0x94 CMakeFiles/SCTR_EstacionMeteorologica.dir/usr/local/src/rpico/pico-sdk/src/rp2_common/pico_stdio/stdio.c.o
 .text.stdio_buffered_printer
                0x10004870       0x64 CMakeFiles/SCTR_EstacionMeteorologica.dir/usr/local/src/rpico/pico-sdk/src/rp2_common/pico_stdio/stdio.c.o
 .text.stdio_put_string
                0x100048d4      0x100 CMakeFiles/SCTR_EstacionMeteorologica.dir/usr/local/src/rpico/pico-sdk/src/rp2_common/pico_stdio/stdio.c.o
                0x100048d4                stdio_put_string
 .text.__wrap_putchar
                0x100049d4       0x98 CMakeFiles/SCTR_EstacionMeteorologica.dir/usr/local/src/rpico/pico-sdk/src/rp2_common/pico_stdio/stdio.c.o
                0x100049d4                stdio_putchar
                0x100049d4                __wrap_putchar
 .text.__wrap_puts
                0x10004a6c       0x3c CMakeFiles/SCTR_EstacionMeteorologica.dir/usr/local/src/rpico/pico-sdk/src/rp2_common/pico_stdio/stdio.c.o
                0x10004a6c                __wrap_puts
                0x10004a6c                stdio_puts
 .text.__wrap_vprintf
                0x10004aa8       0xd4 CMakeFiles/SCTR_EstacionMeteorologica.dir/usr/local/src/rpico/pico-sdk/src/rp2_common/pico_stdio/stdio.c.o
                0x10004aa8                __wrap_vprintf
                0x10004aa8                stdio_vprintf
 .text.__wrap_printf
                0x10004b7c       0x18 CMakeFiles/SCTR_EstacionMeteorologica.dir/usr/local/src/rpico/pico-sdk/src/rp2_common/pico_stdio/stdio.c.o
                0x10004b7c                stdio_printf
                0x10004b7c                __wrap_printf
 .text.startup._retrieve_unique_id_on_boot
                0x10004b94       0x10 CMakeFiles/SCTR_EstacionMeteorologica.dir/usr/local/src/rpico/pico-sdk/src/rp2_common/pico_unique_id/unique_id.c.o
 .text.flash_get_unique_id
                0x10004ba4       0x3c CMakeFiles/SCTR_EstacionMeteorologica.dir/usr/local/src/rpico/pico-sdk/src/rp2_common/hardware_flash/flash.c.o
                0x10004ba4                flash_get_unique_id
 .text.i2c_read_blocking_internal.constprop.0
                0x10004be0       0x98 CMakeFiles/SCTR_EstacionMeteorologica.dir/usr/local/src/rpico/pico-sdk/src/rp2_common/hardware_i2c/i2c.c.o
 .text.i2c_write_blocking_internal.constprop.0
                0x10004c78       0xd0 CMakeFiles/SCTR_EstacionMeteorologica.dir/usr/local/src/rpico/pico-sdk/src/rp2_common/hardware_i2c/i2c.c.o
 .text.i2c_set_baudrate
                0x10004d48       0xc0 CMakeFiles/SCTR_EstacionMeteorologica.dir/usr/local/src/rpico/pico-sdk/src/rp2_common/hardware_i2c/i2c.c.o
                0x10004d48                i2c_set_baudrate
 .text.i2c_init
                0x10004e08       0x50 CMakeFiles/SCTR_EstacionMeteorologica.dir/usr/local/src/rpico/pico-sdk/src/rp2_common/hardware_i2c/i2c.c.o
                0x10004e08                i2c_init
 .text.i2c_write_blocking
                0x10004e58       0x14 CMakeFiles/SCTR_EstacionMeteorologica.dir/usr/local/src/rpico/pico-sdk/src/rp2_common/hardware_i2c/i2c.c.o
                0x10004e58                i2c_write_blocking
 .text.i2c_read_blocking
                0x10004e6c       0x14 CMakeFiles/SCTR_EstacionMeteorologica.dir/usr/local/src/rpico/pico-sdk/src/rp2_common/hardware_i2c/i2c.c.o
                0x10004e6c                i2c_read_blocking
 .text          0x10004e80      0x5b4 /usr/lib/gcc/arm-none-eabi/13.2.1/../../../arm-none-eabi/lib/thumb/v6-m/nofp/libg.a(libc_a-mallocr.o)
                0x10004e80                _malloc_r
 .text          0x10005434      0x288 /usr/lib/gcc/arm-none-eabi/13.2.1/../../../arm-none-eabi/lib/thumb/v6-m/nofp/libg.a(libc_a-freer.o)
                0x10005434                _malloc_trim_r
                0x100054e8                _free_r
 .text          0x100056bc       0x28 /usr/lib/gcc/arm-none-eabi/13.2.1/../../../arm-none-eabi/lib/thumb/v6-m/nofp/libg.a(libc_a-malloc.o)
                0x100056bc                malloc
                0x100056d0                free
 .text          0x100056e4       0x1c /usr/lib/gcc/arm-none-eabi/13.2.1/../../../arm-none-eabi/lib/thumb/v6-m/nofp/libg.a(libc_a-sysconf.o)
                0x100056e4                sysconf
 .text          0x10005700        0x8 /usr/lib/gcc/arm-none-eabi/13.2.1/../../../arm-none-eabi/lib/thumb/v6-m/nofp/libg.a(libc_a-mlock.o)
                0x10005700                __malloc_lock
                0x10005704                __malloc_unlock
 .text          0x10005708       0x10 /usr/lib/gcc/arm-none-eabi/13.2.1/../../../arm-none-eabi/lib/thumb/v6-m/nofp/libg.a(libc_a-atexit.o)
                0x10005708                atexit
 .text          0x10005718       0x5c /usr/lib/gcc/arm-none-eabi/13.2.1/../../../arm-none-eabi/lib/thumb/v6-m/nofp/libg.a(libc_a-strlen-stub.o)
                0x10005718                strlen
 .text          0x10005774       0x24 /usr/lib/gcc/arm-none-eabi/13.2.1/../../../arm-none-eabi/lib/thumb/v6-m/nofp/libg.a(libc_a-sbrkr.o)
                0x10005774                _sbrk_r
 .text          0x10005798       0x38 /usr/lib/gcc/arm-none-eabi/13.2.1/../../../arm-none-eabi/lib/thumb/v6-m/nofp/libg.a(libc_a-time.o)
                0x10005798                time
 .text          0x100057d0       0x28 /usr/lib/gcc/arm-none-eabi/13.2.1/../../../arm-none-eabi/lib/thumb/v6-m/nofp/libg.a(libc_a-fini.o)
                0x100057d0                __libc_fini_array
 .text          0x100057f8        0xc /usr/lib/gcc/arm-none-eabi/13.2.1/../../../arm-none-eabi/lib/thumb/v6-m/nofp/libg.a(libc_a-errno.o)
                0x100057f8                __errno
 .text          0x10005804       0x28 /usr/lib/gcc/arm-none-eabi/13.2.1/../../../arm-none-eabi/lib/thumb/v6-m/nofp/libg.a(libc_a-gettimeofdayr.o)
                0x10005804                _gettimeofday_r
 .text          0x1000582c       0x78 /usr/lib/gcc/arm-none-eabi/13.2.1/../../../arm-none-eabi/lib/thumb/v6-m/nofp/libg.a(libc_a-__atexit.o)
                0x1000582c                __register_exitproc
 .text.startup  0x100058a4       0x18 /usr/lib/gcc/arm-none-eabi/13.2.1/../../../arm-none-eabi/lib/thumb/v6-m/nofp/libg.a(libc_a-__call_atexit.o)
 *(.fini)
 .fini          0x100058bc        0x4 /usr/lib/gcc/arm-none-eabi/13.2.1/thumb/v6-m/nofp/crti.o
                0x100058bc                _fini
 .fini.__stub   0x100058c0       0x50 linker stubs
 *crtbegin.o(.ctors)
 *crtbegin?.o(.ctors)
 *(EXCLUDE_FILE(*crtend.o *crtend?.o) .ctors)
 *(SORT_BY_NAME(.ctors.*))
 *(.ctors)
 *crtbegin.o(.dtors)
 *crtbegin?.o(.dtors)
 *(EXCLUDE_FILE(*crtend.o *crtend?.o) .dtors)
 *(SORT_BY_NAME(.dtors.*))
 *(.dtors)
                0x10005910                        . = ALIGN (0x4)
                0x10005910                        PROVIDE (__preinit_array_start = .)
 *(SORT_BY_NAME(.preinit_array.*))
 .preinit_array.00100
                0x10005910        0x4 CMakeFiles/SCTR_EstacionMeteorologica.dir/usr/local/src/rpico/pico-sdk/src/rp2_common/pico_runtime_init/runtime_init.c.o
                0x10005910                __pre_init_runtime_init_early_resets
 .preinit_array.00101
                0x10005914        0x4 CMakeFiles/SCTR_EstacionMeteorologica.dir/usr/local/src/rpico/pico-sdk/src/rp2_common/pico_runtime_init/runtime_init.c.o
                0x10005914                __pre_init_runtime_init_usb_power_down
 .preinit_array.00275
                0x10005918        0x4 CMakeFiles/SCTR_EstacionMeteorologica.dir/usr/local/src/rpico/pico-sdk/src/rp2_common/pico_bit_ops/bit_ops_aeabi.S.o
 .preinit_array.00300
                0x1000591c        0x4 CMakeFiles/SCTR_EstacionMeteorologica.dir/usr/local/src/rpico/pico-sdk/src/rp2_common/pico_mem_ops/mem_ops_aeabi.S.o
 .preinit_array.00350
                0x10005920        0x4 CMakeFiles/SCTR_EstacionMeteorologica.dir/usr/local/src/rpico/pico-sdk/src/rp2_common/pico_double/double_aeabi_rp2040.S.o
 .preinit_array.00350
                0x10005924        0x4 CMakeFiles/SCTR_EstacionMeteorologica.dir/usr/local/src/rpico/pico-sdk/src/rp2_common/pico_float/float_aeabi_rp2040.S.o
 .preinit_array.00500
                0x10005928        0x4 CMakeFiles/SCTR_EstacionMeteorologica.dir/usr/local/src/rpico/pico-sdk/src/rp2_common/pico_runtime_init/runtime_init.c.o
                0x10005928                __pre_init_runtime_init_clocks
 .preinit_array.00600
                0x1000592c        0x4 CMakeFiles/SCTR_EstacionMeteorologica.dir/usr/local/src/rpico/pico-sdk/src/rp2_common/pico_runtime_init/runtime_init.c.o
                0x1000592c                __pre_init_runtime_init_post_clock_resets
 .preinit_array.00700
                0x10005930        0x4 CMakeFiles/SCTR_EstacionMeteorologica.dir/usr/local/src/rpico/pico-sdk/src/rp2_common/pico_runtime_init/runtime_init.c.o
                0x10005930                __pre_init_runtime_init_rp2040_gpio_ie_disable
 .preinit_array.01000
                0x10005934        0x4 CMakeFiles/SCTR_EstacionMeteorologica.dir/usr/local/src/rpico/pico-sdk/src/rp2_common/pico_runtime_init/runtime_init.c.o
                0x10005934                __pre_init_runtime_init_spin_locks_reset
 .preinit_array.01100
                0x10005938        0x4 CMakeFiles/SCTR_EstacionMeteorologica.dir/usr/local/src/rpico/pico-sdk/src/common/pico_sync/mutex.c.o
                0x10005938                __pre_init_runtime_init_mutex
 .preinit_array.10080
                0x1000593c        0x4 CMakeFiles/SCTR_EstacionMeteorologica.dir/usr/local/src/rpico/pico-sdk/src/rp2_common/pico_runtime_init/runtime_init.c.o
                0x1000593c                __pre_init_runtime_init_install_ram_vector_table
 .preinit_array.11000
                0x10005940        0x4 CMakeFiles/SCTR_EstacionMeteorologica.dir/usr/local/src/rpico/pico-sdk/src/common/pico_time/time.c.o
                0x10005940                __pre_init_runtime_init_default_alarm_pool
 .preinit_array.YYYYY
                0x10005944        0x4 CMakeFiles/SCTR_EstacionMeteorologica.dir/usr/local/src/rpico/pico-sdk/src/rp2_common/pico_runtime/runtime.c.o
                0x10005944                __pre_init_first_per_core_initializer
 .preinit_array.ZZZZZ.01200
                0x10005948        0x4 CMakeFiles/SCTR_EstacionMeteorologica.dir/usr/local/src/rpico/pico-sdk/src/rp2_common/hardware_irq/irq.c.o
                0x10005948                __pre_init_runtime_init_per_core_irq_priorities
 *(.preinit_array)
                0x1000594c                        PROVIDE (__preinit_array_end = .)
                0x1000594c                        . = ALIGN (0x4)
                0x1000594c                        PROVIDE (__init_array_start = .)
 *(SORT_BY_NAME(.init_array.*))
 .init_array.00000
                0x1000594c        0x4 /usr/lib/gcc/arm-none-eabi/13.2.1/../../../arm-none-eabi/lib/thumb/v6-m/nofp/libg.a(libc_a-__call_atexit.o)
 .init_array.01000
                0x10005950        0x4 CMakeFiles/SCTR_EstacionMeteorologica.dir/usr/local/src/rpico/pico-sdk/src/rp2_common/pico_unique_id/unique_id.c.o
 *(.init_array)
 .init_array    0x10005954        0x4 /usr/lib/gcc/arm-none-eabi/13.2.1/thumb/v6-m/nofp/crtbegin.o
                0x10005958                        PROVIDE (__init_array_end = .)
                0x10005958                        . = ALIGN (0x4)
                0x10005958                        PROVIDE (__fini_array_start = .)
 *(SORT_BY_NAME(.fini_array.*))
 *(.fini_array)
                0x10005958                        PROVIDE (__fini_array_end = .)
 *(.eh_frame*)
 .eh_frame      0x10005958        0x0 /usr/lib/gcc/arm-none-eabi/13.2.1/thumb/v6-m/nofp/crtbegin.o
                0x10005958                        . = ALIGN (0x4)

.glue_7         0x10005958        0x0
 .glue_7        0x10005958        0x0 linker stubs

.glue_7t        0x10005958        0x0
 .glue_7t       0x10005958        0x0 linker stubs

.vfp11_veneer   0x10005958        0x0
 .vfp11_veneer  0x10005958        0x0 linker stubs

.v4_bx          0x10005958        0x0
 .v4_bx         0x10005958        0x0 linker stubs

.iplt           0x10005958        0x0
 .iplt          0x10005958        0x0 /usr/lib/gcc/arm-none-eabi/13.2.1/thumb/v6-m/nofp/crtbegin.o

.rodata         0x10005958      0x790
 *(EXCLUDE_FILE(*libm.a: *libc.a:*lib_a-mem*.o *libgcc.a:) .rodata*)
 .rodata.trans_temp.str1.4
                0x10005958      0x309 CMakeFiles/SCTR_EstacionMeteorologica.dir/main.c.o
                                 0x37 (size before relaxing)
 .rodata.trans_co2.str1.4
                0x10005c61       0x1e CMakeFiles/SCTR_EstacionMeteorologica.dir/main.c.o
 .rodata.trans_humedad.str1.4
                0x10005c61       0x2b CMakeFiles/SCTR_EstacionMeteorologica.dir/main.c.o
 .rodata.main.str1.4
                0x10005c61       0x6b CMakeFiles/SCTR_EstacionMeteorologica.dir/main.c.o
 *fill*         0x10005c61        0x3 
 .rodata.font   0x10005c64      0x128 CMakeFiles/SCTR_EstacionMeteorologica.dir/ssd1306/ssd1306.c.o
 .rodata.sgp30_iaq_init.str1.4
                0x10005d8c       0x1f CMakeFiles/SCTR_EstacionMeteorologica.dir/sgp30/driver_sgp30.c.o
 .rodata.sgp30_get_iaq_baseline.str1.4
                0x10005d8c       0x62 CMakeFiles/SCTR_EstacionMeteorologica.dir/sgp30/driver_sgp30.c.o
 .rodata.sgp30_set_absolute_humidity.str1.4
                0x10005d8c       0x28 CMakeFiles/SCTR_EstacionMeteorologica.dir/sgp30/driver_sgp30.c.o
 .rodata.sgp30_init.str1.4
                0x10005d8c       0xad CMakeFiles/SCTR_EstacionMeteorologica.dir/sgp30/driver_sgp30.c.o
 .rodata.panic.str1.4
                0x10005d8c       0x12 CMakeFiles/SCTR_EstacionMeteorologica.dir/usr/local/src/rpico/pico-sdk/src/rp2_common/pico_platform_panic/panic.c.o
 .rodata.timer_hardware_alarm_claim.str1.4
                0x10005d8c       0x22 CMakeFiles/SCTR_EstacionMeteorologica.dir/usr/local/src/rpico/pico-sdk/src/rp2_common/hardware_timer/timer.c.o
 .rodata.hard_assertion_failure.str1.4
                0x10005d8c        0xc CMakeFiles/SCTR_EstacionMeteorologica.dir/usr/local/src/rpico/pico-sdk/src/rp2_common/pico_runtime/runtime.c.o
 .rodata.__wrap_malloc.str1.4
                0x10005d8c        0xe CMakeFiles/SCTR_EstacionMeteorologica.dir/usr/local/src/rpico/pico-sdk/src/rp2_common/pico_malloc/malloc.c.o
 .rodata.str1.4
                0x10005d8c       0x50 CMakeFiles/SCTR_EstacionMeteorologica.dir/usr/local/src/rpico/pico-sdk/src/rp2_common/pico_standard_binary_info/standard_binary_info.c.o
 .rodata.__bi_84
                0x10005d8c        0xc CMakeFiles/SCTR_EstacionMeteorologica.dir/usr/local/src/rpico/pico-sdk/src/rp2_common/pico_standard_binary_info/standard_binary_info.c.o
 .rodata.__bi_78
                0x10005d98        0xc CMakeFiles/SCTR_EstacionMeteorologica.dir/usr/local/src/rpico/pico-sdk/src/rp2_common/pico_standard_binary_info/standard_binary_info.c.o
 .rodata.__bi_54
                0x10005da4        0xc CMakeFiles/SCTR_EstacionMeteorologica.dir/usr/local/src/rpico/pico-sdk/src/rp2_common/pico_standard_binary_info/standard_binary_info.c.o
 .rodata.__bi_48
                0x10005db0        0xc CMakeFiles/SCTR_EstacionMeteorologica.dir/usr/local/src/rpico/pico-sdk/src/rp2_common/pico_standard_binary_info/standard_binary_info.c.o
 .rodata.__bi_42
                0x10005dbc        0xc CMakeFiles/SCTR_EstacionMeteorologica.dir/usr/local/src/rpico/pico-sdk/src/rp2_common/pico_standard_binary_info/standard_binary_info.c.o
 .rodata.__bi_34
                0x10005dc8        0xc CMakeFiles/SCTR_EstacionMeteorologica.dir/usr/local/src/rpico/pico-sdk/src/rp2_common/pico_standard_binary_info/standard_binary_info.c.o
 .rodata.__bi_26
                0x10005dd4        0xc CMakeFiles/SCTR_EstacionMeteorologica.dir/usr/local/src/rpico/pico-sdk/src/rp2_common/pico_standard_binary_info/standard_binary_info.c.o
 .rodata._ftoa.str1.4
                0x10005de0       0x15 CMakeFiles/SCTR_EstacionMeteorologica.dir/usr/local/src/rpico/pico-sdk/src/rp2_common/pico_printf/printf.c.o
 .rodata._vsnprintf
                0x10005de0      0x19c CMakeFiles/SCTR_EstacionMeteorologica.dir/usr/local/src/rpico/pico-sdk/src/rp2_common/pico_printf/printf.c.o
 *fill*         0x10005f7c        0x4 
 .rodata.pow10.0
                0x10005f80       0x50 CMakeFiles/SCTR_EstacionMeteorologica.dir/usr/local/src/rpico/pico-sdk/src/rp2_common/pico_printf/printf.c.o
 .rodata.crlf_str.0
                0x10005fd0        0x2 CMakeFiles/SCTR_EstacionMeteorologica.dir/usr/local/src/rpico/pico-sdk/src/rp2_common/pico_stdio/stdio.c.o
 *fill*         0x10005fd2        0x2 
 .rodata        0x10005fd4      0x101 /usr/lib/gcc/arm-none-eabi/13.2.1/../../../arm-none-eabi/lib/thumb/v6-m/nofp/libg.a(libc_a-ctype_.o)
                0x10005fd4                _ctype_
                0x100060d8                        . = ALIGN (0x4)
 *fill*         0x100060d5        0x3 
 *(SORT_BY_ALIGNMENT(SORT_BY_NAME(.flashdata*)))
 .flashdata.    0x100060d8        0xf CMakeFiles/SCTR_EstacionMeteorologica.dir/DHT20/DHT20.c.o
                0x100060e8                        . = ALIGN (0x4)
 *fill*         0x100060e7        0x1 

.ARM.extab
 *(.ARM.extab* .gnu.linkonce.armextab.*)
                0x100060e8                        __exidx_start = .

.ARM.exidx
 *(.ARM.exidx* .gnu.linkonce.armexidx.*)
                0x100060e8                        __exidx_end = .
                0x100060e8                        . = ALIGN (0x4)
                0x100060e8                        __binary_info_start = .

.binary_info    0x100060e8       0x1c
 *(.binary_info.keep.*)
 .binary_info.keep.__bi_ptr84
                0x100060e8        0x4 CMakeFiles/SCTR_EstacionMeteorologica.dir/usr/local/src/rpico/pico-sdk/src/rp2_common/pico_standard_binary_info/standard_binary_info.c.o
 .binary_info.keep.__bi_ptr78
                0x100060ec        0x4 CMakeFiles/SCTR_EstacionMeteorologica.dir/usr/local/src/rpico/pico-sdk/src/rp2_common/pico_standard_binary_info/standard_binary_info.c.o
 .binary_info.keep.__bi_ptr54
                0x100060f0        0x4 CMakeFiles/SCTR_EstacionMeteorologica.dir/usr/local/src/rpico/pico-sdk/src/rp2_common/pico_standard_binary_info/standard_binary_info.c.o
 .binary_info.keep.__bi_ptr48
                0x100060f4        0x4 CMakeFiles/SCTR_EstacionMeteorologica.dir/usr/local/src/rpico/pico-sdk/src/rp2_common/pico_standard_binary_info/standard_binary_info.c.o
 .binary_info.keep.__bi_ptr42
                0x100060f8        0x4 CMakeFiles/SCTR_EstacionMeteorologica.dir/usr/local/src/rpico/pico-sdk/src/rp2_common/pico_standard_binary_info/standard_binary_info.c.o
 .binary_info.keep.__bi_ptr34
                0x100060fc        0x4 CMakeFiles/SCTR_EstacionMeteorologica.dir/usr/local/src/rpico/pico-sdk/src/rp2_common/pico_standard_binary_info/standard_binary_info.c.o
 .binary_info.keep.__bi_ptr26
                0x10006100        0x4 CMakeFiles/SCTR_EstacionMeteorologica.dir/usr/local/src/rpico/pico-sdk/src/rp2_common/pico_standard_binary_info/standard_binary_info.c.o
 *(.binary_info.*)
                0x10006104                        __binary_info_end = .
                0x10006104                        . = ALIGN (0x4)

.ram_vector_table
                0x20000000       0xc0
 *(.ram_vector_table)
 .ram_vector_table
                0x20000000       0xc0 CMakeFiles/SCTR_EstacionMeteorologica.dir/usr/local/src/rpico/pico-sdk/src/rp2_common/pico_runtime_init/runtime_init.c.o
                0x20000000                ram_vector_table

.uninitialized_data
                0x200000c0        0x0
                0x200000c0                        . = ALIGN (0x4)
 *(.uninitialized_data*)

.data           0x200000c0      0x810 load address 0x10006104
                0x200000c0                        __data_start__ = .
 *(vtable)
 *(.time_critical*)
 .time_critical.mutex_try_enter_block_until
                0x200000c0       0x9c CMakeFiles/SCTR_EstacionMeteorologica.dir/usr/local/src/rpico/pico-sdk/src/common/pico_sync/mutex.c.o
                0x200000c0                mutex_try_enter_block_until
 .time_critical.mutex_exit
                0x2000015c       0x28 CMakeFiles/SCTR_EstacionMeteorologica.dir/usr/local/src/rpico/pico-sdk/src/common/pico_sync/mutex.c.o
                0x2000015c                mutex_exit
 .time_critical.flash_init_boot2_copyout
                0x20000184       0x30 CMakeFiles/SCTR_EstacionMeteorologica.dir/usr/local/src/rpico/pico-sdk/src/rp2_common/hardware_flash/flash.c.o
 .time_critical.flash_enable_xip_via_boot2
                0x200001b4        0xc CMakeFiles/SCTR_EstacionMeteorologica.dir/usr/local/src/rpico/pico-sdk/src/rp2_common/hardware_flash/flash.c.o
 .time_critical.flash_save_hardware_state
                0x200001c0       0x20 CMakeFiles/SCTR_EstacionMeteorologica.dir/usr/local/src/rpico/pico-sdk/src/rp2_common/hardware_flash/flash.c.o
 .time_critical.flash_restore_hardware_state
                0x200001e0       0x20 CMakeFiles/SCTR_EstacionMeteorologica.dir/usr/local/src/rpico/pico-sdk/src/rp2_common/hardware_flash/flash.c.o
 .time_critical.flash_cs_force
                0x20000200       0x38 CMakeFiles/SCTR_EstacionMeteorologica.dir/usr/local/src/rpico/pico-sdk/src/rp2_common/hardware_flash/flash.c.o
 .time_critical.flash_do_cmd
                0x20000238       0xd0 CMakeFiles/SCTR_EstacionMeteorologica.dir/usr/local/src/rpico/pico-sdk/src/rp2_common/hardware_flash/flash.c.o
                0x20000238                flash_do_cmd
 *(.text*)
 .text          0x20000308        0x4 /usr/lib/gcc/arm-none-eabi/13.2.1/thumb/v6-m/nofp/libgcc.a(_dvmd_tls.o)
                0x20000308                __aeabi_ldiv0
                0x20000308                __aeabi_idiv0
 *fill*         0x2000030c        0x4 
 .text.__stub   0x20000310       0x10 linker stubs
                0x20000320                        . = ALIGN (0x4)
 *(.rodata*)
                0x20000320                        . = ALIGN (0x4)
 *(.data*)
 .data.trans_table
                0x20000320       0x18 CMakeFiles/SCTR_EstacionMeteorologica.dir/main.c.o
                0x20000320                trans_table
 .data.frame_area
                0x20000338        0x8 CMakeFiles/SCTR_EstacionMeteorologica.dir/main.c.o
                0x20000338                frame_area
 .data.striped_spin_lock_num
                0x20000340        0x1 CMakeFiles/SCTR_EstacionMeteorologica.dir/usr/local/src/rpico/pico-sdk/src/rp2_common/hardware_sync/sync.c.o
 *fill*         0x20000341        0x3 
 .data.default_alarm_pool
                0x20000344       0x18 CMakeFiles/SCTR_EstacionMeteorologica.dir/usr/local/src/rpico/pico-sdk/src/common/pico_time/time.c.o
 *fill*         0x2000035c        0x4 
 .data.aeabi_bits_funcs
                0x20000360       0x10 CMakeFiles/SCTR_EstacionMeteorologica.dir/usr/local/src/rpico/pico-sdk/src/rp2_common/pico_bit_ops/bit_ops_aeabi.S.o
                0x20000360                aeabi_bits_funcs
                0x20000370                aeabi_bits_funcs_end
 .data.aeabi_mem_funcs
                0x20000370       0x10 CMakeFiles/SCTR_EstacionMeteorologica.dir/usr/local/src/rpico/pico-sdk/src/rp2_common/pico_mem_ops/mem_ops_aeabi.S.o
                0x20000370                aeabi_mem_funcs
                0x20000380                aeabi_mem_funcs_end
 .data.i2c1_inst
                0x20000380        0x8 CMakeFiles/SCTR_EstacionMeteorologica.dir/usr/local/src/rpico/pico-sdk/src/rp2_common/hardware_i2c/i2c.c.o
                0x20000380                i2c1_inst
 .data.i2c0_inst
                0x20000388        0x8 CMakeFiles/SCTR_EstacionMeteorologica.dir/usr/local/src/rpico/pico-sdk/src/rp2_common/hardware_i2c/i2c.c.o
                0x20000388                i2c0_inst
 .data          0x20000390      0x128 /usr/lib/gcc/arm-none-eabi/13.2.1/../../../arm-none-eabi/lib/thumb/v6-m/nofp/libg.a(libc_a-impure.o)
                0x20000390                _impure_ptr
                0x20000398                _impure_data
 .data          0x200004b8      0x410 /usr/lib/gcc/arm-none-eabi/13.2.1/../../../arm-none-eabi/lib/thumb/v6-m/nofp/libg.a(libc_a-mallocr.o)
                0x200004b8                __malloc_sbrk_base
                0x200004bc                __malloc_trim_threshold
                0x200004c0                __malloc_av_
                0x200008c8                        . = ALIGN (0x4)
 *(.after_data.*)
                0x200008c8                        . = ALIGN (0x4)
                0x200008c8                        PROVIDE (__mutex_array_start = .)
 *(SORT_BY_NAME(.mutex_array.*))
 *(.mutex_array)
 .mutex_array   0x200008c8        0x8 CMakeFiles/SCTR_EstacionMeteorologica.dir/usr/local/src/rpico/pico-sdk/src/rp2_common/pico_stdio/stdio.c.o
                0x200008d0                        PROVIDE (__mutex_array_end = .)
                0x200008d0                        . = ALIGN (0x4)
 *(.jcr)
                0x200008d0                        . = ALIGN (0x4)

.tm_clone_table
                0x200008d0        0x0 load address 0x10006914
 .tm_clone_table
                0x200008d0        0x0 /usr/lib/gcc/arm-none-eabi/13.2.1/thumb/v6-m/nofp/crtbegin.o
 .tm_clone_table
                0x200008d0        0x0 /usr/lib/gcc/arm-none-eabi/13.2.1/thumb/v6-m/nofp/crtend.o

.igot.plt       0x200008d0        0x0 load address 0x10006914
 .igot.plt      0x200008d0        0x0 /usr/lib/gcc/arm-none-eabi/13.2.1/thumb/v6-m/nofp/crtbegin.o

.tdata          0x200008d0        0x0 load address 0x10006914
                0x200008d0                        . = ALIGN (0x4)
 *(.tdata .tdata.* .gnu.linkonce.td.*)
                0x200008d0                        __tdata_end = .
                0x200008d0                        PROVIDE (__data_end__ = .)
                0x10006104                        __etext = LOADADDR (.data)

.tbss           0x200008d0        0x0 load address 0x10006914
                0x200008d0                        . = ALIGN (0x4)
                0x200008d0                        __bss_start__ = .
                0x200008d0                        __tls_base = .
 *(.tbss .tbss.* .gnu.linkonce.tb.*)
 *(.tcommon)
                0x200008d0                        __tls_end = .

.bss            0x200008d0      0xc0c load address 0x10006914
                0x200008d0                        . = ALIGN (0x4)
                0x200008d0                        __tbss_end = .
 *(SORT_BY_ALIGNMENT(SORT_BY_NAME(.bss*)))
 .bss.default_alarm_pool_entries
                0x200008d0      0x180 CMakeFiles/SCTR_EstacionMeteorologica.dir/usr/local/src/rpico/pico-sdk/src/common/pico_time/time.c.o
 .bss.epoch_time_us_since_boot
                0x20000a50        0x8 CMakeFiles/SCTR_EstacionMeteorologica.dir/usr/local/src/rpico/pico-sdk/src/rp2_common/pico_clib_interface/newlib_interface.c.o
 .bss.sd_table  0x20000a58      0x100 CMakeFiles/SCTR_EstacionMeteorologica.dir/usr/local/src/rpico/pico-sdk/src/rp2_common/pico_double/double_init_rom_rp2040.c.o
                0x20000a58                sd_table
 .bss.sf_table  0x20000b58      0x100 CMakeFiles/SCTR_EstacionMeteorologica.dir/usr/local/src/rpico/pico-sdk/src/rp2_common/pico_float/float_init_rom_rp2040.c.o
                0x20000b58                sf_table
 .bss           0x20000c58       0x1c /usr/lib/gcc/arm-none-eabi/13.2.1/thumb/v6-m/nofp/crtbegin.o
 .bss           0x20000c74       0x34 /usr/lib/gcc/arm-none-eabi/13.2.1/../../../arm-none-eabi/lib/thumb/v6-m/nofp/libg.a(libc_a-mallocr.o)
                0x20000c74                __malloc_top_pad
                0x20000c78                __malloc_current_mallinfo
                0x20000ca0                __malloc_max_sbrked_mem
                0x20000ca4                __malloc_max_total_mem
 .bss           0x20000ca8      0x13c /usr/lib/gcc/arm-none-eabi/13.2.1/../../../arm-none-eabi/lib/thumb/v6-m/nofp/libg.a(libc_a-findfp.o)
                0x20000ca8                __stdio_exit_handler
                0x20000cac                __sf
 .bss           0x20000de4        0x4 /usr/lib/gcc/arm-none-eabi/13.2.1/../../../arm-none-eabi/lib/thumb/v6-m/nofp/libg.a(libc_a-reent.o)
                0x20000de4                errno
 .bss           0x20000de8      0x190 /usr/lib/gcc/arm-none-eabi/13.2.1/../../../arm-none-eabi/lib/thumb/v6-m/nofp/libg.a(libc_a-__atexit.o)
                0x20000de8                __atexit0
 .bss           0x20000f78        0x4 /usr/lib/gcc/arm-none-eabi/13.2.1/../../../arm-none-eabi/lib/thumb/v6-m/nofp/libg.a(libc_a-__call_atexit.o)
                0x20000f78                __atexit
 .bss.boot2_copyout
                0x20000f7c      0x100 CMakeFiles/SCTR_EstacionMeteorologica.dir/usr/local/src/rpico/pico-sdk/src/rp2_common/hardware_flash/flash.c.o
 .bss.claimed   0x2000107c        0x1 CMakeFiles/SCTR_EstacionMeteorologica.dir/usr/local/src/rpico/pico-sdk/src/rp2_common/hardware_timer/timer.c.o
 *fill*         0x2000107d        0x3 
 .bss.configured_freq
                0x20001080       0x28 CMakeFiles/SCTR_EstacionMeteorologica.dir/usr/local/src/rpico/pico-sdk/src/rp2_common/hardware_clocks/clocks.c.o
 .bss.drivers   0x200010a8        0x4 CMakeFiles/SCTR_EstacionMeteorologica.dir/usr/local/src/rpico/pico-sdk/src/rp2_common/pico_stdio/stdio.c.o
 .bss.filter    0x200010ac        0x4 CMakeFiles/SCTR_EstacionMeteorologica.dir/usr/local/src/rpico/pico-sdk/src/rp2_common/pico_stdio/stdio.c.o
 .bss.heap_end.0
                0x200010b0        0x4 CMakeFiles/SCTR_EstacionMeteorologica.dir/usr/local/src/rpico/pico-sdk/src/rp2_common/pico_clib_interface/newlib_interface.c.o
 .bss.lazy_vsnprintf
                0x200010b4        0x4 CMakeFiles/SCTR_EstacionMeteorologica.dir/usr/local/src/rpico/pico-sdk/src/rp2_common/pico_printf/printf.c.o
 .bss.pools     0x200010b8       0x10 CMakeFiles/SCTR_EstacionMeteorologica.dir/usr/local/src/rpico/pico-sdk/src/common/pico_time/time.c.o
 .bss.retrieved_id
                0x200010c8        0x8 CMakeFiles/SCTR_EstacionMeteorologica.dir/usr/local/src/rpico/pico-sdk/src/rp2_common/pico_unique_id/unique_id.c.o
 .bss.sf_clz_func
                0x200010d0        0x4 CMakeFiles/SCTR_EstacionMeteorologica.dir/usr/local/src/rpico/pico-sdk/src/rp2_common/pico_double/double_init_rom_rp2040.c.o
                0x200010d0                sf_clz_func
 .bss.sleep_notifier
                0x200010d4        0x4 CMakeFiles/SCTR_EstacionMeteorologica.dir/usr/local/src/rpico/pico-sdk/src/common/pico_time/time.c.o
 .bss.ssd       0x200010d8      0x400 CMakeFiles/SCTR_EstacionMeteorologica.dir/main.c.o
                0x200010d8                ssd
 .bss.boot2_copyout_valid
                0x200014d8        0x1 CMakeFiles/SCTR_EstacionMeteorologica.dir/usr/local/src/rpico/pico-sdk/src/rp2_common/hardware_flash/flash.c.o
 *(COMMON)
                0x200014dc                        . = ALIGN (0x4)
 *fill*         0x200014d9        0x3 
                0x200014dc                        __bss_end__ = .

.heap           0x200014dc      0x800 load address 0x10006914
                0x200014dc                        __end__ = .
                0x200014dc                        end = __end__
 *(.heap*)
 .heap          0x200014dc      0x800 CMakeFiles/SCTR_EstacionMeteorologica.dir/usr/local/src/rpico/pico-sdk/src/rp2_common/pico_crt0/crt0.S.o
                0x20040000                        __HeapLimit = (ORIGIN (RAM) + LENGTH (RAM))

.scratch_x      0x20040000        0x0 load address 0x10006914
                0x20040000                        __scratch_x_start__ = .
 *(.scratch_x.*)
                0x20040000                        . = ALIGN (0x4)
                0x20040000                        __scratch_x_end__ = .
                0x10006914                        __scratch_x_source__ = LOADADDR (.scratch_x)

.scratch_y      0x20041000        0x0 load address 0x10006914
                0x20041000                        __scratch_y_start__ = .
 *(.scratch_y.*)
                0x20041000                        . = ALIGN (0x4)
                0x20041000                        __scratch_y_end__ = .
                0x10006914                        __scratch_y_source__ = LOADADDR (.scratch_y)

.stack1_dummy
 *(.stack1*)

.stack_dummy    0x20041000      0x800
 *(.stack*)
 .stack         0x20041000      0x800 CMakeFiles/SCTR_EstacionMeteorologica.dir/usr/local/src/rpico/pico-sdk/src/rp2_common/pico_crt0/crt0.S.o

.rel.dyn        0x20041800        0x0
 .rel.iplt      0x20041800        0x0 /usr/lib/gcc/arm-none-eabi/13.2.1/thumb/v6-m/nofp/crtbegin.o

.flash_end      0x10006914        0x0
 *(.embedded_end_block*)
                0x10006914                        PROVIDE (__flash_binary_end = .)
                0x20040000                        __StackLimit = (ORIGIN (RAM) + LENGTH (RAM))
                0x20041000                        __StackOneTop = (ORIGIN (SCRATCH_X) + LENGTH (SCRATCH_X))
                0x20042000                        __StackTop = (ORIGIN (SCRATCH_Y) + LENGTH (SCRATCH_Y))
                0x20041000                        __StackOneBottom = (__StackOneTop - SIZEOF (.stack1_dummy))
                0x20041800                        __StackBottom = (__StackTop - SIZEOF (.stack_dummy))
                0x20042000                        PROVIDE (__stack = __StackTop)
                [!provide]                        PROVIDE (__heap_start = __end__)
                [!provide]                        PROVIDE (__heap_end = __HeapLimit)
                [!provide]                        PROVIDE (__tls_align = MAX (ALIGNOF (.tdata), ALIGNOF (.tbss)))
                [!provide]                        PROVIDE (__tls_size_align = (((__tls_size + __tls_align) - 0x1) & ~ ((__tls_align - 0x1))))
                [!provide]                        PROVIDE (__arm32_tls_tcb_offset = MAX (0x8, __tls_align))
                [!provide]                        PROVIDE (_end = __end__)
                [!provide]                        PROVIDE (__llvm_libc_heap_limit = __HeapLimit)
                0x00000001                        ASSERT ((__StackLimit >= __HeapLimit), region RAM overflowed)
                0x00000001                        ASSERT (((__binary_info_header_end - __logical_binary_start) <= 0x100), Binary info must be in first 256 bytes of the binary)
LOAD CMakeFiles/SCTR_EstacionMeteorologica.dir/main.c.o
LOAD CMakeFiles/SCTR_EstacionMeteorologica.dir/DHT20/DHT20.c.o
LOAD CMakeFiles/SCTR_EstacionMeteorologica.dir/ssd1306/ssd1306.c.o
LOAD CMakeFiles/SCTR_EstacionMeteorologica.dir/sgp30/driver_sgp30.c.o
LOAD CMakeFiles/SCTR_EstacionMeteorologica.dir/usr/local/src/rpico/pico-sdk/src/rp2_common/pico_stdlib/stdlib.c.o
LOAD CMakeFiles/SCTR_EstacionMeteorologica.dir/usr/local/src/rpico/pico-sdk/src/rp2_common/hardware_gpio/gpio.c.o
LOAD CMakeFiles/SCTR_EstacionMeteorologica.dir/usr/local/src/rpico/pico-sdk/src/rp2040/pico_platform/platform.c.o
LOAD CMakeFiles/SCTR_EstacionMeteorologica.dir/usr/local/src/rpico/pico-sdk/src/rp2_common/pico_platform_common/common.c.o
LOAD CMakeFiles/SCTR_EstacionMeteorologica.dir/usr/local/src/rpico/pico-sdk/src/rp2_common/pico_platform_panic/panic.c.o
LOAD CMakeFiles/SCTR_EstacionMeteorologica.dir/usr/local/src/rpico/pico-sdk/src/common/hardware_claim/claim.c.o
LOAD CMakeFiles/SCTR_EstacionMeteorologica.dir/usr/local/src/rpico/pico-sdk/src/rp2_common/hardware_sync/sync.c.o
LOAD CMakeFiles/SCTR_EstacionMeteorologica.dir/usr/local/src/rpico/pico-sdk/src/rp2_common/hardware_sync_spin_lock/sync_spin_lock.c.o
LOAD CMakeFiles/SCTR_EstacionMeteorologica.dir/usr/local/src/rpico/pico-sdk/src/rp2_common/hardware_irq/irq.c.o
LOAD CMakeFiles/SCTR_EstacionMeteorologica.dir/usr/local/src/rpico/pico-sdk/src/rp2_common/hardware_irq/irq_handler_chain.S.o
LOAD CMakeFiles/SCTR_EstacionMeteorologica.dir/usr/local/src/rpico/pico-sdk/src/common/pico_sync/sem.c.o
LOAD CMakeFiles/SCTR_EstacionMeteorologica.dir/usr/local/src/rpico/pico-sdk/src/common/pico_sync/lock_core.c.o
LOAD CMakeFiles/SCTR_EstacionMeteorologica.dir/usr/local/src/rpico/pico-sdk/src/common/pico_sync/mutex.c.o
LOAD CMakeFiles/SCTR_EstacionMeteorologica.dir/usr/local/src/rpico/pico-sdk/src/common/pico_sync/critical_section.c.o
LOAD CMakeFiles/SCTR_EstacionMeteorologica.dir/usr/local/src/rpico/pico-sdk/src/common/pico_time/time.c.o
LOAD CMakeFiles/SCTR_EstacionMeteorologica.dir/usr/local/src/rpico/pico-sdk/src/common/pico_time/timeout_helper.c.o
LOAD CMakeFiles/SCTR_EstacionMeteorologica.dir/usr/local/src/rpico/pico-sdk/src/rp2_common/hardware_timer/timer.c.o
LOAD CMakeFiles/SCTR_EstacionMeteorologica.dir/usr/local/src/rpico/pico-sdk/src/common/pico_util/datetime.c.o
LOAD CMakeFiles/SCTR_EstacionMeteorologica.dir/usr/local/src/rpico/pico-sdk/src/common/pico_util/pheap.c.o
LOAD CMakeFiles/SCTR_EstacionMeteorologica.dir/usr/local/src/rpico/pico-sdk/src/common/pico_util/queue.c.o
LOAD CMakeFiles/SCTR_EstacionMeteorologica.dir/usr/local/src/rpico/pico-sdk/src/rp2_common/hardware_uart/uart.c.o
LOAD CMakeFiles/SCTR_EstacionMeteorologica.dir/usr/local/src/rpico/pico-sdk/src/rp2_common/hardware_clocks/clocks.c.o
LOAD CMakeFiles/SCTR_EstacionMeteorologica.dir/usr/local/src/rpico/pico-sdk/src/rp2_common/hardware_pll/pll.c.o
LOAD CMakeFiles/SCTR_EstacionMeteorologica.dir/usr/local/src/rpico/pico-sdk/src/rp2_common/hardware_vreg/vreg.c.o
LOAD CMakeFiles/SCTR_EstacionMeteorologica.dir/usr/local/src/rpico/pico-sdk/src/rp2_common/hardware_watchdog/watchdog.c.o
LOAD CMakeFiles/SCTR_EstacionMeteorologica.dir/usr/local/src/rpico/pico-sdk/src/rp2_common/hardware_ticks/ticks.c.o
LOAD CMakeFiles/SCTR_EstacionMeteorologica.dir/usr/local/src/rpico/pico-sdk/src/rp2_common/pico_bootrom/bootrom.c.o
LOAD CMakeFiles/SCTR_EstacionMeteorologica.dir/usr/local/src/rpico/pico-sdk/src/rp2_common/pico_bootrom/bootrom_lock.c.o
LOAD CMakeFiles/SCTR_EstacionMeteorologica.dir/usr/local/src/rpico/pico-sdk/src/rp2_common/hardware_boot_lock/boot_lock.c.o
LOAD CMakeFiles/SCTR_EstacionMeteorologica.dir/usr/local/src/rpico/pico-sdk/src/rp2_common/pico_flash/flash.c.o
LOAD CMakeFiles/SCTR_EstacionMeteorologica.dir/usr/local/src/rpico/pico-sdk/src/rp2_common/hardware_xosc/xosc.c.o
LOAD CMakeFiles/SCTR_EstacionMeteorologica.dir/usr/local/src/rpico/pico-sdk/src/rp2_common/hardware_divider/divider.S.o
LOAD CMakeFiles/SCTR_EstacionMeteorologica.dir/usr/local/src/rpico/pico-sdk/src/rp2_common/pico_runtime/runtime.c.o
LOAD CMakeFiles/SCTR_EstacionMeteorologica.dir/usr/local/src/rpico/pico-sdk/src/rp2_common/pico_runtime_init/runtime_init.c.o
LOAD CMakeFiles/SCTR_EstacionMeteorologica.dir/usr/local/src/rpico/pico-sdk/src/rp2_common/pico_runtime_init/runtime_init_clocks.c.o
LOAD CMakeFiles/SCTR_EstacionMeteorologica.dir/usr/local/src/rpico/pico-sdk/src/rp2_common/pico_runtime_init/runtime_init_stack_guard.c.o
LOAD CMakeFiles/SCTR_EstacionMeteorologica.dir/usr/local/src/rpico/pico-sdk/src/rp2_common/pico_bit_ops/bit_ops_aeabi.S.o
LOAD CMakeFiles/SCTR_EstacionMeteorologica.dir/usr/local/src/rpico/pico-sdk/src/rp2_common/pico_divider/divider_hardware.S.o
LOAD CMakeFiles/SCTR_EstacionMeteorologica.dir/usr/local/src/rpico/pico-sdk/src/rp2_common/pico_double/double_aeabi_rp2040.S.o
LOAD CMakeFiles/SCTR_EstacionMeteorologica.dir/usr/local/src/rpico/pico-sdk/src/rp2_common/pico_double/double_init_rom_rp2040.c.o
LOAD CMakeFiles/SCTR_EstacionMeteorologica.dir/usr/local/src/rpico/pico-sdk/src/rp2_common/pico_double/double_math.c.o
LOAD CMakeFiles/SCTR_EstacionMeteorologica.dir/usr/local/src/rpico/pico-sdk/src/rp2_common/pico_double/double_v1_rom_shim_rp2040.S.o
LOAD CMakeFiles/SCTR_EstacionMeteorologica.dir/usr/local/src/rpico/pico-sdk/src/rp2_common/pico_int64_ops/pico_int64_ops_aeabi.S.o
LOAD CMakeFiles/SCTR_EstacionMeteorologica.dir/usr/local/src/rpico/pico-sdk/src/rp2_common/pico_float/float_aeabi_rp2040.S.o
LOAD CMakeFiles/SCTR_EstacionMeteorologica.dir/usr/local/src/rpico/pico-sdk/src/rp2_common/pico_float/float_init_rom_rp2040.c.o
LOAD CMakeFiles/SCTR_EstacionMeteorologica.dir/usr/local/src/rpico/pico-sdk/src/rp2_common/pico_float/float_math.c.o
LOAD CMakeFiles/SCTR_EstacionMeteorologica.dir/usr/local/src/rpico/pico-sdk/src/rp2_common/pico_float/float_v1_rom_shim_rp2040.S.o
LOAD CMakeFiles/SCTR_EstacionMeteorologica.dir/usr/local/src/rpico/pico-sdk/src/rp2_common/pico_malloc/malloc.c.o
LOAD CMakeFiles/SCTR_EstacionMeteorologica.dir/usr/local/src/rpico/pico-sdk/src/rp2_common/pico_mem_ops/mem_ops_aeabi.S.o
LOAD CMakeFiles/SCTR_EstacionMeteorologica.dir/usr/local/src/rpico/pico-sdk/src/rp2_common/pico_atomic/atomic.c.o
LOAD CMakeFiles/SCTR_EstacionMeteorologica.dir/usr/local/src/rpico/pico-sdk/src/rp2_common/pico_cxx_options/new_delete.cpp.o
LOAD CMakeFiles/SCTR_EstacionMeteorologica.dir/usr/local/src/rpico/pico-sdk/src/rp2_common/pico_standard_binary_info/standard_binary_info.c.o
LOAD CMakeFiles/SCTR_EstacionMeteorologica.dir/usr/local/src/rpico/pico-sdk/src/rp2_common/pico_printf/printf.c.o
LOAD CMakeFiles/SCTR_EstacionMeteorologica.dir/usr/local/src/rpico/pico-sdk/src/rp2_common/pico_crt0/crt0.S.o
LOAD CMakeFiles/SCTR_EstacionMeteorologica.dir/usr/local/src/rpico/pico-sdk/src/rp2_common/pico_clib_interface/newlib_interface.c.o
LOAD CMakeFiles/SCTR_EstacionMeteorologica.dir/usr/local/src/rpico/pico-sdk/src/rp2_common/pico_stdio/stdio.c.o
LOAD CMakeFiles/SCTR_EstacionMeteorologica.dir/usr/local/src/rpico/pico-sdk/src/rp2_common/pico_stdio_usb/reset_interface.c.o
LOAD CMakeFiles/SCTR_EstacionMeteorologica.dir/usr/local/src/rpico/pico-sdk/src/rp2_common/pico_stdio_usb/stdio_usb.c.o
LOAD CMakeFiles/SCTR_EstacionMeteorologica.dir/usr/local/src/rpico/pico-sdk/src/rp2_common/pico_stdio_usb/stdio_usb_descriptors.c.o
LOAD CMakeFiles/SCTR_EstacionMeteorologica.dir/usr/local/src/rpico/pico-sdk/src/rp2_common/pico_unique_id/unique_id.c.o
LOAD CMakeFiles/SCTR_EstacionMeteorologica.dir/usr/local/src/rpico/pico-sdk/src/rp2_common/hardware_flash/flash.c.o
LOAD CMakeFiles/SCTR_EstacionMeteorologica.dir/usr/local/src/rpico/pico-sdk/src/rp2_common/hardware_xip_cache/xip_cache.c.o
LOAD CMakeFiles/SCTR_EstacionMeteorologica.dir/usr/local/src/rpico/pico-sdk/lib/tinyusb/src/portable/raspberrypi/rp2040/dcd_rp2040.c.o
LOAD CMakeFiles/SCTR_EstacionMeteorologica.dir/usr/local/src/rpico/pico-sdk/lib/tinyusb/src/portable/raspberrypi/rp2040/rp2040_usb.c.o
LOAD CMakeFiles/SCTR_EstacionMeteorologica.dir/usr/local/src/rpico/pico-sdk/lib/tinyusb/src/device/usbd.c.o
LOAD CMakeFiles/SCTR_EstacionMeteorologica.dir/usr/local/src/rpico/pico-sdk/lib/tinyusb/src/device/usbd_control.c.o
LOAD CMakeFiles/SCTR_EstacionMeteorologica.dir/usr/local/src/rpico/pico-sdk/lib/tinyusb/src/class/audio/audio_device.c.o
LOAD CMakeFiles/SCTR_EstacionMeteorologica.dir/usr/local/src/rpico/pico-sdk/lib/tinyusb/src/class/cdc/cdc_device.c.o
LOAD CMakeFiles/SCTR_EstacionMeteorologica.dir/usr/local/src/rpico/pico-sdk/lib/tinyusb/src/class/dfu/dfu_device.c.o
LOAD CMakeFiles/SCTR_EstacionMeteorologica.dir/usr/local/src/rpico/pico-sdk/lib/tinyusb/src/class/dfu/dfu_rt_device.c.o
LOAD CMakeFiles/SCTR_EstacionMeteorologica.dir/usr/local/src/rpico/pico-sdk/lib/tinyusb/src/class/hid/hid_device.c.o
LOAD CMakeFiles/SCTR_EstacionMeteorologica.dir/usr/local/src/rpico/pico-sdk/lib/tinyusb/src/class/midi/midi_device.c.o
LOAD CMakeFiles/SCTR_EstacionMeteorologica.dir/usr/local/src/rpico/pico-sdk/lib/tinyusb/src/class/msc/msc_device.c.o
LOAD CMakeFiles/SCTR_EstacionMeteorologica.dir/usr/local/src/rpico/pico-sdk/lib/tinyusb/src/class/net/ecm_rndis_device.c.o
LOAD CMakeFiles/SCTR_EstacionMeteorologica.dir/usr/local/src/rpico/pico-sdk/lib/tinyusb/src/class/net/ncm_device.c.o
LOAD CMakeFiles/SCTR_EstacionMeteorologica.dir/usr/local/src/rpico/pico-sdk/lib/tinyusb/src/class/usbtmc/usbtmc_device.c.o
LOAD CMakeFiles/SCTR_EstacionMeteorologica.dir/usr/local/src/rpico/pico-sdk/lib/tinyusb/src/class/vendor/vendor_device.c.o
LOAD CMakeFiles/SCTR_EstacionMeteorologica.dir/usr/local/src/rpico/pico-sdk/lib/tinyusb/src/class/video/video_device.c.o
LOAD CMakeFiles/SCTR_EstacionMeteorologica.dir/usr/local/src/rpico/pico-sdk/lib/tinyusb/src/tusb.c.o
LOAD CMakeFiles/SCTR_EstacionMeteorologica.dir/usr/local/src/rpico/pico-sdk/lib/tinyusb/src/common/tusb_fifo.c.o
LOAD CMakeFiles/SCTR_EstacionMeteorologica.dir/usr/local/src/rpico/pico-sdk/src/rp2_common/pico_fix/rp2040_usb_device_enumeration/rp2040_usb_device_enumeration.c.o
LOAD CMakeFiles/SCTR_EstacionMeteorologica.dir/usr/local/src/rpico/pico-sdk/src/rp2_common/hardware_i2c/i2c.c.o
LOAD CMakeFiles/SCTR_EstacionMeteorologica.dir/usr/local/src/rpico/pico-sdk/src/rp2_common/hardware_adc/adc.c.o
LOAD pico-sdk/src/rp2040/boot_stage2/CMakeFiles/bs2_default_library.dir/bs2_default_padded_checksummed.S.o
LOAD /usr/lib/gcc/arm-none-eabi/13.2.1/../../../arm-none-eabi/lib/thumb/v6-m/nofp/libstdc++.a
LOAD /usr/lib/gcc/arm-none-eabi/13.2.1/../../../arm-none-eabi/lib/thumb/v6-m/nofp/libm.a
START GROUP
LOAD /usr/lib/gcc/arm-none-eabi/13.2.1/thumb/v6-m/nofp/libgcc.a
LOAD /usr/lib/gcc/arm-none-eabi/13.2.1/../../../arm-none-eabi/lib/thumb/v6-m/nofp/libg.a
LOAD /usr/lib/gcc/arm-none-eabi/13.2.1/../../../arm-none-eabi/lib/thumb/v6-m/nofp/libc.a
END GROUP
START GROUP
LOAD /usr/lib/gcc/arm-none-eabi/13.2.1/thumb/v6-m/nofp/libgcc.a
LOAD /usr/lib/gcc/arm-none-eabi/13.2.1/../../../arm-none-eabi/lib/thumb/v6-m/nofp/libc.a
LOAD /usr/lib/gcc/arm-none-eabi/13.2.1/../../../arm-none-eabi/lib/thumb/v6-m/nofp/libnosys.a
END GROUP
LOAD /usr/lib/gcc/arm-none-eabi/13.2.1/thumb/v6-m/nofp/crtend.o
LOAD /usr/lib/gcc/arm-none-eabi/13.2.1/thumb/v6-m/nofp/crtn.o
OUTPUT(SCTR_EstacionMeteorologica.elf elf32-littlearm)
LOAD linker stubs

.ARM.attributes
                0x00000000       0x28
 .ARM.attributes
                0x00000000       0x1e /usr/lib/gcc/arm-none-eabi/13.2.1/thumb/v6-m/nofp/crti.o
 .ARM.attributes
                0x0000001e       0x2c /usr/lib/gcc/arm-none-eabi/13.2.1/thumb/v6-m/nofp/crtbegin.o
 .ARM.attributes
                0x0000004a       0x2c CMakeFiles/SCTR_EstacionMeteorologica.dir/main.c.o
 .ARM.attributes
                0x00000076       0x2c CMakeFiles/SCTR_EstacionMeteorologica.dir/DHT20/DHT20.c.o
 .ARM.attributes
                0x000000a2       0x2c CMakeFiles/SCTR_EstacionMeteorologica.dir/ssd1306/ssd1306.c.o
 .ARM.attributes
                0x000000ce       0x2c CMakeFiles/SCTR_EstacionMeteorologica.dir/sgp30/driver_sgp30.c.o
 .ARM.attributes
                0x000000fa       0x2c CMakeFiles/SCTR_EstacionMeteorologica.dir/usr/local/src/rpico/pico-sdk/src/rp2_common/hardware_gpio/gpio.c.o
 .ARM.attributes
                0x00000126       0x2c CMakeFiles/SCTR_EstacionMeteorologica.dir/usr/local/src/rpico/pico-sdk/src/rp2_common/pico_platform_panic/panic.c.o
 .ARM.attributes
                0x00000152       0x2c CMakeFiles/SCTR_EstacionMeteorologica.dir/usr/local/src/rpico/pico-sdk/src/common/hardware_claim/claim.c.o
 .ARM.attributes
                0x0000017e       0x2c CMakeFiles/SCTR_EstacionMeteorologica.dir/usr/local/src/rpico/pico-sdk/src/rp2_common/hardware_sync/sync.c.o
 .ARM.attributes
                0x000001aa       0x2c CMakeFiles/SCTR_EstacionMeteorologica.dir/usr/local/src/rpico/pico-sdk/src/rp2_common/hardware_sync_spin_lock/sync_spin_lock.c.o
 .ARM.attributes
                0x000001d6       0x2c CMakeFiles/SCTR_EstacionMeteorologica.dir/usr/local/src/rpico/pico-sdk/src/rp2_common/hardware_irq/irq.c.o
 .ARM.attributes
                0x00000202       0x2c CMakeFiles/SCTR_EstacionMeteorologica.dir/usr/local/src/rpico/pico-sdk/src/common/pico_sync/lock_core.c.o
 .ARM.attributes
                0x0000022e       0x2c CMakeFiles/SCTR_EstacionMeteorologica.dir/usr/local/src/rpico/pico-sdk/src/common/pico_sync/mutex.c.o
 .ARM.attributes
                0x0000025a       0x2c CMakeFiles/SCTR_EstacionMeteorologica.dir/usr/local/src/rpico/pico-sdk/src/common/pico_time/time.c.o
 .ARM.attributes
                0x00000286       0x2c CMakeFiles/SCTR_EstacionMeteorologica.dir/usr/local/src/rpico/pico-sdk/src/rp2_common/hardware_timer/timer.c.o
 .ARM.attributes
                0x000002b2       0x2c CMakeFiles/SCTR_EstacionMeteorologica.dir/usr/local/src/rpico/pico-sdk/src/rp2_common/hardware_clocks/clocks.c.o
 .ARM.attributes
                0x000002de       0x2c CMakeFiles/SCTR_EstacionMeteorologica.dir/usr/local/src/rpico/pico-sdk/src/rp2_common/hardware_pll/pll.c.o
 .ARM.attributes
                0x0000030a       0x2c CMakeFiles/SCTR_EstacionMeteorologica.dir/usr/local/src/rpico/pico-sdk/src/rp2_common/hardware_ticks/ticks.c.o
 .ARM.attributes
                0x00000336       0x2c CMakeFiles/SCTR_EstacionMeteorologica.dir/usr/local/src/rpico/pico-sdk/src/rp2_common/pico_bootrom/bootrom.c.o
 .ARM.attributes
                0x00000362       0x2c CMakeFiles/SCTR_EstacionMeteorologica.dir/usr/local/src/rpico/pico-sdk/src/rp2_common/hardware_xosc/xosc.c.o
 .ARM.attributes
                0x0000038e       0x2c CMakeFiles/SCTR_EstacionMeteorologica.dir/usr/local/src/rpico/pico-sdk/src/rp2_common/pico_runtime/runtime.c.o
 .ARM.attributes
                0x000003ba       0x2c CMakeFiles/SCTR_EstacionMeteorologica.dir/usr/local/src/rpico/pico-sdk/src/rp2_common/pico_runtime_init/runtime_init.c.o
 .ARM.attributes
                0x000003e6       0x2c CMakeFiles/SCTR_EstacionMeteorologica.dir/usr/local/src/rpico/pico-sdk/src/rp2_common/pico_runtime_init/runtime_init_clocks.c.o
 .ARM.attributes
                0x00000412       0x22 CMakeFiles/SCTR_EstacionMeteorologica.dir/usr/local/src/rpico/pico-sdk/src/rp2_common/pico_bit_ops/bit_ops_aeabi.S.o
 .ARM.attributes
                0x00000434       0x22 CMakeFiles/SCTR_EstacionMeteorologica.dir/usr/local/src/rpico/pico-sdk/src/rp2_common/pico_divider/divider_hardware.S.o
 .ARM.attributes
                0x00000456       0x22 CMakeFiles/SCTR_EstacionMeteorologica.dir/usr/local/src/rpico/pico-sdk/src/rp2_common/pico_double/double_aeabi_rp2040.S.o
 .ARM.attributes
                0x00000478       0x2c CMakeFiles/SCTR_EstacionMeteorologica.dir/usr/local/src/rpico/pico-sdk/src/rp2_common/pico_double/double_init_rom_rp2040.c.o
 .ARM.attributes
                0x000004a4       0x22 CMakeFiles/SCTR_EstacionMeteorologica.dir/usr/local/src/rpico/pico-sdk/src/rp2_common/pico_double/double_v1_rom_shim_rp2040.S.o
 .ARM.attributes
                0x000004c6       0x22 CMakeFiles/SCTR_EstacionMeteorologica.dir/usr/local/src/rpico/pico-sdk/src/rp2_common/pico_int64_ops/pico_int64_ops_aeabi.S.o
 .ARM.attributes
                0x000004e8       0x22 CMakeFiles/SCTR_EstacionMeteorologica.dir/usr/local/src/rpico/pico-sdk/src/rp2_common/pico_float/float_aeabi_rp2040.S.o
 .ARM.attributes
                0x0000050a       0x2c CMakeFiles/SCTR_EstacionMeteorologica.dir/usr/local/src/rpico/pico-sdk/src/rp2_common/pico_float/float_init_rom_rp2040.c.o
 .ARM.attributes
                0x00000536       0x22 CMakeFiles/SCTR_EstacionMeteorologica.dir/usr/local/src/rpico/pico-sdk/src/rp2_common/pico_float/float_v1_rom_shim_rp2040.S.o
 .ARM.attributes
                0x00000558       0x2c CMakeFiles/SCTR_EstacionMeteorologica.dir/usr/local/src/rpico/pico-sdk/src/rp2_common/pico_malloc/malloc.c.o
 .ARM.attributes
                0x00000584       0x22 CMakeFiles/SCTR_EstacionMeteorologica.dir/usr/local/src/rpico/pico-sdk/src/rp2_common/pico_mem_ops/mem_ops_aeabi.S.o
 .ARM.attributes
                0x000005a6       0x2c CMakeFiles/SCTR_EstacionMeteorologica.dir/usr/local/src/rpico/pico-sdk/src/rp2_common/pico_standard_binary_info/standard_binary_info.c.o
 .ARM.attributes
                0x000005d2       0x2c CMakeFiles/SCTR_EstacionMeteorologica.dir/usr/local/src/rpico/pico-sdk/src/rp2_common/pico_printf/printf.c.o
 .ARM.attributes
                0x000005fe       0x22 CMakeFiles/SCTR_EstacionMeteorologica.dir/usr/local/src/rpico/pico-sdk/src/rp2_common/pico_crt0/crt0.S.o
 .ARM.attributes
                0x00000620       0x2c CMakeFiles/SCTR_EstacionMeteorologica.dir/usr/local/src/rpico/pico-sdk/src/rp2_common/pico_clib_interface/newlib_interface.c.o
 .ARM.attributes
                0x0000064c       0x2c CMakeFiles/SCTR_EstacionMeteorologica.dir/usr/local/src/rpico/pico-sdk/src/rp2_common/pico_stdio/stdio.c.o
 .ARM.attributes
                0x00000678       0x2c CMakeFiles/SCTR_EstacionMeteorologica.dir/usr/local/src/rpico/pico-sdk/src/rp2_common/pico_unique_id/unique_id.c.o
 .ARM.attributes
                0x000006a4       0x2c CMakeFiles/SCTR_EstacionMeteorologica.dir/usr/local/src/rpico/pico-sdk/src/rp2_common/hardware_flash/flash.c.o
 .ARM.attributes
                0x000006d0       0x2c CMakeFiles/SCTR_EstacionMeteorologica.dir/usr/local/src/rpico/pico-sdk/src/rp2_common/hardware_i2c/i2c.c.o
 .ARM.attributes
                0x000006fc       0x22 pico-sdk/src/rp2040/boot_stage2/CMakeFiles/bs2_default_library.dir/bs2_default_padded_checksummed.S.o
 .ARM.attributes
                0x0000071e       0x1e /usr/lib/gcc/arm-none-eabi/13.2.1/thumb/v6-m/nofp/libgcc.a(_dvmd_tls.o)
 .ARM.attributes
                0x0000073c       0x2c /usr/lib/gcc/arm-none-eabi/13.2.1/../../../arm-none-eabi/lib/thumb/v6-m/nofp/libg.a(libc_a-impure.o)
 .ARM.attributes
                0x00000768       0x2c /usr/lib/gcc/arm-none-eabi/13.2.1/../../../arm-none-eabi/lib/thumb/v6-m/nofp/libg.a(libc_a-mallocr.o)
 .ARM.attributes
                0x00000794       0x2c /usr/lib/gcc/arm-none-eabi/13.2.1/../../../arm-none-eabi/lib/thumb/v6-m/nofp/libg.a(libc_a-freer.o)
 .ARM.attributes
                0x000007c0       0x2c /usr/lib/gcc/arm-none-eabi/13.2.1/../../../arm-none-eabi/lib/thumb/v6-m/nofp/libg.a(libc_a-malloc.o)
 .ARM.attributes
                0x000007ec       0x2c /usr/lib/gcc/arm-none-eabi/13.2.1/../../../arm-none-eabi/lib/thumb/v6-m/nofp/libg.a(libc_a-sysconf.o)
 .ARM.attributes
                0x00000818       0x2c /usr/lib/gcc/arm-none-eabi/13.2.1/../../../arm-none-eabi/lib/thumb/v6-m/nofp/libg.a(libc_a-mlock.o)
 .ARM.attributes
                0x00000844       0x2c /usr/lib/gcc/arm-none-eabi/13.2.1/../../../arm-none-eabi/lib/thumb/v6-m/nofp/libg.a(libc_a-findfp.o)
 .ARM.attributes
                0x00000870       0x2c /usr/lib/gcc/arm-none-eabi/13.2.1/../../../arm-none-eabi/lib/thumb/v6-m/nofp/libg.a(libc_a-ctype_.o)
 .ARM.attributes
                0x0000089c       0x2c /usr/lib/gcc/arm-none-eabi/13.2.1/../../../arm-none-eabi/lib/thumb/v6-m/nofp/libg.a(libc_a-atexit.o)
 .ARM.attributes
                0x000008c8       0x2c /usr/lib/gcc/arm-none-eabi/13.2.1/../../../arm-none-eabi/lib/thumb/v6-m/nofp/libg.a(libc_a-strlen-stub.o)
 .ARM.attributes
                0x000008f4       0x2c /usr/lib/gcc/arm-none-eabi/13.2.1/../../../arm-none-eabi/lib/thumb/v6-m/nofp/libg.a(libc_a-sbrkr.o)
 .ARM.attributes
                0x00000920       0x2c /usr/lib/gcc/arm-none-eabi/13.2.1/../../../arm-none-eabi/lib/thumb/v6-m/nofp/libg.a(libc_a-time.o)
 .ARM.attributes
                0x0000094c       0x2c /usr/lib/gcc/arm-none-eabi/13.2.1/../../../arm-none-eabi/lib/thumb/v6-m/nofp/libg.a(libc_a-fini.o)
 .ARM.attributes
                0x00000978       0x2c /usr/lib/gcc/arm-none-eabi/13.2.1/../../../arm-none-eabi/lib/thumb/v6-m/nofp/libg.a(libc_a-errno.o)
 .ARM.attributes
                0x000009a4       0x2c /usr/lib/gcc/arm-none-eabi/13.2.1/../../../arm-none-eabi/lib/thumb/v6-m/nofp/libg.a(libc_a-gettimeofdayr.o)
 .ARM.attributes
                0x000009d0       0x2c /usr/lib/gcc/arm-none-eabi/13.2.1/../../../arm-none-eabi/lib/thumb/v6-m/nofp/libg.a(libc_a-reent.o)
 .ARM.attributes
                0x000009fc       0x2c /usr/lib/gcc/arm-none-eabi/13.2.1/../../../arm-none-eabi/lib/thumb/v6-m/nofp/libg.a(libc_a-__atexit.o)
 .ARM.attributes
                0x00000a28       0x2c /usr/lib/gcc/arm-none-eabi/13.2.1/../../../arm-none-eabi/lib/thumb/v6-m/nofp/libg.a(libc_a-__call_atexit.o)
 .ARM.attributes
                0x00000a54       0x2c /usr/lib/gcc/arm-none-eabi/13.2.1/thumb/v6-m/nofp/crtend.o

.comment        0x00000000       0x26
 .comment       0x00000000       0x26 /usr/lib/gcc/arm-none-eabi/13.2.1/thumb/v6-m/nofp/crtbegin.o
                                 0x27 (size before relaxing)
 .comment       0x00000026       0x27 CMakeFiles/SCTR_EstacionMeteorologica.dir/main.c.o
 .comment       0x00000026       0x27 CMakeFiles/SCTR_EstacionMeteorologica.dir/DHT20/DHT20.c.o
 .comment       0x00000026       0x27 CMakeFiles/SCTR_EstacionMeteorologica.dir/ssd1306/ssd1306.c.o
 .comment       0x00000026       0x27 CMakeFiles/SCTR_EstacionMeteorologica.dir/sgp30/driver_sgp30.c.o
 .comment       0x00000026       0x27 CMakeFiles/SCTR_EstacionMeteorologica.dir/usr/local/src/rpico/pico-sdk/src/rp2_common/hardware_gpio/gpio.c.o
 .comment       0x00000026       0x27 CMakeFiles/SCTR_EstacionMeteorologica.dir/usr/local/src/rpico/pico-sdk/src/rp2_common/pico_platform_panic/panic.c.o
 .comment       0x00000026       0x27 CMakeFiles/SCTR_EstacionMeteorologica.dir/usr/local/src/rpico/pico-sdk/src/common/hardware_claim/claim.c.o
 .comment       0x00000026       0x27 CMakeFiles/SCTR_EstacionMeteorologica.dir/usr/local/src/rpico/pico-sdk/src/rp2_common/hardware_sync/sync.c.o
 .comment       0x00000026       0x27 CMakeFiles/SCTR_EstacionMeteorologica.dir/usr/local/src/rpico/pico-sdk/src/rp2_common/hardware_sync_spin_lock/sync_spin_lock.c.o
 .comment       0x00000026       0x27 CMakeFiles/SCTR_EstacionMeteorologica.dir/usr/local/src/rpico/pico-sdk/src/rp2_common/hardware_irq/irq.c.o
 .comment       0x00000026       0x27 CMakeFiles/SCTR_EstacionMeteorologica.dir/usr/local/src/rpico/pico-sdk/src/common/pico_sync/lock_core.c.o
 .comment       0x00000026       0x27 CMakeFiles/SCTR_EstacionMeteorologica.dir/usr/local/src/rpico/pico-sdk/src/common/pico_sync/mutex.c.o
 .comment       0x00000026       0x27 CMakeFiles/SCTR_EstacionMeteorologica.dir/usr/local/src/rpico/pico-sdk/src/common/pico_time/time.c.o
 .comment       0x00000026       0x27 CMakeFiles/SCTR_EstacionMeteorologica.dir/usr/local/src/rpico/pico-sdk/src/rp2_common/hardware_timer/timer.c.o
 .comment       0x00000026       0x27 CMakeFiles/SCTR_EstacionMeteorologica.dir/usr/local/src/rpico/pico-sdk/src/rp2_common/hardware_clocks/clocks.c.o
 .comment       0x00000026       0x27 CMakeFiles/SCTR_EstacionMeteorologica.dir/usr/local/src/rpico/pico-sdk/src/rp2_common/hardware_pll/pll.c.o
 .comment       0x00000026       0x27 CMakeFiles/SCTR_EstacionMeteorologica.dir/usr/local/src/rpico/pico-sdk/src/rp2_common/hardware_ticks/ticks.c.o
 .comment       0x00000026       0x27 CMakeFiles/SCTR_EstacionMeteorologica.dir/usr/local/src/rpico/pico-sdk/src/rp2_common/pico_bootrom/bootrom.c.o
 .comment       0x00000026       0x27 CMakeFiles/SCTR_EstacionMeteorologica.dir/usr/local/src/rpico/pico-sdk/src/rp2_common/hardware_xosc/xosc.c.o
 .comment       0x00000026       0x27 CMakeFiles/SCTR_EstacionMeteorologica.dir/usr/local/src/rpico/pico-sdk/src/rp2_common/pico_runtime/runtime.c.o
 .comment       0x00000026       0x27 CMakeFiles/SCTR_EstacionMeteorologica.dir/usr/local/src/rpico/pico-sdk/src/rp2_common/pico_runtime_init/runtime_init.c.o
 .comment       0x00000026       0x27 CMakeFiles/SCTR_EstacionMeteorologica.dir/usr/local/src/rpico/pico-sdk/src/rp2_common/pico_runtime_init/runtime_init_clocks.c.o
 .comment       0x00000026       0x27 CMakeFiles/SCTR_EstacionMeteorologica.dir/usr/local/src/rpico/pico-sdk/src/rp2_common/pico_double/double_init_rom_rp2040.c.o
 .comment       0x00000026       0x27 CMakeFiles/SCTR_EstacionMeteorologica.dir/usr/local/src/rpico/pico-sdk/src/rp2_common/pico_float/float_init_rom_rp2040.c.o
 .comment       0x00000026       0x27 CMakeFiles/SCTR_EstacionMeteorologica.dir/usr/local/src/rpico/pico-sdk/src/rp2_common/pico_malloc/malloc.c.o
 .comment       0x00000026       0x27 CMakeFiles/SCTR_EstacionMeteorologica.dir/usr/local/src/rpico/pico-sdk/src/rp2_common/pico_standard_binary_info/standard_binary_info.c.o
 .comment       0x00000026       0x27 CMakeFiles/SCTR_EstacionMeteorologica.dir/usr/local/src/rpico/pico-sdk/src/rp2_common/pico_printf/printf.c.o
 .comment       0x00000026       0x27 CMakeFiles/SCTR_EstacionMeteorologica.dir/usr/local/src/rpico/pico-sdk/src/rp2_common/pico_clib_interface/newlib_interface.c.o
 .comment       0x00000026       0x27 CMakeFiles/SCTR_EstacionMeteorologica.dir/usr/local/src/rpico/pico-sdk/src/rp2_common/pico_stdio/stdio.c.o
 .comment       0x00000026       0x27 CMakeFiles/SCTR_EstacionMeteorologica.dir/usr/local/src/rpico/pico-sdk/src/rp2_common/pico_unique_id/unique_id.c.o
 .comment       0x00000026       0x27 CMakeFiles/SCTR_EstacionMeteorologica.dir/usr/local/src/rpico/pico-sdk/src/rp2_common/hardware_flash/flash.c.o
 .comment       0x00000026       0x27 CMakeFiles/SCTR_EstacionMeteorologica.dir/usr/local/src/rpico/pico-sdk/src/rp2_common/hardware_i2c/i2c.c.o
 .comment       0x00000026       0x27 /usr/lib/gcc/arm-none-eabi/13.2.1/../../../arm-none-eabi/lib/thumb/v6-m/nofp/libg.a(libc_a-impure.o)
 .comment       0x00000026       0x27 /usr/lib/gcc/arm-none-eabi/13.2.1/../../../arm-none-eabi/lib/thumb/v6-m/nofp/libg.a(libc_a-mallocr.o)
 .comment       0x00000026       0x27 /usr/lib/gcc/arm-none-eabi/13.2.1/../../../arm-none-eabi/lib/thumb/v6-m/nofp/libg.a(libc_a-freer.o)
 .comment       0x00000026       0x27 /usr/lib/gcc/arm-none-eabi/13.2.1/../../../arm-none-eabi/lib/thumb/v6-m/nofp/libg.a(libc_a-malloc.o)
 .comment       0x00000026       0x27 /usr/lib/gcc/arm-none-eabi/13.2.1/../../../arm-none-eabi/lib/thumb/v6-m/nofp/libg.a(libc_a-sysconf.o)
 .comment       0x00000026       0x27 /usr/lib/gcc/arm-none-eabi/13.2.1/../../../arm-none-eabi/lib/thumb/v6-m/nofp/libg.a(libc_a-mlock.o)
 .comment       0x00000026       0x27 /usr/lib/gcc/arm-none-eabi/13.2.1/../../../arm-none-eabi/lib/thumb/v6-m/nofp/libg.a(libc_a-findfp.o)
 .comment       0x00000026       0x27 /usr/lib/gcc/arm-none-eabi/13.2.1/../../../arm-none-eabi/lib/thumb/v6-m/nofp/libg.a(libc_a-ctype_.o)
 .comment       0x00000026       0x27 /usr/lib/gcc/arm-none-eabi/13.2.1/../../../arm-none-eabi/lib/thumb/v6-m/nofp/libg.a(libc_a-atexit.o)
 .comment       0x00000026       0x27 /usr/lib/gcc/arm-none-eabi/13.2.1/../../../arm-none-eabi/lib/thumb/v6-m/nofp/libg.a(libc_a-strlen-stub.o)
 .comment       0x00000026       0x27 /usr/lib/gcc/arm-none-eabi/13.2.1/../../../arm-none-eabi/lib/thumb/v6-m/nofp/libg.a(libc_a-sbrkr.o)
 .comment       0x00000026       0x27 /usr/lib/gcc/arm-none-eabi/13.2.1/../../../arm-none-eabi/lib/thumb/v6-m/nofp/libg.a(libc_a-time.o)